[2021-08-22T19:25:27.597+0000][gc,heap] Heap region size: 1M
[2021-08-22T19:25:27.597+0000][gc,heap,coops] Heap address: 0x00000007c0000000, size: 1024 MB, Compressed Oops mode: Zero based, Oop shift amount: 3
[2021-08-22T19:25:27.607+0000][gc           ] Using G1
[2021-08-22T19:25:27.607+0000][gc,cds       ] Mark closed archive regions in map: [0x00000007fff00000, 0x00000007fff7aff8]
[2021-08-22T19:25:27.607+0000][gc,cds       ] Mark open archive regions in map: [0x00000007ffe00000, 0x00000007ffe50ff8]
[2021-08-22T19:25:27.635+0000][gc           ] Periodic GC disabled
[2021-08-22T19:25:28.844+0000][gc,start     ] GC(0) Pause Young (Normal) (G1 Evacuation Pause)
[2021-08-22T19:25:28.845+0000][gc,task      ] GC(0) Using 4 workers of 4 for evacuation
[2021-08-22T19:25:28.853+0000][gc,phases    ] GC(0)   Pre Evacuate Collection Set: 0.1ms
[2021-08-22T19:25:28.853+0000][gc,phases    ] GC(0)   Merge Heap Roots: 0.0ms
[2021-08-22T19:25:28.853+0000][gc,phases    ] GC(0)   Evacuate Collection Set: 6.2ms
[2021-08-22T19:25:28.853+0000][gc,phases    ] GC(0)   Post Evacuate Collection Set: 1.0ms
[2021-08-22T19:25:28.853+0000][gc,phases    ] GC(0)   Other: 1.8ms
[2021-08-22T19:25:28.853+0000][gc,heap      ] GC(0) Eden regions: 51->0(44)
[2021-08-22T19:25:28.853+0000][gc,heap      ] GC(0) Survivor regions: 0->7(7)
[2021-08-22T19:25:28.853+0000][gc,heap      ] GC(0) Old regions: 0->0
[2021-08-22T19:25:28.853+0000][gc,heap      ] GC(0) Archive regions: 2->2
[2021-08-22T19:25:28.854+0000][gc,heap      ] GC(0) Humongous regions: 0->0
[2021-08-22T19:25:28.854+0000][gc,metaspace ] GC(0) Metaspace: 14607K(15360K)->14607K(15360K) NonClass: 12759K(13312K)->12759K(13312K) Class: 1848K(2048K)->1848K(2048K)
[2021-08-22T19:25:28.854+0000][gc           ] GC(0) Pause Young (Normal) (G1 Evacuation Pause) 51M->7M(1024M) 9.847ms
[2021-08-22T19:25:28.854+0000][gc,cpu       ] GC(0) User=0.01s Sys=0.00s Real=0.01s
[2021-08-22T19:25:29.392+0000][gc,start     ] GC(1) Pause Young (Concurrent Start) (Metadata GC Threshold)
[2021-08-22T19:25:29.392+0000][gc,task      ] GC(1) Using 4 workers of 4 for evacuation
[2021-08-22T19:25:29.399+0000][gc,phases    ] GC(1)   Pre Evacuate Collection Set: 0.1ms
[2021-08-22T19:25:29.400+0000][gc,phases    ] GC(1)   Merge Heap Roots: 0.0ms
[2021-08-22T19:25:29.400+0000][gc,phases    ] GC(1)   Evacuate Collection Set: 6.5ms
[2021-08-22T19:25:29.400+0000][gc,phases    ] GC(1)   Post Evacuate Collection Set: 0.3ms
[2021-08-22T19:25:29.400+0000][gc,phases    ] GC(1)   Other: 0.6ms
[2021-08-22T19:25:29.400+0000][gc,heap      ] GC(1) Eden regions: 25->0(49)
[2021-08-22T19:25:29.400+0000][gc,heap      ] GC(1) Survivor regions: 7->2(7)
[2021-08-22T19:25:29.400+0000][gc,heap      ] GC(1) Old regions: 0->7
[2021-08-22T19:25:29.400+0000][gc,heap      ] GC(1) Archive regions: 2->2
[2021-08-22T19:25:29.400+0000][gc,heap      ] GC(1) Humongous regions: 0->0
[2021-08-22T19:25:29.400+0000][gc,metaspace ] GC(1) Metaspace: 20420K(21248K)->20420K(21248K) NonClass: 17857K(18432K)->17857K(18432K) Class: 2562K(2816K)->2562K(2816K)
[2021-08-22T19:25:29.400+0000][gc           ] GC(1) Pause Young (Concurrent Start) (Metadata GC Threshold) 32M->8M(1024M) 7.782ms
[2021-08-22T19:25:29.400+0000][gc,cpu       ] GC(1) User=0.02s Sys=0.00s Real=0.01s
[2021-08-22T19:25:29.400+0000][gc           ] GC(2) Concurrent Cycle
[2021-08-22T19:25:29.400+0000][gc,marking   ] GC(2) Concurrent Clear Claimed Marks
[2021-08-22T19:25:29.400+0000][gc,marking   ] GC(2) Concurrent Clear Claimed Marks 0.036ms
[2021-08-22T19:25:29.400+0000][gc,marking   ] GC(2) Concurrent Scan Root Regions
[2021-08-22T19:25:29.404+0000][gc,marking   ] GC(2) Concurrent Scan Root Regions 4.338ms
[2021-08-22T19:25:29.404+0000][gc,marking   ] GC(2) Concurrent Mark (1.856s)
[2021-08-22T19:25:29.404+0000][gc,marking   ] GC(2) Concurrent Mark From Roots
[2021-08-22T19:25:29.404+0000][gc,task      ] GC(2) Using 1 workers of 1 for marking
[2021-08-22T19:25:29.405+0000][gc,marking   ] GC(2) Concurrent Mark From Roots 1.193ms
[2021-08-22T19:25:29.405+0000][gc,marking   ] GC(2) Concurrent Preclean
[2021-08-22T19:25:29.405+0000][gc,marking   ] GC(2) Concurrent Preclean 0.021ms
[2021-08-22T19:25:29.405+0000][gc,marking   ] GC(2) Concurrent Mark (1.856s, 1.858s) 1.291ms
[2021-08-22T19:25:29.406+0000][gc,start     ] GC(2) Pause Remark
[2021-08-22T19:25:29.407+0000][gc           ] GC(2) Pause Remark 8M->8M(1024M) 1.104ms
[2021-08-22T19:25:29.407+0000][gc,cpu       ] GC(2) User=0.00s Sys=0.00s Real=0.00s
[2021-08-22T19:25:29.407+0000][gc,marking   ] GC(2) Concurrent Rebuild Remembered Sets
[2021-08-22T19:25:29.410+0000][gc,marking   ] GC(2) Concurrent Rebuild Remembered Sets 3.797ms
[2021-08-22T19:25:29.411+0000][gc,start     ] GC(2) Pause Cleanup
[2021-08-22T19:25:29.411+0000][gc           ] GC(2) Pause Cleanup 8M->8M(1024M) 0.096ms
[2021-08-22T19:25:29.411+0000][gc,cpu       ] GC(2) User=0.00s Sys=0.00s Real=0.00s
[2021-08-22T19:25:29.411+0000][gc,marking   ] GC(2) Concurrent Cleanup for Next Mark
[2021-08-22T19:25:29.419+0000][gc,marking   ] GC(2) Concurrent Cleanup for Next Mark 7.520ms
[2021-08-22T19:25:29.419+0000][gc           ] GC(2) Concurrent Cycle 19.006ms
[2021-08-22T19:25:30.347+0000][gc,start     ] GC(3) Pause Young (Normal) (G1 Evacuation Pause)
[2021-08-22T19:25:30.347+0000][gc,task      ] GC(3) Using 4 workers of 4 for evacuation
[2021-08-22T19:25:30.352+0000][gc,phases    ] GC(3)   Pre Evacuate Collection Set: 0.1ms
[2021-08-22T19:25:30.352+0000][gc,phases    ] GC(3)   Merge Heap Roots: 0.0ms
[2021-08-22T19:25:30.352+0000][gc,phases    ] GC(3)   Evacuate Collection Set: 4.1ms
[2021-08-22T19:25:30.352+0000][gc,phases    ] GC(3)   Post Evacuate Collection Set: 0.3ms
[2021-08-22T19:25:30.352+0000][gc,phases    ] GC(3)   Other: 0.1ms
[2021-08-22T19:25:30.352+0000][gc,heap      ] GC(3) Eden regions: 49->0(47)
[2021-08-22T19:25:30.352+0000][gc,heap      ] GC(3) Survivor regions: 2->4(7)
[2021-08-22T19:25:30.352+0000][gc,heap      ] GC(3) Old regions: 7->7
[2021-08-22T19:25:30.352+0000][gc,heap      ] GC(3) Archive regions: 2->2
[2021-08-22T19:25:30.352+0000][gc,heap      ] GC(3) Humongous regions: 129->129
[2021-08-22T19:25:30.352+0000][gc,metaspace ] GC(3) Metaspace: 28266K(29568K)->28266K(29568K) NonClass: 24847K(25600K)->24847K(25600K) Class: 3419K(3968K)->3419K(3968K)
[2021-08-22T19:25:30.352+0000][gc           ] GC(3) Pause Young (Normal) (G1 Evacuation Pause) 186M->139M(1024M) 4.862ms
[2021-08-22T19:25:30.352+0000][gc,cpu       ] GC(3) User=0.01s Sys=0.00s Real=0.01s
[2021-08-22T19:25:30.808+0000][gc,start     ] GC(4) Pause Young (Concurrent Start) (Metadata GC Threshold)
[2021-08-22T19:25:30.808+0000][gc,task      ] GC(4) Using 4 workers of 4 for evacuation
[2021-08-22T19:25:30.815+0000][gc,phases    ] GC(4)   Pre Evacuate Collection Set: 0.2ms
[2021-08-22T19:25:30.815+0000][gc,phases    ] GC(4)   Merge Heap Roots: 0.0ms
[2021-08-22T19:25:30.815+0000][gc,phases    ] GC(4)   Evacuate Collection Set: 6.2ms
[2021-08-22T19:25:30.815+0000][gc,phases    ] GC(4)   Post Evacuate Collection Set: 0.3ms
[2021-08-22T19:25:30.815+0000][gc,phases    ] GC(4)   Other: 0.3ms
[2021-08-22T19:25:30.815+0000][gc,heap      ] GC(4) Eden regions: 33->0(45)
[2021-08-22T19:25:30.815+0000][gc,heap      ] GC(4) Survivor regions: 4->6(7)
[2021-08-22T19:25:30.815+0000][gc,heap      ] GC(4) Old regions: 7->7
[2021-08-22T19:25:30.815+0000][gc,heap      ] GC(4) Archive regions: 2->2
[2021-08-22T19:25:30.815+0000][gc,heap      ] GC(4) Humongous regions: 129->129
[2021-08-22T19:25:30.815+0000][gc,metaspace ] GC(4) Metaspace: 34187K(35584K)->34187K(35584K) NonClass: 30006K(30720K)->30006K(30720K) Class: 4181K(4864K)->4181K(4864K)
[2021-08-22T19:25:30.815+0000][gc           ] GC(4) Pause Young (Concurrent Start) (Metadata GC Threshold) 172M->142M(1024M) 7.026ms
[2021-08-22T19:25:30.815+0000][gc,cpu       ] GC(4) User=0.02s Sys=0.00s Real=0.01s
[2021-08-22T19:25:30.815+0000][gc           ] GC(5) Concurrent Cycle
[2021-08-22T19:25:30.815+0000][gc,marking   ] GC(5) Concurrent Clear Claimed Marks
[2021-08-22T19:25:30.815+0000][gc,marking   ] GC(5) Concurrent Clear Claimed Marks 0.080ms
[2021-08-22T19:25:30.815+0000][gc,marking   ] GC(5) Concurrent Scan Root Regions
[2021-08-22T19:25:30.822+0000][gc,marking   ] GC(5) Concurrent Scan Root Regions 7.526ms
[2021-08-22T19:25:30.822+0000][gc,marking   ] GC(5) Concurrent Mark (3.275s)
[2021-08-22T19:25:30.822+0000][gc,marking   ] GC(5) Concurrent Mark From Roots
[2021-08-22T19:25:30.822+0000][gc,task      ] GC(5) Using 1 workers of 1 for marking
[2021-08-22T19:25:30.838+0000][gc,marking   ] GC(5) Concurrent Mark From Roots 15.205ms
[2021-08-22T19:25:30.838+0000][gc,marking   ] GC(5) Concurrent Preclean
[2021-08-22T19:25:30.838+0000][gc,marking   ] GC(5) Concurrent Preclean 0.066ms
[2021-08-22T19:25:30.838+0000][gc,marking   ] GC(5) Concurrent Mark (3.275s, 3.290s) 15.347ms
[2021-08-22T19:25:30.838+0000][gc,start     ] GC(5) Pause Remark
[2021-08-22T19:25:30.841+0000][gc           ] GC(5) Pause Remark 145M->145M(1024M) 2.302ms
[2021-08-22T19:25:30.841+0000][gc,cpu       ] GC(5) User=0.00s Sys=0.00s Real=0.01s
[2021-08-22T19:25:30.846+0000][gc,marking   ] GC(5) Concurrent Rebuild Remembered Sets
[2021-08-22T19:25:30.853+0000][gc,marking   ] GC(5) Concurrent Rebuild Remembered Sets 7.156ms
[2021-08-22T19:25:30.854+0000][gc,start     ] GC(5) Pause Cleanup
[2021-08-22T19:25:30.854+0000][gc           ] GC(5) Pause Cleanup 148M->148M(1024M) 0.252ms
[2021-08-22T19:25:30.854+0000][gc,cpu       ] GC(5) User=0.00s Sys=0.00s Real=0.00s
[2021-08-22T19:25:30.864+0000][gc,marking   ] GC(5) Concurrent Cleanup for Next Mark
[2021-08-22T19:25:30.873+0000][gc,marking   ] GC(5) Concurrent Cleanup for Next Mark 8.756ms
[2021-08-22T19:25:30.873+0000][gc           ] GC(5) Concurrent Cycle 58.281ms
[2021-08-22T19:25:59.878+0000][gc,start     ] GC(6) Pause Young (Concurrent Start) (G1 Evacuation Pause)
[2021-08-22T19:25:59.878+0000][gc,task      ] GC(6) Using 4 workers of 4 for evacuation
[2021-08-22T19:25:59.889+0000][gc,phases    ] GC(6)   Pre Evacuate Collection Set: 0.3ms
[2021-08-22T19:25:59.890+0000][gc,phases    ] GC(6)   Merge Heap Roots: 0.1ms
[2021-08-22T19:25:59.890+0000][gc,phases    ] GC(6)   Evacuate Collection Set: 10.3ms
[2021-08-22T19:25:59.890+0000][gc,phases    ] GC(6)   Post Evacuate Collection Set: 0.7ms
[2021-08-22T19:25:59.890+0000][gc,phases    ] GC(6)   Other: 0.5ms
[2021-08-22T19:25:59.890+0000][gc,heap      ] GC(6) Eden regions: 45->0(46)
[2021-08-22T19:25:59.890+0000][gc,heap      ] GC(6) Survivor regions: 6->5(7)
[2021-08-22T19:25:59.890+0000][gc,heap      ] GC(6) Old regions: 7->11
[2021-08-22T19:25:59.890+0000][gc,heap      ] GC(6) Archive regions: 2->2
[2021-08-22T19:25:59.890+0000][gc,heap      ] GC(6) Humongous regions: 339->129
[2021-08-22T19:25:59.890+0000][gc,metaspace ] GC(6) Metaspace: 40802K(43460K)->40802K(43460K) NonClass: 35247K(36608K)->35247K(36608K) Class: 5555K(6852K)->5555K(6852K)
[2021-08-22T19:25:59.890+0000][gc           ] GC(6) Pause Young (Concurrent Start) (G1 Evacuation Pause) 397M->144M(1024M) 12.069ms
[2021-08-22T19:25:59.890+0000][gc,cpu       ] GC(6) User=0.04s Sys=0.01s Real=0.02s
[2021-08-22T19:25:59.890+0000][gc           ] GC(7) Concurrent Cycle
[2021-08-22T19:25:59.890+0000][gc,marking   ] GC(7) Concurrent Clear Claimed Marks
[2021-08-22T19:25:59.890+0000][gc,marking   ] GC(7) Concurrent Clear Claimed Marks 0.198ms
[2021-08-22T19:25:59.890+0000][gc,marking   ] GC(7) Concurrent Scan Root Regions
[2021-08-22T19:25:59.898+0000][gc,marking   ] GC(7) Concurrent Scan Root Regions 8.378ms
[2021-08-22T19:25:59.898+0000][gc,marking   ] GC(7) Concurrent Mark (32.350s)
[2021-08-22T19:25:59.898+0000][gc,marking   ] GC(7) Concurrent Mark From Roots
[2021-08-22T19:25:59.898+0000][gc,task      ] GC(7) Using 1 workers of 1 for marking
[2021-08-22T19:25:59.907+0000][gc,marking   ] GC(7) Concurrent Mark From Roots 8.520ms
[2021-08-22T19:25:59.907+0000][gc,marking   ] GC(7) Concurrent Preclean
[2021-08-22T19:25:59.907+0000][gc,marking   ] GC(7) Concurrent Preclean 0.055ms
[2021-08-22T19:25:59.907+0000][gc,marking   ] GC(7) Concurrent Mark (32.350s, 32.359s) 8.641ms
[2021-08-22T19:25:59.907+0000][gc,start     ] GC(7) Pause Remark
[2021-08-22T19:25:59.909+0000][gc           ] GC(7) Pause Remark 145M->145M(1024M) 2.215ms
[2021-08-22T19:25:59.909+0000][gc,cpu       ] GC(7) User=0.00s Sys=0.00s Real=0.00s
[2021-08-22T19:25:59.909+0000][gc,marking   ] GC(7) Concurrent Rebuild Remembered Sets
[2021-08-22T19:25:59.917+0000][gc,marking   ] GC(7) Concurrent Rebuild Remembered Sets 7.390ms
[2021-08-22T19:25:59.917+0000][gc,start     ] GC(7) Pause Cleanup
[2021-08-22T19:25:59.917+0000][gc           ] GC(7) Pause Cleanup 145M->145M(1024M) 0.122ms
[2021-08-22T19:25:59.917+0000][gc,cpu       ] GC(7) User=0.00s Sys=0.00s Real=0.00s
[2021-08-22T19:25:59.917+0000][gc,marking   ] GC(7) Concurrent Cleanup for Next Mark
[2021-08-22T19:25:59.919+0000][gc,marking   ] GC(7) Concurrent Cleanup for Next Mark 1.855ms
[2021-08-22T19:25:59.919+0000][gc           ] GC(7) Concurrent Cycle 29.560ms
[2021-08-22T19:30:40.992+0000][gc,start     ] GC(8) Pause Young (Normal) (G1 Evacuation Pause)
[2021-08-22T19:30:40.994+0000][gc,task      ] GC(8) Using 4 workers of 4 for evacuation
[2021-08-22T19:30:41.038+0000][gc,mmu       ] GC(8) MMU target violated: 21.0ms (20.0ms/21.0ms)
[2021-08-22T19:30:41.038+0000][gc,phases    ] GC(8)   Pre Evacuate Collection Set: 1.9ms
[2021-08-22T19:30:41.038+0000][gc,phases    ] GC(8)   Merge Heap Roots: 0.2ms
[2021-08-22T19:30:41.038+0000][gc,phases    ] GC(8)   Evacuate Collection Set: 40.5ms
[2021-08-22T19:30:41.038+0000][gc,phases    ] GC(8)   Post Evacuate Collection Set: 1.4ms
[2021-08-22T19:30:41.038+0000][gc,phases    ] GC(8)   Other: 2.1ms
[2021-08-22T19:30:41.038+0000][gc,heap      ] GC(8) Eden regions: 46->0(45)
[2021-08-22T19:30:41.038+0000][gc,heap      ] GC(8) Survivor regions: 5->6(7)
[2021-08-22T19:30:41.038+0000][gc,heap      ] GC(8) Old regions: 11->13
[2021-08-22T19:30:41.038+0000][gc,heap      ] GC(8) Archive regions: 2->2
[2021-08-22T19:30:41.038+0000][gc,heap      ] GC(8) Humongous regions: 129->129
[2021-08-22T19:30:41.038+0000][gc,metaspace ] GC(8) Metaspace: 42558K(45508K)->42558K(45508K) NonClass: 36836K(38400K)->36836K(38400K) Class: 5721K(7108K)->5721K(7108K)
[2021-08-22T19:30:41.038+0000][gc           ] GC(8) Pause Young (Normal) (G1 Evacuation Pause) 190M->147M(1024M) 46.195ms
[2021-08-22T19:30:41.038+0000][gc,cpu       ] GC(8) User=0.05s Sys=0.09s Real=0.04s
[2021-08-22T19:34:58.674+0000][gc,start     ] GC(9) Pause Young (Normal) (G1 Evacuation Pause)
[2021-08-22T19:34:58.675+0000][gc,task      ] GC(9) Using 4 workers of 4 for evacuation
[2021-08-22T19:34:58.700+0000][gc,mmu       ] GC(9) MMU target violated: 21.0ms (20.0ms/21.0ms)
[2021-08-22T19:34:58.700+0000][gc,phases    ] GC(9)   Pre Evacuate Collection Set: 2.4ms
[2021-08-22T19:34:58.700+0000][gc,phases    ] GC(9)   Merge Heap Roots: 0.2ms
[2021-08-22T19:34:58.700+0000][gc,phases    ] GC(9)   Evacuate Collection Set: 21.8ms
[2021-08-22T19:34:58.700+0000][gc,phases    ] GC(9)   Post Evacuate Collection Set: 0.9ms
[2021-08-22T19:34:58.700+0000][gc,phases    ] GC(9)   Other: 1.0ms
[2021-08-22T19:34:58.700+0000][gc,heap      ] GC(9) Eden regions: 45->0(47)
[2021-08-22T19:34:58.700+0000][gc,heap      ] GC(9) Survivor regions: 6->4(7)
[2021-08-22T19:34:58.700+0000][gc,heap      ] GC(9) Old regions: 13->15
[2021-08-22T19:34:58.700+0000][gc,heap      ] GC(9) Archive regions: 2->2
[2021-08-22T19:34:58.700+0000][gc,heap      ] GC(9) Humongous regions: 129->129
[2021-08-22T19:34:58.700+0000][gc,metaspace ] GC(9) Metaspace: 43310K(46404K)->43310K(46404K) NonClass: 37496K(39168K)->37496K(39168K) Class: 5814K(7236K)->5814K(7236K)
[2021-08-22T19:34:58.700+0000][gc           ] GC(9) Pause Young (Normal) (G1 Evacuation Pause) 192M->147M(1024M) 26.348ms
[2021-08-22T19:34:58.700+0000][gc,cpu       ] GC(9) User=0.03s Sys=0.05s Real=0.03s
[2021-08-22T19:35:02.833+0000][gc,heap,exit ] Heap
[2021-08-22T19:35:02.833+0000][gc,heap,exit ]  garbage-first heap   total 1048576K, used 158661K [0x00000007c0000000, 0x0000000800000000)
[2021-08-22T19:35:02.833+0000][gc,heap,exit ]   region size 1024K, 12 young (12288K), 4 survivors (4096K)
[2021-08-22T19:35:02.833+0000][gc,heap,exit ]  Metaspace       used 43758K, capacity 46770K, committed 46916K, reserved 1089536K
[2021-08-22T19:35:02.833+0000][gc,heap,exit ]   class space    used 5940K, capacity 7378K, committed 7492K, reserved 1048576K
