[2021-08-22T19:43:12.173+0000][gc,heap] Heap region size: 1M
[2021-08-22T19:43:12.173+0000][gc,heap,coops] Heap address: 0x00000007c0000000, size: 1024 MB, Compressed Oops mode: Zero based, Oop shift amount: 3
[2021-08-22T19:43:12.182+0000][gc           ] Using G1
[2021-08-22T19:43:12.183+0000][gc,cds       ] Mark closed archive regions in map: [0x00000007fff00000, 0x00000007fff7aff8]
[2021-08-22T19:43:12.183+0000][gc,cds       ] Mark open archive regions in map: [0x00000007ffe00000, 0x00000007ffe50ff8]
[2021-08-22T19:43:12.199+0000][gc           ] Periodic GC disabled
[2021-08-22T19:43:13.291+0000][gc,start     ] GC(0) Pause Young (Normal) (G1 Evacuation Pause)
[2021-08-22T19:43:13.291+0000][gc,task      ] GC(0) Using 4 workers of 4 for evacuation
[2021-08-22T19:43:13.298+0000][gc,phases    ] GC(0)   Pre Evacuate Collection Set: 0.1ms
[2021-08-22T19:43:13.298+0000][gc,phases    ] GC(0)   Merge Heap Roots: 0.1ms
[2021-08-22T19:43:13.298+0000][gc,phases    ] GC(0)   Evacuate Collection Set: 6.5ms
[2021-08-22T19:43:13.298+0000][gc,phases    ] GC(0)   Post Evacuate Collection Set: 0.4ms
[2021-08-22T19:43:13.298+0000][gc,phases    ] GC(0)   Other: 0.5ms
[2021-08-22T19:43:13.298+0000][gc,heap      ] GC(0) Eden regions: 51->0(44)
[2021-08-22T19:43:13.298+0000][gc,heap      ] GC(0) Survivor regions: 0->7(7)
[2021-08-22T19:43:13.298+0000][gc,heap      ] GC(0) Old regions: 0->0
[2021-08-22T19:43:13.298+0000][gc,heap      ] GC(0) Archive regions: 2->2
[2021-08-22T19:43:13.298+0000][gc,heap      ] GC(0) Humongous regions: 0->0
[2021-08-22T19:43:13.298+0000][gc,metaspace ] GC(0) Metaspace: 14661K(15360K)->14661K(15360K) NonClass: 12806K(13312K)->12806K(13312K) Class: 1855K(2048K)->1855K(2048K)
[2021-08-22T19:43:13.298+0000][gc           ] GC(0) Pause Young (Normal) (G1 Evacuation Pause) 51M->7M(1024M) 7.705ms
[2021-08-22T19:43:13.298+0000][gc,cpu       ] GC(0) User=0.02s Sys=0.00s Real=0.00s
[2021-08-22T19:43:13.830+0000][gc,start     ] GC(1) Pause Young (Concurrent Start) (Metadata GC Threshold)
[2021-08-22T19:43:13.831+0000][gc,task      ] GC(1) Using 4 workers of 4 for evacuation
[2021-08-22T19:43:13.838+0000][gc,phases    ] GC(1)   Pre Evacuate Collection Set: 0.1ms
[2021-08-22T19:43:13.838+0000][gc,phases    ] GC(1)   Merge Heap Roots: 0.0ms
[2021-08-22T19:43:13.838+0000][gc,phases    ] GC(1)   Evacuate Collection Set: 7.0ms
[2021-08-22T19:43:13.838+0000][gc,phases    ] GC(1)   Post Evacuate Collection Set: 0.5ms
[2021-08-22T19:43:13.838+0000][gc,phases    ] GC(1)   Other: 0.2ms
[2021-08-22T19:43:13.838+0000][gc,heap      ] GC(1) Eden regions: 25->0(49)
[2021-08-22T19:43:13.838+0000][gc,heap      ] GC(1) Survivor regions: 7->2(7)
[2021-08-22T19:43:13.838+0000][gc,heap      ] GC(1) Old regions: 0->7
[2021-08-22T19:43:13.838+0000][gc,heap      ] GC(1) Archive regions: 2->2
[2021-08-22T19:43:13.838+0000][gc,heap      ] GC(1) Humongous regions: 0->0
[2021-08-22T19:43:13.838+0000][gc,metaspace ] GC(1) Metaspace: 20415K(21248K)->20415K(21248K) NonClass: 17852K(18432K)->17852K(18432K) Class: 2562K(2816K)->2562K(2816K)
[2021-08-22T19:43:13.838+0000][gc           ] GC(1) Pause Young (Concurrent Start) (Metadata GC Threshold) 32M->8M(1024M) 7.991ms
[2021-08-22T19:43:13.838+0000][gc,cpu       ] GC(1) User=0.02s Sys=0.01s Real=0.00s
[2021-08-22T19:43:13.839+0000][gc           ] GC(2) Concurrent Cycle
[2021-08-22T19:43:13.839+0000][gc,marking   ] GC(2) Concurrent Clear Claimed Marks
[2021-08-22T19:43:13.839+0000][gc,marking   ] GC(2) Concurrent Clear Claimed Marks 0.058ms
[2021-08-22T19:43:13.839+0000][gc,marking   ] GC(2) Concurrent Scan Root Regions
[2021-08-22T19:43:13.845+0000][gc,marking   ] GC(2) Concurrent Scan Root Regions 6.127ms
[2021-08-22T19:43:13.845+0000][gc,marking   ] GC(2) Concurrent Mark (1.706s)
[2021-08-22T19:43:13.845+0000][gc,marking   ] GC(2) Concurrent Mark From Roots
[2021-08-22T19:43:13.845+0000][gc,task      ] GC(2) Using 1 workers of 1 for marking
[2021-08-22T19:43:13.847+0000][gc,marking   ] GC(2) Concurrent Mark From Roots 1.923ms
[2021-08-22T19:43:13.847+0000][gc,marking   ] GC(2) Concurrent Preclean
[2021-08-22T19:43:13.847+0000][gc,marking   ] GC(2) Concurrent Preclean 0.030ms
[2021-08-22T19:43:13.847+0000][gc,marking   ] GC(2) Concurrent Mark (1.706s, 1.708s) 2.096ms
[2021-08-22T19:43:13.847+0000][gc,start     ] GC(2) Pause Remark
[2021-08-22T19:43:13.849+0000][gc           ] GC(2) Pause Remark 8M->8M(1024M) 1.693ms
[2021-08-22T19:43:13.849+0000][gc,cpu       ] GC(2) User=0.01s Sys=0.00s Real=0.00s
[2021-08-22T19:43:13.849+0000][gc,marking   ] GC(2) Concurrent Rebuild Remembered Sets
[2021-08-22T19:43:13.854+0000][gc,marking   ] GC(2) Concurrent Rebuild Remembered Sets 5.113ms
[2021-08-22T19:43:13.855+0000][gc,start     ] GC(2) Pause Cleanup
[2021-08-22T19:43:13.855+0000][gc           ] GC(2) Pause Cleanup 8M->8M(1024M) 0.111ms
[2021-08-22T19:43:13.855+0000][gc,cpu       ] GC(2) User=0.00s Sys=0.00s Real=0.00s
[2021-08-22T19:43:13.855+0000][gc,marking   ] GC(2) Concurrent Cleanup for Next Mark
[2021-08-22T19:43:13.867+0000][gc,marking   ] GC(2) Concurrent Cleanup for Next Mark 12.256ms
[2021-08-22T19:43:13.867+0000][gc           ] GC(2) Concurrent Cycle 28.776ms
[2021-08-22T19:43:14.856+0000][gc,start     ] GC(3) Pause Young (Normal) (G1 Evacuation Pause)
[2021-08-22T19:43:14.856+0000][gc,task      ] GC(3) Using 4 workers of 4 for evacuation
[2021-08-22T19:43:14.861+0000][gc,phases    ] GC(3)   Pre Evacuate Collection Set: 0.1ms
[2021-08-22T19:43:14.861+0000][gc,phases    ] GC(3)   Merge Heap Roots: 0.0ms
[2021-08-22T19:43:14.861+0000][gc,phases    ] GC(3)   Evacuate Collection Set: 4.1ms
[2021-08-22T19:43:14.861+0000][gc,phases    ] GC(3)   Post Evacuate Collection Set: 0.3ms
[2021-08-22T19:43:14.861+0000][gc,phases    ] GC(3)   Other: 0.2ms
[2021-08-22T19:43:14.861+0000][gc,heap      ] GC(3) Eden regions: 49->0(47)
[2021-08-22T19:43:14.861+0000][gc,heap      ] GC(3) Survivor regions: 2->4(7)
[2021-08-22T19:43:14.861+0000][gc,heap      ] GC(3) Old regions: 7->7
[2021-08-22T19:43:14.861+0000][gc,heap      ] GC(3) Archive regions: 2->2
[2021-08-22T19:43:14.861+0000][gc,heap      ] GC(3) Humongous regions: 129->129
[2021-08-22T19:43:14.861+0000][gc,metaspace ] GC(3) Metaspace: 28272K(29568K)->28272K(29568K) NonClass: 24853K(25600K)->24853K(25600K) Class: 3419K(3968K)->3419K(3968K)
[2021-08-22T19:43:14.861+0000][gc           ] GC(3) Pause Young (Normal) (G1 Evacuation Pause) 186M->139M(1024M) 4.941ms
[2021-08-22T19:43:14.861+0000][gc,cpu       ] GC(3) User=0.02s Sys=0.00s Real=0.01s
[2021-08-22T19:43:15.362+0000][gc,start     ] GC(4) Pause Young (Concurrent Start) (Metadata GC Threshold)
[2021-08-22T19:43:15.362+0000][gc,task      ] GC(4) Using 4 workers of 4 for evacuation
[2021-08-22T19:43:15.371+0000][gc,phases    ] GC(4)   Pre Evacuate Collection Set: 0.2ms
[2021-08-22T19:43:15.371+0000][gc,phases    ] GC(4)   Merge Heap Roots: 0.1ms
[2021-08-22T19:43:15.371+0000][gc,phases    ] GC(4)   Evacuate Collection Set: 8.4ms
[2021-08-22T19:43:15.371+0000][gc,phases    ] GC(4)   Post Evacuate Collection Set: 0.4ms
[2021-08-22T19:43:15.371+0000][gc,phases    ] GC(4)   Other: 0.2ms
[2021-08-22T19:43:15.371+0000][gc,heap      ] GC(4) Eden regions: 32->0(45)
[2021-08-22T19:43:15.371+0000][gc,heap      ] GC(4) Survivor regions: 4->6(7)
[2021-08-22T19:43:15.371+0000][gc,heap      ] GC(4) Old regions: 7->7
[2021-08-22T19:43:15.371+0000][gc,heap      ] GC(4) Archive regions: 2->2
[2021-08-22T19:43:15.371+0000][gc,heap      ] GC(4) Humongous regions: 129->129
[2021-08-22T19:43:15.371+0000][gc,metaspace ] GC(4) Metaspace: 34152K(35584K)->34152K(35584K) NonClass: 29980K(30720K)->29980K(30720K) Class: 4171K(4864K)->4171K(4864K)
[2021-08-22T19:43:15.371+0000][gc           ] GC(4) Pause Young (Concurrent Start) (Metadata GC Threshold) 171M->142M(1024M) 9.401ms
[2021-08-22T19:43:15.371+0000][gc,cpu       ] GC(4) User=0.03s Sys=0.01s Real=0.01s
[2021-08-22T19:43:15.371+0000][gc           ] GC(5) Concurrent Cycle
[2021-08-22T19:43:15.371+0000][gc,marking   ] GC(5) Concurrent Clear Claimed Marks
[2021-08-22T19:43:15.371+0000][gc,marking   ] GC(5) Concurrent Clear Claimed Marks 0.099ms
[2021-08-22T19:43:15.371+0000][gc,marking   ] GC(5) Concurrent Scan Root Regions
[2021-08-22T19:43:15.380+0000][gc,marking   ] GC(5) Concurrent Scan Root Regions 8.783ms
[2021-08-22T19:43:15.380+0000][gc,marking   ] GC(5) Concurrent Mark (3.241s)
[2021-08-22T19:43:15.380+0000][gc,marking   ] GC(5) Concurrent Mark From Roots
[2021-08-22T19:43:15.380+0000][gc,task      ] GC(5) Using 1 workers of 1 for marking
[2021-08-22T19:43:15.394+0000][gc,marking   ] GC(5) Concurrent Mark From Roots 14.068ms
[2021-08-22T19:43:15.394+0000][gc,marking   ] GC(5) Concurrent Preclean
[2021-08-22T19:43:15.394+0000][gc,marking   ] GC(5) Concurrent Preclean 0.068ms
[2021-08-22T19:43:15.394+0000][gc,marking   ] GC(5) Concurrent Mark (3.241s, 3.255s) 14.208ms
[2021-08-22T19:43:15.395+0000][gc,start     ] GC(5) Pause Remark
[2021-08-22T19:43:15.398+0000][gc           ] GC(5) Pause Remark 145M->145M(1024M) 3.335ms
[2021-08-22T19:43:15.398+0000][gc,cpu       ] GC(5) User=0.01s Sys=0.00s Real=0.00s
[2021-08-22T19:43:15.401+0000][gc,marking   ] GC(5) Concurrent Rebuild Remembered Sets
[2021-08-22T19:43:15.410+0000][gc,marking   ] GC(5) Concurrent Rebuild Remembered Sets 8.748ms
[2021-08-22T19:43:15.410+0000][gc,start     ] GC(5) Pause Cleanup
[2021-08-22T19:43:15.410+0000][gc           ] GC(5) Pause Cleanup 147M->147M(1024M) 0.168ms
[2021-08-22T19:43:15.410+0000][gc,cpu       ] GC(5) User=0.00s Sys=0.00s Real=0.00s
[2021-08-22T19:43:15.414+0000][gc,marking   ] GC(5) Concurrent Cleanup for Next Mark
[2021-08-22T19:43:15.425+0000][gc,marking   ] GC(5) Concurrent Cleanup for Next Mark 10.720ms
[2021-08-22T19:43:15.425+0000][gc           ] GC(5) Concurrent Cycle 53.321ms
[2021-08-22T19:43:16.055+0000][gc,start     ] GC(6) Pause Young (Concurrent Start) (G1 Humongous Allocation)
[2021-08-22T19:43:16.056+0000][gc,task      ] GC(6) Using 4 workers of 4 for evacuation
[2021-08-22T19:43:16.071+0000][gc,phases    ] GC(6)   Pre Evacuate Collection Set: 0.3ms
[2021-08-22T19:43:16.071+0000][gc,phases    ] GC(6)   Merge Heap Roots: 0.1ms
[2021-08-22T19:43:16.071+0000][gc,phases    ] GC(6)   Evacuate Collection Set: 14.1ms
[2021-08-22T19:43:16.071+0000][gc,phases    ] GC(6)   Post Evacuate Collection Set: 0.8ms
[2021-08-22T19:43:16.071+0000][gc,phases    ] GC(6)   Other: 0.3ms
[2021-08-22T19:43:16.071+0000][gc,heap      ] GC(6) Eden regions: 32->0(47)
[2021-08-22T19:43:16.071+0000][gc,heap      ] GC(6) Survivor regions: 6->4(7)
[2021-08-22T19:43:16.071+0000][gc,heap      ] GC(6) Old regions: 7->10
[2021-08-22T19:43:16.071+0000][gc,heap      ] GC(6) Archive regions: 2->2
[2021-08-22T19:43:16.071+0000][gc,heap      ] GC(6) Humongous regions: 345->129
[2021-08-22T19:43:16.071+0000][gc,metaspace ] GC(6) Metaspace: 38080K(40056K)->38080K(40056K) NonClass: 33230K(34304K)->33230K(34304K) Class: 4849K(5752K)->4849K(5752K)
[2021-08-22T19:43:16.071+0000][gc           ] GC(6) Pause Young (Concurrent Start) (G1 Humongous Allocation) 390M->143M(1024M) 15.689ms
[2021-08-22T19:43:16.071+0000][gc,cpu       ] GC(6) User=0.03s Sys=0.01s Real=0.02s
[2021-08-22T19:43:16.071+0000][gc           ] GC(7) Concurrent Cycle
[2021-08-22T19:43:16.071+0000][gc,marking   ] GC(7) Concurrent Clear Claimed Marks
[2021-08-22T19:43:16.072+0000][gc,marking   ] GC(7) Concurrent Clear Claimed Marks 0.261ms
[2021-08-22T19:43:16.072+0000][gc,marking   ] GC(7) Concurrent Scan Root Regions
[2021-08-22T19:43:16.083+0000][gc,marking   ] GC(7) Concurrent Scan Root Regions 11.537ms
[2021-08-22T19:43:16.083+0000][gc,marking   ] GC(7) Concurrent Mark (3.944s)
[2021-08-22T19:43:16.083+0000][gc,marking   ] GC(7) Concurrent Mark From Roots
[2021-08-22T19:43:16.083+0000][gc,task      ] GC(7) Using 1 workers of 1 for marking
[2021-08-22T19:43:16.105+0000][gc,marking   ] GC(7) Concurrent Mark From Roots 21.996ms
[2021-08-22T19:43:16.105+0000][gc,marking   ] GC(7) Concurrent Preclean
[2021-08-22T19:43:16.105+0000][gc,marking   ] GC(7) Concurrent Preclean 0.145ms
[2021-08-22T19:43:16.106+0000][gc,marking   ] GC(7) Concurrent Mark (3.944s, 3.966s) 22.349ms
[2021-08-22T19:43:16.106+0000][gc,start     ] GC(7) Pause Remark
[2021-08-22T19:43:16.110+0000][gc           ] GC(7) Pause Remark 162M->162M(1024M) 4.120ms
[2021-08-22T19:43:16.110+0000][gc,cpu       ] GC(7) User=0.01s Sys=0.00s Real=0.01s
[2021-08-22T19:43:16.112+0000][gc,marking   ] GC(7) Concurrent Rebuild Remembered Sets
[2021-08-22T19:43:16.123+0000][gc,marking   ] GC(7) Concurrent Rebuild Remembered Sets 11.137ms
[2021-08-22T19:43:16.124+0000][gc,start     ] GC(7) Pause Cleanup
[2021-08-22T19:43:16.124+0000][gc           ] GC(7) Pause Cleanup 162M->162M(1024M) 0.213ms
[2021-08-22T19:43:16.124+0000][gc,cpu       ] GC(7) User=0.01s Sys=0.00s Real=0.00s
[2021-08-22T19:43:16.124+0000][gc,marking   ] GC(7) Concurrent Cleanup for Next Mark
[2021-08-22T19:43:16.128+0000][gc,marking   ] GC(7) Concurrent Cleanup for Next Mark 3.694ms
[2021-08-22T19:43:16.128+0000][gc           ] GC(7) Concurrent Cycle 56.854ms
[2021-08-22T19:46:14.575+0000][gc,start     ] GC(8) Pause Young (Normal) (G1 Evacuation Pause)
[2021-08-22T19:46:14.576+0000][gc,task      ] GC(8) Using 4 workers of 4 for evacuation
[2021-08-22T19:46:14.605+0000][gc,mmu       ] GC(8) MMU target violated: 21.0ms (20.0ms/21.0ms)
[2021-08-22T19:46:14.605+0000][gc,phases    ] GC(8)   Pre Evacuate Collection Set: 1.3ms
[2021-08-22T19:46:14.605+0000][gc,phases    ] GC(8)   Merge Heap Roots: 0.1ms
[2021-08-22T19:46:14.605+0000][gc,phases    ] GC(8)   Evacuate Collection Set: 26.2ms
[2021-08-22T19:46:14.605+0000][gc,phases    ] GC(8)   Post Evacuate Collection Set: 1.0ms
[2021-08-22T19:46:14.605+0000][gc,phases    ] GC(8)   Other: 0.7ms
[2021-08-22T19:46:14.605+0000][gc,heap      ] GC(8) Eden regions: 47->0(47)
[2021-08-22T19:46:14.605+0000][gc,heap      ] GC(8) Survivor regions: 4->4(7)
[2021-08-22T19:46:14.605+0000][gc,heap      ] GC(8) Old regions: 10->13
[2021-08-22T19:46:14.605+0000][gc,heap      ] GC(8) Archive regions: 2->2
[2021-08-22T19:46:14.605+0000][gc,heap      ] GC(8) Humongous regions: 147->129
[2021-08-22T19:46:14.605+0000][gc,metaspace ] GC(8) Metaspace: 43139K(46328K)->43139K(46328K) NonClass: 37229K(38912K)->37229K(38912K) Class: 5910K(7416K)->5910K(7416K)
[2021-08-22T19:46:14.605+0000][gc           ] GC(8) Pause Young (Normal) (G1 Evacuation Pause) 208M->146M(1024M) 29.367ms
[2021-08-22T19:46:14.605+0000][gc,cpu       ] GC(8) User=0.04s Sys=0.06s Real=0.03s
[2021-08-22T19:46:18.566+0000][gc,heap,exit ] Heap
[2021-08-22T19:46:18.566+0000][gc,heap,exit ]  garbage-first heap   total 1048576K, used 155702K [0x00000007c0000000, 0x0000000800000000)
[2021-08-22T19:46:18.566+0000][gc,heap,exit ]   region size 1024K, 11 young (11264K), 4 survivors (4096K)
[2021-08-22T19:46:18.566+0000][gc,heap,exit ]  Metaspace       used 43377K, capacity 46345K, committed 46456K, reserved 1087488K
[2021-08-22T19:46:18.566+0000][gc,heap,exit ]   class space    used 5973K, capacity 7433K, committed 7544K, reserved 1048576K
