[2021-08-22T15:41:47.662+0000][gc,heap] Heap region size: 1M
[2021-08-22T15:41:47.663+0000][gc,heap,coops] Heap address: 0x00000007c0000000, size: 1024 MB, Compressed Oops mode: Zero based, Oop shift amount: 3
[2021-08-22T15:41:47.670+0000][gc           ] Using G1
[2021-08-22T15:41:47.671+0000][gc,cds       ] Mark closed archive regions in map: [0x00000007fff00000, 0x00000007fff7aff8]
[2021-08-22T15:41:47.671+0000][gc,cds       ] Mark open archive regions in map: [0x00000007ffe00000, 0x00000007ffe50ff8]
[2021-08-22T15:41:47.685+0000][gc           ] Periodic GC disabled
[2021-08-22T15:41:48.714+0000][gc,start     ] GC(0) Pause Young (Normal) (G1 Evacuation Pause)
[2021-08-22T15:41:48.714+0000][gc,task      ] GC(0) Using 4 workers of 4 for evacuation
[2021-08-22T15:41:48.720+0000][gc,phases    ] GC(0)   Pre Evacuate Collection Set: 0.1ms
[2021-08-22T15:41:48.721+0000][gc,phases    ] GC(0)   Merge Heap Roots: 0.1ms
[2021-08-22T15:41:48.721+0000][gc,phases    ] GC(0)   Evacuate Collection Set: 5.3ms
[2021-08-22T15:41:48.721+0000][gc,phases    ] GC(0)   Post Evacuate Collection Set: 0.4ms
[2021-08-22T15:41:48.721+0000][gc,phases    ] GC(0)   Other: 0.4ms
[2021-08-22T15:41:48.721+0000][gc,heap      ] GC(0) Eden regions: 51->0(44)
[2021-08-22T15:41:48.721+0000][gc,heap      ] GC(0) Survivor regions: 0->7(7)
[2021-08-22T15:41:48.721+0000][gc,heap      ] GC(0) Old regions: 0->0
[2021-08-22T15:41:48.721+0000][gc,heap      ] GC(0) Archive regions: 2->2
[2021-08-22T15:41:48.721+0000][gc,heap      ] GC(0) Humongous regions: 0->0
[2021-08-22T15:41:48.721+0000][gc,metaspace ] GC(0) Metaspace: 14598K(15104K)->14598K(15104K) NonClass: 12748K(13056K)->12748K(13056K) Class: 1849K(2048K)->1849K(2048K)
[2021-08-22T15:41:48.721+0000][gc           ] GC(0) Pause Young (Normal) (G1 Evacuation Pause) 51M->7M(1024M) 6.425ms
[2021-08-22T15:41:48.721+0000][gc,cpu       ] GC(0) User=0.02s Sys=0.00s Real=0.01s
[2021-08-22T15:41:49.251+0000][gc,start     ] GC(1) Pause Young (Concurrent Start) (Metadata GC Threshold)
[2021-08-22T15:41:49.251+0000][gc,task      ] GC(1) Using 4 workers of 4 for evacuation
[2021-08-22T15:41:49.258+0000][gc,phases    ] GC(1)   Pre Evacuate Collection Set: 0.1ms
[2021-08-22T15:41:49.258+0000][gc,phases    ] GC(1)   Merge Heap Roots: 0.0ms
[2021-08-22T15:41:49.258+0000][gc,phases    ] GC(1)   Evacuate Collection Set: 6.3ms
[2021-08-22T15:41:49.258+0000][gc,phases    ] GC(1)   Post Evacuate Collection Set: 0.3ms
[2021-08-22T15:41:49.258+0000][gc,phases    ] GC(1)   Other: 0.2ms
[2021-08-22T15:41:49.258+0000][gc,heap      ] GC(1) Eden regions: 25->0(49)
[2021-08-22T15:41:49.258+0000][gc,heap      ] GC(1) Survivor regions: 7->2(7)
[2021-08-22T15:41:49.258+0000][gc,heap      ] GC(1) Old regions: 0->7
[2021-08-22T15:41:49.258+0000][gc,heap      ] GC(1) Archive regions: 2->2
[2021-08-22T15:41:49.258+0000][gc,heap      ] GC(1) Humongous regions: 0->0
[2021-08-22T15:41:49.258+0000][gc,metaspace ] GC(1) Metaspace: 20422K(21248K)->20422K(21248K) NonClass: 17860K(18432K)->17860K(18432K) Class: 2562K(2816K)->2562K(2816K)
[2021-08-22T15:41:49.258+0000][gc           ] GC(1) Pause Young (Concurrent Start) (Metadata GC Threshold) 32M->8M(1024M) 6.971ms
[2021-08-22T15:41:49.258+0000][gc,cpu       ] GC(1) User=0.02s Sys=0.01s Real=0.00s
[2021-08-22T15:41:49.258+0000][gc           ] GC(2) Concurrent Cycle
[2021-08-22T15:41:49.258+0000][gc,marking   ] GC(2) Concurrent Clear Claimed Marks
[2021-08-22T15:41:49.258+0000][gc,marking   ] GC(2) Concurrent Clear Claimed Marks 0.037ms
[2021-08-22T15:41:49.258+0000][gc,marking   ] GC(2) Concurrent Scan Root Regions
[2021-08-22T15:41:49.262+0000][gc,marking   ] GC(2) Concurrent Scan Root Regions 4.167ms
[2021-08-22T15:41:49.262+0000][gc,marking   ] GC(2) Concurrent Mark (1.624s)
[2021-08-22T15:41:49.262+0000][gc,marking   ] GC(2) Concurrent Mark From Roots
[2021-08-22T15:41:49.262+0000][gc,task      ] GC(2) Using 1 workers of 1 for marking
[2021-08-22T15:41:49.264+0000][gc,marking   ] GC(2) Concurrent Mark From Roots 1.134ms
[2021-08-22T15:41:49.264+0000][gc,marking   ] GC(2) Concurrent Preclean
[2021-08-22T15:41:49.264+0000][gc,marking   ] GC(2) Concurrent Preclean 0.031ms
[2021-08-22T15:41:49.264+0000][gc,marking   ] GC(2) Concurrent Mark (1.624s, 1.625s) 1.264ms
[2021-08-22T15:41:49.264+0000][gc,start     ] GC(2) Pause Remark
[2021-08-22T15:41:49.265+0000][gc           ] GC(2) Pause Remark 8M->8M(1024M) 0.930ms
[2021-08-22T15:41:49.265+0000][gc,cpu       ] GC(2) User=0.00s Sys=0.00s Real=0.00s
[2021-08-22T15:41:49.265+0000][gc,marking   ] GC(2) Concurrent Rebuild Remembered Sets
[2021-08-22T15:41:49.268+0000][gc,marking   ] GC(2) Concurrent Rebuild Remembered Sets 3.371ms
[2021-08-22T15:41:49.269+0000][gc,start     ] GC(2) Pause Cleanup
[2021-08-22T15:41:49.269+0000][gc           ] GC(2) Pause Cleanup 8M->8M(1024M) 0.125ms
[2021-08-22T15:41:49.269+0000][gc,cpu       ] GC(2) User=0.00s Sys=0.00s Real=0.00s
[2021-08-22T15:41:49.269+0000][gc,marking   ] GC(2) Concurrent Cleanup for Next Mark
[2021-08-22T15:41:49.277+0000][gc,marking   ] GC(2) Concurrent Cleanup for Next Mark 7.901ms
[2021-08-22T15:41:49.277+0000][gc           ] GC(2) Concurrent Cycle 18.763ms
[2021-08-22T15:41:50.055+0000][gc,start     ] GC(3) Pause Young (Normal) (G1 Evacuation Pause)
[2021-08-22T15:41:50.055+0000][gc,task      ] GC(3) Using 4 workers of 4 for evacuation
[2021-08-22T15:41:50.059+0000][gc,phases    ] GC(3)   Pre Evacuate Collection Set: 0.1ms
[2021-08-22T15:41:50.059+0000][gc,phases    ] GC(3)   Merge Heap Roots: 0.0ms
[2021-08-22T15:41:50.059+0000][gc,phases    ] GC(3)   Evacuate Collection Set: 3.7ms
[2021-08-22T15:41:50.059+0000][gc,phases    ] GC(3)   Post Evacuate Collection Set: 0.3ms
[2021-08-22T15:41:50.059+0000][gc,phases    ] GC(3)   Other: 0.1ms
[2021-08-22T15:41:50.059+0000][gc,heap      ] GC(3) Eden regions: 49->0(46)
[2021-08-22T15:41:50.059+0000][gc,heap      ] GC(3) Survivor regions: 2->5(7)
[2021-08-22T15:41:50.059+0000][gc,heap      ] GC(3) Old regions: 7->7
[2021-08-22T15:41:50.059+0000][gc,heap      ] GC(3) Archive regions: 2->2
[2021-08-22T15:41:50.059+0000][gc,heap      ] GC(3) Humongous regions: 129->129
[2021-08-22T15:41:50.059+0000][gc,metaspace ] GC(3) Metaspace: 28177K(29568K)->28177K(29568K) NonClass: 24758K(25600K)->24758K(25600K) Class: 3419K(3968K)->3419K(3968K)
[2021-08-22T15:41:50.059+0000][gc           ] GC(3) Pause Young (Normal) (G1 Evacuation Pause) 186M->140M(1024M) 4.405ms
[2021-08-22T15:41:50.059+0000][gc,cpu       ] GC(3) User=0.01s Sys=0.00s Real=0.00s
[2021-08-22T15:41:50.406+0000][gc,start     ] GC(4) Pause Young (Concurrent Start) (Metadata GC Threshold)
[2021-08-22T15:41:50.406+0000][gc,task      ] GC(4) Using 4 workers of 4 for evacuation
[2021-08-22T15:41:50.413+0000][gc,phases    ] GC(4)   Pre Evacuate Collection Set: 0.1ms
[2021-08-22T15:41:50.413+0000][gc,phases    ] GC(4)   Merge Heap Roots: 0.0ms
[2021-08-22T15:41:50.413+0000][gc,phases    ] GC(4)   Evacuate Collection Set: 7.1ms
[2021-08-22T15:41:50.414+0000][gc,phases    ] GC(4)   Post Evacuate Collection Set: 0.4ms
[2021-08-22T15:41:50.414+0000][gc,phases    ] GC(4)   Other: 0.2ms
[2021-08-22T15:41:50.414+0000][gc,heap      ] GC(4) Eden regions: 31->0(45)
[2021-08-22T15:41:50.414+0000][gc,heap      ] GC(4) Survivor regions: 5->6(7)
[2021-08-22T15:41:50.414+0000][gc,heap      ] GC(4) Old regions: 7->8
[2021-08-22T15:41:50.414+0000][gc,heap      ] GC(4) Archive regions: 2->2
[2021-08-22T15:41:50.414+0000][gc,heap      ] GC(4) Humongous regions: 129->129
[2021-08-22T15:41:50.414+0000][gc,metaspace ] GC(4) Metaspace: 34183K(35628K)->34183K(35628K) NonClass: 30071K(30892K)->30071K(30892K) Class: 4111K(4736K)->4111K(4736K)
[2021-08-22T15:41:50.414+0000][gc           ] GC(4) Pause Young (Concurrent Start) (Metadata GC Threshold) 171M->143M(1024M) 8.026ms
[2021-08-22T15:41:50.414+0000][gc,cpu       ] GC(4) User=0.02s Sys=0.00s Real=0.01s
[2021-08-22T15:41:50.414+0000][gc           ] GC(5) Concurrent Cycle
[2021-08-22T15:41:50.414+0000][gc,marking   ] GC(5) Concurrent Clear Claimed Marks
[2021-08-22T15:41:50.414+0000][gc,marking   ] GC(5) Concurrent Clear Claimed Marks 0.073ms
[2021-08-22T15:41:50.414+0000][gc,marking   ] GC(5) Concurrent Scan Root Regions
[2021-08-22T15:41:50.422+0000][gc,marking   ] GC(5) Concurrent Scan Root Regions 7.933ms
[2021-08-22T15:41:50.422+0000][gc,marking   ] GC(5) Concurrent Mark (2.783s)
[2021-08-22T15:41:50.422+0000][gc,marking   ] GC(5) Concurrent Mark From Roots
[2021-08-22T15:41:50.422+0000][gc,task      ] GC(5) Using 1 workers of 1 for marking
[2021-08-22T15:41:50.435+0000][gc,marking   ] GC(5) Concurrent Mark From Roots 12.711ms
[2021-08-22T15:41:50.435+0000][gc,marking   ] GC(5) Concurrent Preclean
[2021-08-22T15:41:50.435+0000][gc,marking   ] GC(5) Concurrent Preclean 0.065ms
[2021-08-22T15:41:50.435+0000][gc,marking   ] GC(5) Concurrent Mark (2.783s, 2.796s) 12.862ms
[2021-08-22T15:41:50.435+0000][gc,start     ] GC(5) Pause Remark
[2021-08-22T15:41:50.437+0000][gc           ] GC(5) Pause Remark 145M->145M(1024M) 1.969ms
[2021-08-22T15:41:50.437+0000][gc,cpu       ] GC(5) User=0.00s Sys=0.00s Real=0.00s
[2021-08-22T15:41:50.437+0000][gc,marking   ] GC(5) Concurrent Rebuild Remembered Sets
[2021-08-22T15:41:50.444+0000][gc,marking   ] GC(5) Concurrent Rebuild Remembered Sets 7.176ms
[2021-08-22T15:41:50.444+0000][gc,start     ] GC(5) Pause Cleanup
[2021-08-22T15:41:50.444+0000][gc           ] GC(5) Pause Cleanup 146M->146M(1024M) 0.117ms
[2021-08-22T15:41:50.444+0000][gc,cpu       ] GC(5) User=0.00s Sys=0.00s Real=0.00s
[2021-08-22T15:41:50.445+0000][gc,marking   ] GC(5) Concurrent Cleanup for Next Mark
[2021-08-22T15:41:50.454+0000][gc,marking   ] GC(5) Concurrent Cleanup for Next Mark 8.978ms
[2021-08-22T15:41:50.454+0000][gc           ] GC(5) Concurrent Cycle 40.122ms
[2021-08-22T15:47:25.667+0000][gc,start     ] GC(6) Pause Young (Concurrent Start) (G1 Evacuation Pause)
[2021-08-22T15:47:25.668+0000][gc,task      ] GC(6) Using 4 workers of 4 for evacuation
[2021-08-22T15:47:25.697+0000][gc,mmu       ] GC(6) MMU target violated: 21.0ms (20.0ms/21.0ms)
[2021-08-22T15:47:25.697+0000][gc,phases    ] GC(6)   Pre Evacuate Collection Set: 0.8ms
[2021-08-22T15:47:25.697+0000][gc,phases    ] GC(6)   Merge Heap Roots: 0.1ms
[2021-08-22T15:47:25.697+0000][gc,phases    ] GC(6)   Evacuate Collection Set: 27.2ms
[2021-08-22T15:47:25.697+0000][gc,phases    ] GC(6)   Post Evacuate Collection Set: 0.7ms
[2021-08-22T15:47:25.697+0000][gc,phases    ] GC(6)   Other: 0.7ms
[2021-08-22T15:47:25.697+0000][gc,heap      ] GC(6) Eden regions: 45->0(46)
[2021-08-22T15:47:25.697+0000][gc,heap      ] GC(6) Survivor regions: 6->5(7)
[2021-08-22T15:47:25.697+0000][gc,heap      ] GC(6) Old regions: 8->11
[2021-08-22T15:47:25.697+0000][gc,heap      ] GC(6) Archive regions: 2->2
[2021-08-22T15:47:25.697+0000][gc,heap      ] GC(6) Humongous regions: 141->129
[2021-08-22T15:47:25.697+0000][gc,metaspace ] GC(6) Metaspace: 40505K(43000K)->40505K(43000K) NonClass: 35047K(36268K)->35047K(36268K) Class: 5458K(6732K)->5458K(6732K)
[2021-08-22T15:47:25.697+0000][gc           ] GC(6) Pause Young (Concurrent Start) (G1 Evacuation Pause) 200M->144M(1024M) 29.485ms
[2021-08-22T15:47:25.697+0000][gc,cpu       ] GC(6) User=0.04s Sys=0.04s Real=0.03s
[2021-08-22T15:47:25.697+0000][gc           ] GC(7) Concurrent Cycle
[2021-08-22T15:47:25.697+0000][gc,marking   ] GC(7) Concurrent Clear Claimed Marks
[2021-08-22T15:47:25.697+0000][gc,marking   ] GC(7) Concurrent Clear Claimed Marks 0.160ms
[2021-08-22T15:47:25.697+0000][gc,marking   ] GC(7) Concurrent Scan Root Regions
[2021-08-22T15:47:25.708+0000][gc,marking   ] GC(7) Concurrent Scan Root Regions 11.200ms
[2021-08-22T15:47:25.708+0000][gc,marking   ] GC(7) Concurrent Mark (338.054s)
[2021-08-22T15:47:25.708+0000][gc,marking   ] GC(7) Concurrent Mark From Roots
[2021-08-22T15:47:25.709+0000][gc,task      ] GC(7) Using 1 workers of 1 for marking
[2021-08-22T15:47:25.728+0000][gc,marking   ] GC(7) Concurrent Mark From Roots 19.077ms
[2021-08-22T15:47:25.728+0000][gc,marking   ] GC(7) Concurrent Preclean
[2021-08-22T15:47:25.728+0000][gc,marking   ] GC(7) Concurrent Preclean 0.091ms
[2021-08-22T15:47:25.728+0000][gc,marking   ] GC(7) Concurrent Mark (338.054s, 338.073s) 19.254ms
[2021-08-22T15:47:25.729+0000][gc,start     ] GC(7) Pause Remark
[2021-08-22T15:47:25.736+0000][gc           ] GC(7) Pause Remark 146M->146M(1024M) 6.877ms
[2021-08-22T15:47:25.736+0000][gc,cpu       ] GC(7) User=0.01s Sys=0.00s Real=0.01s
[2021-08-22T15:47:25.736+0000][gc,marking   ] GC(7) Concurrent Rebuild Remembered Sets
[2021-08-22T15:47:25.754+0000][gc,marking   ] GC(7) Concurrent Rebuild Remembered Sets 18.257ms
[2021-08-22T15:47:25.755+0000][gc,start     ] GC(7) Pause Cleanup
[2021-08-22T15:47:25.755+0000][gc           ] GC(7) Pause Cleanup 146M->146M(1024M) 0.152ms
[2021-08-22T15:47:25.755+0000][gc,cpu       ] GC(7) User=0.00s Sys=0.00s Real=0.00s
[2021-08-22T15:47:25.755+0000][gc,marking   ] GC(7) Concurrent Cleanup for Next Mark
[2021-08-22T15:47:25.777+0000][gc,marking   ] GC(7) Concurrent Cleanup for Next Mark 21.851ms
[2021-08-22T15:47:25.777+0000][gc           ] GC(7) Concurrent Cycle 79.942ms
[2021-08-22T15:54:26.094+0000][gc,start     ] GC(8) Pause Young (Normal) (G1 Evacuation Pause)
[2021-08-22T15:54:26.096+0000][gc,task      ] GC(8) Using 4 workers of 4 for evacuation
[2021-08-22T15:54:26.122+0000][gc,mmu       ] GC(8) MMU target violated: 21.0ms (20.0ms/21.0ms)
[2021-08-22T15:54:26.122+0000][gc,phases    ] GC(8)   Pre Evacuate Collection Set: 2.4ms
[2021-08-22T15:54:26.122+0000][gc,phases    ] GC(8)   Merge Heap Roots: 0.2ms
[2021-08-22T15:54:26.122+0000][gc,phases    ] GC(8)   Evacuate Collection Set: 22.6ms
[2021-08-22T15:54:26.122+0000][gc,phases    ] GC(8)   Post Evacuate Collection Set: 0.7ms
[2021-08-22T15:54:26.122+0000][gc,phases    ] GC(8)   Other: 2.1ms
[2021-08-22T15:54:26.122+0000][gc,heap      ] GC(8) Eden regions: 46->0(45)
[2021-08-22T15:54:26.122+0000][gc,heap      ] GC(8) Survivor regions: 5->6(7)
[2021-08-22T15:54:26.122+0000][gc,heap      ] GC(8) Old regions: 11->13
[2021-08-22T15:54:26.122+0000][gc,heap      ] GC(8) Archive regions: 2->2
[2021-08-22T15:54:26.122+0000][gc,heap      ] GC(8) Humongous regions: 129->129
[2021-08-22T15:54:26.122+0000][gc,metaspace ] GC(8) Metaspace: 42659K(45432K)->42659K(45432K) NonClass: 36899K(38316K)->36899K(38316K) Class: 5759K(7116K)->5759K(7116K)
[2021-08-22T15:54:26.122+0000][gc           ] GC(8) Pause Young (Normal) (G1 Evacuation Pause) 190M->147M(1024M) 28.045ms
[2021-08-22T15:54:26.122+0000][gc,cpu       ] GC(8) User=0.04s Sys=0.05s Real=0.03s
[2021-08-22T16:02:40.683+0000][gc,start     ] GC(9) Pause Young (Normal) (G1 Evacuation Pause)
[2021-08-22T16:02:40.689+0000][gc,task      ] GC(9) Using 4 workers of 4 for evacuation
[2021-08-22T16:02:40.719+0000][gc,mmu       ] GC(9) MMU target violated: 21.0ms (20.0ms/21.0ms)
[2021-08-22T16:02:40.719+0000][gc,phases    ] GC(9)   Pre Evacuate Collection Set: 4.9ms
[2021-08-22T16:02:40.719+0000][gc,phases    ] GC(9)   Merge Heap Roots: 0.2ms
[2021-08-22T16:02:40.719+0000][gc,phases    ] GC(9)   Evacuate Collection Set: 23.6ms
[2021-08-22T16:02:40.719+0000][gc,phases    ] GC(9)   Post Evacuate Collection Set: 1.0ms
[2021-08-22T16:02:40.719+0000][gc,phases    ] GC(9)   Other: 7.0ms
[2021-08-22T16:02:40.719+0000][gc,heap      ] GC(9) Eden regions: 45->0(47)
[2021-08-22T16:02:40.719+0000][gc,heap      ] GC(9) Survivor regions: 6->4(7)
[2021-08-22T16:02:40.719+0000][gc,heap      ] GC(9) Old regions: 13->15
[2021-08-22T16:02:40.719+0000][gc,heap      ] GC(9) Archive regions: 2->2
[2021-08-22T16:02:40.719+0000][gc,heap      ] GC(9) Humongous regions: 129->129
[2021-08-22T16:02:40.719+0000][gc,metaspace ] GC(9) Metaspace: 43072K(46072K)->43072K(46072K) NonClass: 37270K(38828K)->37270K(38828K) Class: 5802K(7244K)->5802K(7244K)
[2021-08-22T16:02:40.719+0000][gc           ] GC(9) Pause Young (Normal) (G1 Evacuation Pause) 192M->148M(1024M) 35.551ms
[2021-08-22T16:02:40.719+0000][gc,cpu       ] GC(9) User=0.03s Sys=0.04s Real=0.03s
[2021-08-22T16:17:00.265+0000][gc,start     ] GC(10) Pause Young (Normal) (G1 Evacuation Pause)
[2021-08-22T16:17:00.266+0000][gc,task      ] GC(10) Using 4 workers of 4 for evacuation
[2021-08-22T16:17:00.318+0000][gc,mmu       ] GC(10) MMU target violated: 21.0ms (20.0ms/21.0ms)
[2021-08-22T16:17:00.318+0000][gc,phases    ] GC(10)   Pre Evacuate Collection Set: 5.0ms
[2021-08-22T16:17:00.318+0000][gc,phases    ] GC(10)   Merge Heap Roots: 0.8ms
[2021-08-22T16:17:00.318+0000][gc,phases    ] GC(10)   Evacuate Collection Set: 42.5ms
[2021-08-22T16:17:00.318+0000][gc,phases    ] GC(10)   Post Evacuate Collection Set: 2.7ms
[2021-08-22T16:17:00.319+0000][gc,phases    ] GC(10)   Other: 2.0ms
[2021-08-22T16:17:00.319+0000][gc,heap      ] GC(10) Eden regions: 47->0(48)
[2021-08-22T16:17:00.319+0000][gc,heap      ] GC(10) Survivor regions: 4->3(7)
[2021-08-22T16:17:00.319+0000][gc,heap      ] GC(10) Old regions: 15->15
[2021-08-22T16:17:00.319+0000][gc,heap      ] GC(10) Archive regions: 2->2
[2021-08-22T16:17:00.319+0000][gc,heap      ] GC(10) Humongous regions: 129->129
[2021-08-22T16:17:00.319+0000][gc,metaspace ] GC(10) Metaspace: 43475K(46584K)->43475K(46584K) NonClass: 37640K(39340K)->37640K(39340K) Class: 5834K(7244K)->5834K(7244K)
[2021-08-22T16:17:00.319+0000][gc           ] GC(10) Pause Young (Normal) (G1 Evacuation Pause) 195M->147M(1024M) 53.581ms
[2021-08-22T16:17:00.319+0000][gc,cpu       ] GC(10) User=0.04s Sys=0.08s Real=0.05s
[2021-08-22T16:26:14.605+0000][gc,start     ] GC(11) Pause Young (Normal) (G1 Evacuation Pause)
[2021-08-22T16:26:14.605+0000][gc,task      ] GC(11) Using 4 workers of 4 for evacuation
[2021-08-22T16:26:14.631+0000][gc,mmu       ] GC(11) MMU target violated: 21.0ms (20.0ms/21.0ms)
[2021-08-22T16:26:14.631+0000][gc,phases    ] GC(11)   Pre Evacuate Collection Set: 2.3ms
[2021-08-22T16:26:14.631+0000][gc,phases    ] GC(11)   Merge Heap Roots: 0.2ms
[2021-08-22T16:26:14.631+0000][gc,phases    ] GC(11)   Evacuate Collection Set: 21.9ms
[2021-08-22T16:26:14.631+0000][gc,phases    ] GC(11)   Post Evacuate Collection Set: 1.0ms
[2021-08-22T16:26:14.631+0000][gc,phases    ] GC(11)   Other: 2.9ms
[2021-08-22T16:26:14.631+0000][gc,heap      ] GC(11) Eden regions: 48->0(47)
[2021-08-22T16:26:14.631+0000][gc,heap      ] GC(11) Survivor regions: 3->4(7)
[2021-08-22T16:26:14.631+0000][gc,heap      ] GC(11) Old regions: 15->15
[2021-08-22T16:26:14.631+0000][gc,heap      ] GC(11) Archive regions: 2->2
[2021-08-22T16:26:14.631+0000][gc,heap      ] GC(11) Humongous regions: 129->129
[2021-08-22T16:26:14.631+0000][gc,metaspace ] GC(11) Metaspace: 43521K(46584K)->43521K(46584K) NonClass: 37686K(39340K)->37686K(39340K) Class: 5834K(7244K)->5834K(7244K)
[2021-08-22T16:26:14.631+0000][gc           ] GC(11) Pause Young (Normal) (G1 Evacuation Pause) 195M->148M(1024M) 26.420ms
[2021-08-22T16:26:14.631+0000][gc,cpu       ] GC(11) User=0.03s Sys=0.05s Real=0.03s
[2021-08-22T16:35:22.244+0000][gc,start     ] GC(12) Pause Young (Normal) (G1 Evacuation Pause)
[2021-08-22T16:35:22.245+0000][gc,task      ] GC(12) Using 4 workers of 4 for evacuation
[2021-08-22T16:35:22.301+0000][gc,mmu       ] GC(12) MMU target violated: 21.0ms (20.0ms/21.0ms)
[2021-08-22T16:35:22.301+0000][gc,phases    ] GC(12)   Pre Evacuate Collection Set: 1.8ms
[2021-08-22T16:35:22.301+0000][gc,phases    ] GC(12)   Merge Heap Roots: 0.6ms
[2021-08-22T16:35:22.301+0000][gc,phases    ] GC(12)   Evacuate Collection Set: 46.2ms
[2021-08-22T16:35:22.301+0000][gc,phases    ] GC(12)   Post Evacuate Collection Set: 7.1ms
[2021-08-22T16:35:22.301+0000][gc,phases    ] GC(12)   Other: 1.3ms
[2021-08-22T16:35:22.301+0000][gc,heap      ] GC(12) Eden regions: 47->0(46)
[2021-08-22T16:35:22.301+0000][gc,heap      ] GC(12) Survivor regions: 4->5(7)
[2021-08-22T16:35:22.302+0000][gc,heap      ] GC(12) Old regions: 15->15
[2021-08-22T16:35:22.302+0000][gc,heap      ] GC(12) Archive regions: 2->2
[2021-08-22T16:35:22.302+0000][gc,heap      ] GC(12) Humongous regions: 129->129
[2021-08-22T16:35:22.302+0000][gc,metaspace ] GC(12) Metaspace: 43562K(46584K)->43562K(46584K) NonClass: 37727K(39340K)->37727K(39340K) Class: 5834K(7244K)->5834K(7244K)
[2021-08-22T16:35:22.302+0000][gc           ] GC(12) Pause Young (Normal) (G1 Evacuation Pause) 195M->149M(1024M) 57.327ms
[2021-08-22T16:35:22.302+0000][gc,cpu       ] GC(12) User=0.03s Sys=0.04s Real=0.06s
[2021-08-22T16:43:30.147+0000][gc,start     ] GC(13) Pause Young (Normal) (G1 Evacuation Pause)
[2021-08-22T16:43:30.149+0000][gc,task      ] GC(13) Using 4 workers of 4 for evacuation
[2021-08-22T16:43:30.172+0000][gc,mmu       ] GC(13) MMU target violated: 21.0ms (20.0ms/21.0ms)
[2021-08-22T16:43:30.172+0000][gc,phases    ] GC(13)   Pre Evacuate Collection Set: 2.7ms
[2021-08-22T16:43:30.172+0000][gc,phases    ] GC(13)   Merge Heap Roots: 0.2ms
[2021-08-22T16:43:30.172+0000][gc,phases    ] GC(13)   Evacuate Collection Set: 18.3ms
[2021-08-22T16:43:30.172+0000][gc,phases    ] GC(13)   Post Evacuate Collection Set: 0.9ms
[2021-08-22T16:43:30.172+0000][gc,phases    ] GC(13)   Other: 2.9ms
[2021-08-22T16:43:30.172+0000][gc,heap      ] GC(13) Eden regions: 46->0(46)
[2021-08-22T16:43:30.172+0000][gc,heap      ] GC(13) Survivor regions: 5->5(7)
[2021-08-22T16:43:30.172+0000][gc,heap      ] GC(13) Old regions: 15->16
[2021-08-22T16:43:30.172+0000][gc,heap      ] GC(13) Archive regions: 2->2
[2021-08-22T16:43:30.172+0000][gc,heap      ] GC(13) Humongous regions: 129->129
[2021-08-22T16:43:30.172+0000][gc,metaspace ] GC(13) Metaspace: 43623K(46584K)->43623K(46584K) NonClass: 37775K(39340K)->37775K(39340K) Class: 5847K(7244K)->5847K(7244K)
[2021-08-22T16:43:30.172+0000][gc           ] GC(13) Pause Young (Normal) (G1 Evacuation Pause) 195M->150M(1024M) 24.985ms
[2021-08-22T16:43:30.172+0000][gc,cpu       ] GC(13) User=0.03s Sys=0.04s Real=0.03s
[2021-08-22T16:52:20.445+0000][gc,start     ] GC(14) Pause Young (Normal) (G1 Evacuation Pause)
[2021-08-22T16:52:20.447+0000][gc,task      ] GC(14) Using 4 workers of 4 for evacuation
[2021-08-22T16:52:20.468+0000][gc,mmu       ] GC(14) MMU target violated: 20.8ms (20.0ms/21.0ms)
[2021-08-22T16:52:20.468+0000][gc,phases    ] GC(14)   Pre Evacuate Collection Set: 2.7ms
[2021-08-22T16:52:20.468+0000][gc,phases    ] GC(14)   Merge Heap Roots: 0.2ms
[2021-08-22T16:52:20.468+0000][gc,phases    ] GC(14)   Evacuate Collection Set: 17.0ms
[2021-08-22T16:52:20.468+0000][gc,phases    ] GC(14)   Post Evacuate Collection Set: 0.8ms
[2021-08-22T16:52:20.468+0000][gc,phases    ] GC(14)   Other: 2.3ms
[2021-08-22T16:52:20.468+0000][gc,heap      ] GC(14) Eden regions: 46->0(47)
[2021-08-22T16:52:20.468+0000][gc,heap      ] GC(14) Survivor regions: 5->4(7)
[2021-08-22T16:52:20.468+0000][gc,heap      ] GC(14) Old regions: 16->17
[2021-08-22T16:52:20.468+0000][gc,heap      ] GC(14) Archive regions: 2->2
[2021-08-22T16:52:20.468+0000][gc,heap      ] GC(14) Humongous regions: 129->129
[2021-08-22T16:52:20.468+0000][gc,metaspace ] GC(14) Metaspace: 43660K(46584K)->43660K(46584K) NonClass: 37812K(39340K)->37812K(39340K) Class: 5847K(7244K)->5847K(7244K)
[2021-08-22T16:52:20.468+0000][gc           ] GC(14) Pause Young (Normal) (G1 Evacuation Pause) 196M->150M(1024M) 23.069ms
[2021-08-22T16:52:20.469+0000][gc,cpu       ] GC(14) User=0.03s Sys=0.05s Real=0.02s
[2021-08-22T17:01:20.723+0000][gc,start     ] GC(15) Pause Young (Normal) (G1 Evacuation Pause)
[2021-08-22T17:01:20.729+0000][gc,task      ] GC(15) Using 4 workers of 4 for evacuation
[2021-08-22T17:01:20.753+0000][gc,mmu       ] GC(15) MMU target violated: 21.0ms (20.0ms/21.0ms)
[2021-08-22T17:01:20.753+0000][gc,phases    ] GC(15)   Pre Evacuate Collection Set: 2.2ms
[2021-08-22T17:01:20.753+0000][gc,phases    ] GC(15)   Merge Heap Roots: 0.3ms
[2021-08-22T17:01:20.753+0000][gc,phases    ] GC(15)   Evacuate Collection Set: 19.0ms
[2021-08-22T17:01:20.753+0000][gc,phases    ] GC(15)   Post Evacuate Collection Set: 1.4ms
[2021-08-22T17:01:20.753+0000][gc,phases    ] GC(15)   Other: 8.6ms
[2021-08-22T17:01:20.753+0000][gc,heap      ] GC(15) Eden regions: 47->0(48)
[2021-08-22T17:01:20.753+0000][gc,heap      ] GC(15) Survivor regions: 4->3(7)
[2021-08-22T17:01:20.753+0000][gc,heap      ] GC(15) Old regions: 17->18
[2021-08-22T17:01:20.753+0000][gc,heap      ] GC(15) Archive regions: 2->2
[2021-08-22T17:01:20.753+0000][gc,heap      ] GC(15) Humongous regions: 129->129
[2021-08-22T17:01:20.753+0000][gc,metaspace ] GC(15) Metaspace: 43662K(46584K)->43662K(46584K) NonClass: 37815K(39340K)->37815K(39340K) Class: 5847K(7244K)->5847K(7244K)
[2021-08-22T17:01:20.753+0000][gc           ] GC(15) Pause Young (Normal) (G1 Evacuation Pause) 197M->150M(1024M) 29.870ms
[2021-08-22T17:01:20.753+0000][gc,cpu       ] GC(15) User=0.03s Sys=0.04s Real=0.03s
[2021-08-22T17:10:35.619+0000][gc,start     ] GC(16) Pause Young (Normal) (G1 Evacuation Pause)
[2021-08-22T17:10:35.625+0000][gc,task      ] GC(16) Using 4 workers of 4 for evacuation
[2021-08-22T17:10:35.635+0000][gc,phases    ] GC(16)   Pre Evacuate Collection Set: 0.4ms
[2021-08-22T17:10:35.635+0000][gc,phases    ] GC(16)   Merge Heap Roots: 0.2ms
[2021-08-22T17:10:35.635+0000][gc,phases    ] GC(16)   Evacuate Collection Set: 8.5ms
[2021-08-22T17:10:35.635+0000][gc,phases    ] GC(16)   Post Evacuate Collection Set: 0.4ms
[2021-08-22T17:10:35.635+0000][gc,phases    ] GC(16)   Other: 6.1ms
[2021-08-22T17:10:35.635+0000][gc,heap      ] GC(16) Eden regions: 48->0(47)
[2021-08-22T17:10:35.635+0000][gc,heap      ] GC(16) Survivor regions: 3->4(7)
[2021-08-22T17:10:35.635+0000][gc,heap      ] GC(16) Old regions: 18->18
[2021-08-22T17:10:35.635+0000][gc,heap      ] GC(16) Archive regions: 2->2
[2021-08-22T17:10:35.635+0000][gc,heap      ] GC(16) Humongous regions: 129->129
[2021-08-22T17:10:35.635+0000][gc,metaspace ] GC(16) Metaspace: 43669K(46584K)->43669K(46584K) NonClass: 37821K(39340K)->37821K(39340K) Class: 5847K(7244K)->5847K(7244K)
[2021-08-22T17:10:35.635+0000][gc           ] GC(16) Pause Young (Normal) (G1 Evacuation Pause) 198M->151M(1024M) 15.716ms
[2021-08-22T17:10:35.635+0000][gc,cpu       ] GC(16) User=0.03s Sys=0.01s Real=0.02s
[2021-08-22T17:21:30.425+0000][gc,start     ] GC(17) Pause Young (Normal) (G1 Evacuation Pause)
[2021-08-22T17:21:30.427+0000][gc,task      ] GC(17) Using 4 workers of 4 for evacuation
[2021-08-22T17:21:30.485+0000][gc,mmu       ] GC(17) MMU target violated: 21.0ms (20.0ms/21.0ms)
[2021-08-22T17:21:30.485+0000][gc,phases    ] GC(17)   Pre Evacuate Collection Set: 3.6ms
[2021-08-22T17:21:30.485+0000][gc,phases    ] GC(17)   Merge Heap Roots: 0.2ms
[2021-08-22T17:21:30.485+0000][gc,phases    ] GC(17)   Evacuate Collection Set: 36.7ms
[2021-08-22T17:21:30.485+0000][gc,phases    ] GC(17)   Post Evacuate Collection Set: 16.2ms
[2021-08-22T17:21:30.485+0000][gc,phases    ] GC(17)   Other: 3.1ms
[2021-08-22T17:21:30.485+0000][gc,heap      ] GC(17) Eden regions: 47->0(48)
[2021-08-22T17:21:30.485+0000][gc,heap      ] GC(17) Survivor regions: 4->3(7)
[2021-08-22T17:21:30.485+0000][gc,heap      ] GC(17) Old regions: 18->18
[2021-08-22T17:21:30.485+0000][gc,heap      ] GC(17) Archive regions: 2->2
[2021-08-22T17:21:30.485+0000][gc,heap      ] GC(17) Humongous regions: 129->129
[2021-08-22T17:21:30.485+0000][gc,metaspace ] GC(17) Metaspace: 43711K(46840K)->43711K(46840K) NonClass: 37863K(39596K)->37863K(39596K) Class: 5847K(7244K)->5847K(7244K)
[2021-08-22T17:21:30.485+0000][gc           ] GC(17) Pause Young (Normal) (G1 Evacuation Pause) 198M->150M(1024M) 59.884ms
[2021-08-22T17:21:30.485+0000][gc,cpu       ] GC(17) User=0.03s Sys=0.05s Real=0.06s
[2021-08-22T17:30:45.603+0000][gc,start     ] GC(18) Pause Young (Normal) (G1 Evacuation Pause)
[2021-08-22T17:30:45.605+0000][gc,task      ] GC(18) Using 4 workers of 4 for evacuation
[2021-08-22T17:30:45.623+0000][gc,phases    ] GC(18)   Pre Evacuate Collection Set: 2.6ms
[2021-08-22T17:30:45.623+0000][gc,phases    ] GC(18)   Merge Heap Roots: 0.2ms
[2021-08-22T17:30:45.623+0000][gc,phases    ] GC(18)   Evacuate Collection Set: 13.6ms
[2021-08-22T17:30:45.623+0000][gc,phases    ] GC(18)   Post Evacuate Collection Set: 1.1ms
[2021-08-22T17:30:45.623+0000][gc,phases    ] GC(18)   Other: 2.4ms
[2021-08-22T17:30:45.623+0000][gc,heap      ] GC(18) Eden regions: 48->0(47)
[2021-08-22T17:30:45.623+0000][gc,heap      ] GC(18) Survivor regions: 3->4(7)
[2021-08-22T17:30:45.623+0000][gc,heap      ] GC(18) Old regions: 18->18
[2021-08-22T17:30:45.623+0000][gc,heap      ] GC(18) Archive regions: 2->2
[2021-08-22T17:30:45.623+0000][gc,heap      ] GC(18) Humongous regions: 129->129
[2021-08-22T17:30:45.623+0000][gc,metaspace ] GC(18) Metaspace: 43712K(46840K)->43712K(46840K) NonClass: 37864K(39596K)->37864K(39596K) Class: 5847K(7244K)->5847K(7244K)
[2021-08-22T17:30:45.623+0000][gc           ] GC(18) Pause Young (Normal) (G1 Evacuation Pause) 198M->151M(1024M) 20.105ms
[2021-08-22T17:30:45.623+0000][gc,cpu       ] GC(18) User=0.02s Sys=0.04s Real=0.02s
[2021-08-22T17:39:47.845+0000][gc,start     ] GC(19) Pause Young (Normal) (G1 Evacuation Pause)
[2021-08-22T17:39:47.847+0000][gc,task      ] GC(19) Using 4 workers of 4 for evacuation
[2021-08-22T17:39:47.857+0000][gc,phases    ] GC(19)   Pre Evacuate Collection Set: 0.1ms
[2021-08-22T17:39:47.857+0000][gc,phases    ] GC(19)   Merge Heap Roots: 0.1ms
[2021-08-22T17:39:47.857+0000][gc,phases    ] GC(19)   Evacuate Collection Set: 9.2ms
[2021-08-22T17:39:47.857+0000][gc,phases    ] GC(19)   Post Evacuate Collection Set: 0.3ms
[2021-08-22T17:39:47.857+0000][gc,phases    ] GC(19)   Other: 1.8ms
[2021-08-22T17:39:47.857+0000][gc,heap      ] GC(19) Eden regions: 47->0(46)
[2021-08-22T17:39:47.857+0000][gc,heap      ] GC(19) Survivor regions: 4->5(7)
[2021-08-22T17:39:47.857+0000][gc,heap      ] GC(19) Old regions: 18->18
[2021-08-22T17:39:47.857+0000][gc,heap      ] GC(19) Archive regions: 2->2
[2021-08-22T17:39:47.857+0000][gc,heap      ] GC(19) Humongous regions: 129->129
[2021-08-22T17:39:47.857+0000][gc,metaspace ] GC(19) Metaspace: 43720K(46840K)->43720K(46840K) NonClass: 37872K(39596K)->37872K(39596K) Class: 5847K(7244K)->5847K(7244K)
[2021-08-22T17:39:47.857+0000][gc           ] GC(19) Pause Young (Normal) (G1 Evacuation Pause) 198M->152M(1024M) 11.707ms
[2021-08-22T17:39:47.857+0000][gc,cpu       ] GC(19) User=0.03s Sys=0.01s Real=0.01s
[2021-08-22T17:47:57.167+0000][gc,start     ] GC(20) Pause Young (Normal) (G1 Evacuation Pause)
[2021-08-22T17:47:57.168+0000][gc,task      ] GC(20) Using 4 workers of 4 for evacuation
[2021-08-22T17:47:57.206+0000][gc,mmu       ] GC(20) MMU target violated: 21.0ms (20.0ms/21.0ms)
[2021-08-22T17:47:57.206+0000][gc,phases    ] GC(20)   Pre Evacuate Collection Set: 2.5ms
[2021-08-22T17:47:57.206+0000][gc,phases    ] GC(20)   Merge Heap Roots: 0.2ms
[2021-08-22T17:47:57.206+0000][gc,phases    ] GC(20)   Evacuate Collection Set: 33.4ms
[2021-08-22T17:47:57.206+0000][gc,phases    ] GC(20)   Post Evacuate Collection Set: 1.1ms
[2021-08-22T17:47:57.206+0000][gc,phases    ] GC(20)   Other: 1.8ms
[2021-08-22T17:47:57.206+0000][gc,heap      ] GC(20) Eden regions: 46->0(45)
[2021-08-22T17:47:57.206+0000][gc,heap      ] GC(20) Survivor regions: 5->6(7)
[2021-08-22T17:47:57.206+0000][gc,heap      ] GC(20) Old regions: 18->19
[2021-08-22T17:47:57.206+0000][gc,heap      ] GC(20) Archive regions: 2->2
[2021-08-22T17:47:57.206+0000][gc,heap      ] GC(20) Humongous regions: 129->129
[2021-08-22T17:47:57.206+0000][gc,metaspace ] GC(20) Metaspace: 43729K(46840K)->43729K(46840K) NonClass: 37881K(39596K)->37881K(39596K) Class: 5847K(7244K)->5847K(7244K)
[2021-08-22T17:47:57.206+0000][gc           ] GC(20) Pause Young (Normal) (G1 Evacuation Pause) 198M->153M(1024M) 39.103ms
[2021-08-22T17:47:57.206+0000][gc,cpu       ] GC(20) User=0.03s Sys=0.08s Real=0.04s
[2021-08-22T17:56:57.673+0000][gc,start     ] GC(21) Pause Young (Normal) (G1 Evacuation Pause)
[2021-08-22T17:56:57.674+0000][gc,task      ] GC(21) Using 4 workers of 4 for evacuation
[2021-08-22T17:56:57.697+0000][gc,mmu       ] GC(21) MMU target violated: 21.0ms (20.0ms/21.0ms)
[2021-08-22T17:56:57.698+0000][gc,phases    ] GC(21)   Pre Evacuate Collection Set: 2.3ms
[2021-08-22T17:56:57.698+0000][gc,phases    ] GC(21)   Merge Heap Roots: 1.0ms
[2021-08-22T17:56:57.698+0000][gc,phases    ] GC(21)   Evacuate Collection Set: 18.2ms
[2021-08-22T17:56:57.698+0000][gc,phases    ] GC(21)   Post Evacuate Collection Set: 1.6ms
[2021-08-22T17:56:57.698+0000][gc,phases    ] GC(21)   Other: 2.0ms
[2021-08-22T17:56:57.698+0000][gc,heap      ] GC(21) Eden regions: 45->0(47)
[2021-08-22T17:56:57.698+0000][gc,heap      ] GC(21) Survivor regions: 6->4(7)
[2021-08-22T17:56:57.698+0000][gc,heap      ] GC(21) Old regions: 19->21
[2021-08-22T17:56:57.698+0000][gc,heap      ] GC(21) Archive regions: 2->2
[2021-08-22T17:56:57.698+0000][gc,heap      ] GC(21) Humongous regions: 129->129
[2021-08-22T17:56:57.698+0000][gc,metaspace ] GC(21) Metaspace: 43771K(46840K)->43771K(46840K) NonClass: 37924K(39596K)->37924K(39596K) Class: 5847K(7244K)->5847K(7244K)
[2021-08-22T17:56:57.698+0000][gc           ] GC(21) Pause Young (Normal) (G1 Evacuation Pause) 198M->153M(1024M) 24.318ms
[2021-08-22T17:56:57.698+0000][gc,cpu       ] GC(21) User=0.03s Sys=0.04s Real=0.02s
[2021-08-22T18:03:35.799+0000][gc,start     ] GC(22) Pause Young (Normal) (G1 Evacuation Pause)
[2021-08-22T18:03:35.801+0000][gc,task      ] GC(22) Using 4 workers of 4 for evacuation
[2021-08-22T18:03:35.818+0000][gc,phases    ] GC(22)   Pre Evacuate Collection Set: 1.5ms
[2021-08-22T18:03:35.819+0000][gc,phases    ] GC(22)   Merge Heap Roots: 0.2ms
[2021-08-22T18:03:35.819+0000][gc,phases    ] GC(22)   Evacuate Collection Set: 13.1ms
[2021-08-22T18:03:35.819+0000][gc,phases    ] GC(22)   Post Evacuate Collection Set: 2.3ms
[2021-08-22T18:03:35.819+0000][gc,phases    ] GC(22)   Other: 2.1ms
[2021-08-22T18:03:35.819+0000][gc,heap      ] GC(22) Eden regions: 47->0(46)
[2021-08-22T18:03:35.819+0000][gc,heap      ] GC(22) Survivor regions: 4->5(7)
[2021-08-22T18:03:35.819+0000][gc,heap      ] GC(22) Old regions: 21->21
[2021-08-22T18:03:35.819+0000][gc,heap      ] GC(22) Archive regions: 2->2
[2021-08-22T18:03:35.819+0000][gc,heap      ] GC(22) Humongous regions: 129->129
[2021-08-22T18:03:35.819+0000][gc,metaspace ] GC(22) Metaspace: 43790K(46840K)->43790K(46840K) NonClass: 37943K(39596K)->37943K(39596K) Class: 5847K(7244K)->5847K(7244K)
[2021-08-22T18:03:35.819+0000][gc           ] GC(22) Pause Young (Normal) (G1 Evacuation Pause) 200M->154M(1024M) 20.192ms
[2021-08-22T18:03:35.819+0000][gc,cpu       ] GC(22) User=0.02s Sys=0.03s Real=0.02s
[2021-08-22T18:10:52.499+0000][gc,start     ] GC(23) Pause Young (Normal) (G1 Evacuation Pause)
[2021-08-22T18:10:52.505+0000][gc,task      ] GC(23) Using 4 workers of 4 for evacuation
[2021-08-22T18:10:52.523+0000][gc,phases    ] GC(23)   Pre Evacuate Collection Set: 2.6ms
[2021-08-22T18:10:52.523+0000][gc,phases    ] GC(23)   Merge Heap Roots: 0.3ms
[2021-08-22T18:10:52.523+0000][gc,phases    ] GC(23)   Evacuate Collection Set: 14.1ms
[2021-08-22T18:10:52.523+0000][gc,phases    ] GC(23)   Post Evacuate Collection Set: 0.9ms
[2021-08-22T18:10:52.523+0000][gc,phases    ] GC(23)   Other: 6.2ms
[2021-08-22T18:10:52.523+0000][gc,heap      ] GC(23) Eden regions: 46->0(47)
[2021-08-22T18:10:52.523+0000][gc,heap      ] GC(23) Survivor regions: 5->4(7)
[2021-08-22T18:10:52.523+0000][gc,heap      ] GC(23) Old regions: 21->22
[2021-08-22T18:10:52.523+0000][gc,heap      ] GC(23) Archive regions: 2->2
[2021-08-22T18:10:52.523+0000][gc,heap      ] GC(23) Humongous regions: 129->129
[2021-08-22T18:10:52.523+0000][gc,metaspace ] GC(23) Metaspace: 43832K(46840K)->43832K(46840K) NonClass: 37984K(39596K)->37984K(39596K) Class: 5847K(7244K)->5847K(7244K)
[2021-08-22T18:10:52.523+0000][gc           ] GC(23) Pause Young (Normal) (G1 Evacuation Pause) 200M->154M(1024M) 24.151ms
[2021-08-22T18:10:52.523+0000][gc,cpu       ] GC(23) User=0.03s Sys=0.03s Real=0.03s
[2021-08-22T18:17:21.527+0000][gc,start     ] GC(24) Pause Young (Normal) (G1 Evacuation Pause)
[2021-08-22T18:17:21.551+0000][gc,task      ] GC(24) Using 4 workers of 4 for evacuation
[2021-08-22T18:17:21.584+0000][gc,mmu       ] GC(24) MMU target violated: 21.0ms (20.0ms/21.0ms)
[2021-08-22T18:17:21.584+0000][gc,phases    ] GC(24)   Pre Evacuate Collection Set: 3.3ms
[2021-08-22T18:17:21.584+0000][gc,phases    ] GC(24)   Merge Heap Roots: 0.7ms
[2021-08-22T18:17:21.584+0000][gc,phases    ] GC(24)   Evacuate Collection Set: 25.4ms
[2021-08-22T18:17:21.584+0000][gc,phases    ] GC(24)   Post Evacuate Collection Set: 3.0ms
[2021-08-22T18:17:21.584+0000][gc,phases    ] GC(24)   Other: 24.1ms
[2021-08-22T18:17:21.584+0000][gc,heap      ] GC(24) Eden regions: 47->0(46)
[2021-08-22T18:17:21.584+0000][gc,heap      ] GC(24) Survivor regions: 4->5(7)
[2021-08-22T18:17:21.584+0000][gc,heap      ] GC(24) Old regions: 22->22
[2021-08-22T18:17:21.584+0000][gc,heap      ] GC(24) Archive regions: 2->2
[2021-08-22T18:17:21.584+0000][gc,heap      ] GC(24) Humongous regions: 129->129
[2021-08-22T18:17:21.584+0000][gc,metaspace ] GC(24) Metaspace: 43845K(46840K)->43845K(46840K) NonClass: 37997K(39596K)->37997K(39596K) Class: 5847K(7244K)->5847K(7244K)
[2021-08-22T18:17:21.584+0000][gc           ] GC(24) Pause Young (Normal) (G1 Evacuation Pause) 201M->155M(1024M) 56.656ms
[2021-08-22T18:17:21.584+0000][gc,cpu       ] GC(24) User=0.02s Sys=0.03s Real=0.06s
[2021-08-22T18:24:13.821+0000][gc,start     ] GC(25) Pause Young (Normal) (G1 Evacuation Pause)
[2021-08-22T18:24:13.822+0000][gc,task      ] GC(25) Using 4 workers of 4 for evacuation
[2021-08-22T18:24:13.885+0000][gc,mmu       ] GC(25) MMU target violated: 21.0ms (20.0ms/21.0ms)
[2021-08-22T18:24:13.885+0000][gc,phases    ] GC(25)   Pre Evacuate Collection Set: 6.2ms
[2021-08-22T18:24:13.885+0000][gc,phases    ] GC(25)   Merge Heap Roots: 1.9ms
[2021-08-22T18:24:13.885+0000][gc,phases    ] GC(25)   Evacuate Collection Set: 49.2ms
[2021-08-22T18:24:13.885+0000][gc,phases    ] GC(25)   Post Evacuate Collection Set: 5.8ms
[2021-08-22T18:24:13.886+0000][gc,phases    ] GC(25)   Other: 3.4ms
[2021-08-22T18:24:13.886+0000][gc,heap      ] GC(25) Eden regions: 46->0(48)
[2021-08-22T18:24:13.886+0000][gc,heap      ] GC(25) Survivor regions: 5->3(7)
[2021-08-22T18:24:13.886+0000][gc,heap      ] GC(25) Old regions: 22->22
[2021-08-22T18:24:13.886+0000][gc,heap      ] GC(25) Archive regions: 2->2
[2021-08-22T18:24:13.886+0000][gc,heap      ] GC(25) Humongous regions: 129->129
[2021-08-22T18:24:13.886+0000][gc,metaspace ] GC(25) Metaspace: 43877K(46840K)->43877K(46840K) NonClass: 38029K(39596K)->38029K(39596K) Class: 5847K(7244K)->5847K(7244K)
[2021-08-22T18:24:13.886+0000][gc           ] GC(25) Pause Young (Normal) (G1 Evacuation Pause) 201M->154M(1024M) 65.698ms
[2021-08-22T18:24:13.886+0000][gc,cpu       ] GC(25) User=0.02s Sys=0.06s Real=0.06s
[2021-08-22T18:41:31.721+0000][gc,start     ] GC(26) Pause Young (Normal) (G1 Evacuation Pause)
[2021-08-22T18:41:31.727+0000][gc,task      ] GC(26) Using 4 workers of 4 for evacuation
[2021-08-22T18:41:31.945+0000][gc,mmu       ] GC(26) MMU target violated: 21.0ms (20.0ms/21.0ms)
[2021-08-22T18:41:31.946+0000][gc,phases    ] GC(26)   Pre Evacuate Collection Set: 11.9ms
[2021-08-22T18:41:31.946+0000][gc,phases    ] GC(26)   Merge Heap Roots: 11.4ms
[2021-08-22T18:41:31.946+0000][gc,phases    ] GC(26)   Evacuate Collection Set: 193.8ms
[2021-08-22T18:41:31.946+0000][gc,phases    ] GC(26)   Post Evacuate Collection Set: 1.4ms
[2021-08-22T18:41:31.946+0000][gc,phases    ] GC(26)   Other: 6.6ms
[2021-08-22T18:41:31.946+0000][gc,heap      ] GC(26) Eden regions: 48->0(47)
[2021-08-22T18:41:31.946+0000][gc,heap      ] GC(26) Survivor regions: 3->4(7)
[2021-08-22T18:41:31.946+0000][gc,heap      ] GC(26) Old regions: 22->22
[2021-08-22T18:41:31.946+0000][gc,heap      ] GC(26) Archive regions: 2->2
[2021-08-22T18:41:31.946+0000][gc,heap      ] GC(26) Humongous regions: 129->129
[2021-08-22T18:41:31.946+0000][gc,metaspace ] GC(26) Metaspace: 43904K(46840K)->43904K(46840K) NonClass: 38056K(39596K)->38056K(39596K) Class: 5847K(7244K)->5847K(7244K)
[2021-08-22T18:41:31.946+0000][gc           ] GC(26) Pause Young (Normal) (G1 Evacuation Pause) 202M->155M(1024M) 225.098ms
[2021-08-22T18:41:31.946+0000][gc,cpu       ] GC(26) User=0.03s Sys=0.10s Real=0.22s
[2021-08-22T19:09:47.611+0000][gc,start     ] GC(27) Pause Young (Normal) (G1 Evacuation Pause)
[2021-08-22T19:09:47.618+0000][gc,task      ] GC(27) Using 4 workers of 4 for evacuation
[2021-08-22T19:09:47.653+0000][gc,mmu       ] GC(27) MMU target violated: 21.0ms (20.0ms/21.0ms)
[2021-08-22T19:09:47.653+0000][gc,phases    ] GC(27)   Pre Evacuate Collection Set: 4.8ms
[2021-08-22T19:09:47.653+0000][gc,phases    ] GC(27)   Merge Heap Roots: 0.2ms
[2021-08-22T19:09:47.653+0000][gc,phases    ] GC(27)   Evacuate Collection Set: 27.2ms
[2021-08-22T19:09:47.653+0000][gc,phases    ] GC(27)   Post Evacuate Collection Set: 2.6ms
[2021-08-22T19:09:47.653+0000][gc,phases    ] GC(27)   Other: 8.5ms
[2021-08-22T19:09:47.653+0000][gc,heap      ] GC(27) Eden regions: 47->0(46)
[2021-08-22T19:09:47.653+0000][gc,heap      ] GC(27) Survivor regions: 4->5(7)
[2021-08-22T19:09:47.653+0000][gc,heap      ] GC(27) Old regions: 22->22
[2021-08-22T19:09:47.653+0000][gc,heap      ] GC(27) Archive regions: 2->2
[2021-08-22T19:09:47.653+0000][gc,heap      ] GC(27) Humongous regions: 129->129
[2021-08-22T19:09:47.653+0000][gc,metaspace ] GC(27) Metaspace: 43930K(46840K)->43930K(46840K) NonClass: 38082K(39596K)->38082K(39596K) Class: 5847K(7244K)->5847K(7244K)
[2021-08-22T19:09:47.653+0000][gc           ] GC(27) Pause Young (Normal) (G1 Evacuation Pause) 202M->156M(1024M) 42.556ms
[2021-08-22T19:09:47.653+0000][gc,cpu       ] GC(27) User=0.02s Sys=0.06s Real=0.04s
[2021-08-22T19:16:18.511+0000][gc,start     ] GC(28) Pause Young (Normal) (G1 Evacuation Pause)
[2021-08-22T19:16:18.517+0000][gc,task      ] GC(28) Using 4 workers of 4 for evacuation
[2021-08-22T19:16:18.540+0000][gc,mmu       ] GC(28) MMU target violated: 21.0ms (20.0ms/21.0ms)
[2021-08-22T19:16:18.540+0000][gc,phases    ] GC(28)   Pre Evacuate Collection Set: 2.7ms
[2021-08-22T19:16:18.540+0000][gc,phases    ] GC(28)   Merge Heap Roots: 0.3ms
[2021-08-22T19:16:18.540+0000][gc,phases    ] GC(28)   Evacuate Collection Set: 18.6ms
[2021-08-22T19:16:18.540+0000][gc,phases    ] GC(28)   Post Evacuate Collection Set: 1.0ms
[2021-08-22T19:16:18.540+0000][gc,phases    ] GC(28)   Other: 6.1ms
[2021-08-22T19:16:18.540+0000][gc,heap      ] GC(28) Eden regions: 46->0(46)
[2021-08-22T19:16:18.540+0000][gc,heap      ] GC(28) Survivor regions: 5->5(7)
[2021-08-22T19:16:18.540+0000][gc,heap      ] GC(28) Old regions: 22->23
[2021-08-22T19:16:18.540+0000][gc,heap      ] GC(28) Archive regions: 2->2
[2021-08-22T19:16:18.540+0000][gc,heap      ] GC(28) Humongous regions: 129->129
[2021-08-22T19:16:18.540+0000][gc,metaspace ] GC(28) Metaspace: 43936K(47096K)->43936K(47096K) NonClass: 38088K(39852K)->38088K(39852K) Class: 5847K(7244K)->5847K(7244K)
[2021-08-22T19:16:18.540+0000][gc           ] GC(28) Pause Young (Normal) (G1 Evacuation Pause) 202M->156M(1024M) 28.691ms
[2021-08-22T19:16:18.540+0000][gc,cpu       ] GC(28) User=0.03s Sys=0.05s Real=0.03s
[2021-08-22T19:22:32.788+0000][gc,start     ] GC(29) Pause Young (Normal) (G1 Evacuation Pause)
[2021-08-22T19:22:32.788+0000][gc,task      ] GC(29) Using 4 workers of 4 for evacuation
[2021-08-22T19:22:32.821+0000][gc,mmu       ] GC(29) MMU target violated: 21.0ms (20.0ms/21.0ms)
[2021-08-22T19:22:32.821+0000][gc,phases    ] GC(29)   Pre Evacuate Collection Set: 2.2ms
[2021-08-22T19:22:32.821+0000][gc,phases    ] GC(29)   Merge Heap Roots: 1.0ms
[2021-08-22T19:22:32.821+0000][gc,phases    ] GC(29)   Evacuate Collection Set: 28.1ms
[2021-08-22T19:22:32.821+0000][gc,phases    ] GC(29)   Post Evacuate Collection Set: 0.9ms
[2021-08-22T19:22:32.821+0000][gc,phases    ] GC(29)   Other: 0.7ms
[2021-08-22T19:22:32.821+0000][gc,heap      ] GC(29) Eden regions: 46->0(47)
[2021-08-22T19:22:32.821+0000][gc,heap      ] GC(29) Survivor regions: 5->4(7)
[2021-08-22T19:22:32.821+0000][gc,heap      ] GC(29) Old regions: 23->24
[2021-08-22T19:22:32.821+0000][gc,heap      ] GC(29) Archive regions: 2->2
[2021-08-22T19:22:32.821+0000][gc,heap      ] GC(29) Humongous regions: 129->129
[2021-08-22T19:22:32.821+0000][gc,metaspace ] GC(29) Metaspace: 44005K(47096K)->44005K(47096K) NonClass: 38157K(39852K)->38157K(39852K) Class: 5847K(7244K)->5847K(7244K)
[2021-08-22T19:22:32.821+0000][gc           ] GC(29) Pause Young (Normal) (G1 Evacuation Pause) 202M->157M(1024M) 33.002ms
[2021-08-22T19:22:32.821+0000][gc,cpu       ] GC(29) User=0.03s Sys=0.04s Real=0.04s
[2021-08-22T19:24:01.200+0000][gc,heap,exit ] Heap
[2021-08-22T19:24:01.206+0000][gc,heap,exit ]  garbage-first heap   total 1048576K, used 178366K [0x00000007c0000000, 0x0000000800000000)
[2021-08-22T19:24:01.206+0000][gc,heap,exit ]   region size 1024K, 23 young (23552K), 4 survivors (4096K)
[2021-08-22T19:24:01.207+0000][gc,heap,exit ]  Metaspace       used 44836K, capacity 47974K, committed 48248K, reserved 1089536K
[2021-08-22T19:24:01.207+0000][gc,heap,exit ]   class space    used 6063K, capacity 7547K, committed 7628K, reserved 1048576K
