[2021-08-22T15:05:17.988+0000][gc,heap] Heap region size: 1M
[2021-08-22T15:05:17.988+0000][gc,heap,coops] Heap address: 0x00000007c0000000, size: 1024 MB, Compressed Oops mode: Zero based, Oop shift amount: 3
[2021-08-22T15:05:17.996+0000][gc           ] Using G1
[2021-08-22T15:05:17.996+0000][gc,cds       ] Mark closed archive regions in map: [0x00000007fff00000, 0x00000007fff7aff8]
[2021-08-22T15:05:17.996+0000][gc,cds       ] Mark open archive regions in map: [0x00000007ffe00000, 0x00000007ffe50ff8]
[2021-08-22T15:05:18.011+0000][gc           ] Periodic GC disabled
[2021-08-22T15:05:39.164+0000][gc,start     ] GC(0) Pause Young (Normal) (G1 Evacuation Pause)
[2021-08-22T15:05:39.164+0000][gc,task      ] GC(0) Using 4 workers of 4 for evacuation
[2021-08-22T15:05:39.170+0000][gc,phases    ] GC(0)   Pre Evacuate Collection Set: 0.1ms
[2021-08-22T15:05:39.170+0000][gc,phases    ] GC(0)   Merge Heap Roots: 0.1ms
[2021-08-22T15:05:39.170+0000][gc,phases    ] GC(0)   Evacuate Collection Set: 5.3ms
[2021-08-22T15:05:39.170+0000][gc,phases    ] GC(0)   Post Evacuate Collection Set: 0.5ms
[2021-08-22T15:05:39.170+0000][gc,phases    ] GC(0)   Other: 0.4ms
[2021-08-22T15:05:39.170+0000][gc,heap      ] GC(0) Eden regions: 51->0(44)
[2021-08-22T15:05:39.170+0000][gc,heap      ] GC(0) Survivor regions: 0->7(7)
[2021-08-22T15:05:39.170+0000][gc,heap      ] GC(0) Old regions: 0->0
[2021-08-22T15:05:39.170+0000][gc,heap      ] GC(0) Archive regions: 2->2
[2021-08-22T15:05:39.170+0000][gc,heap      ] GC(0) Humongous regions: 0->0
[2021-08-22T15:05:39.170+0000][gc,metaspace ] GC(0) Metaspace: 14681K(15488K)->14681K(15488K) NonClass: 12811K(13312K)->12811K(13312K) Class: 1869K(2176K)->1869K(2176K)
[2021-08-22T15:05:39.170+0000][gc           ] GC(0) Pause Young (Normal) (G1 Evacuation Pause) 51M->7M(1024M) 6.561ms
[2021-08-22T15:05:39.170+0000][gc,cpu       ] GC(0) User=0.02s Sys=0.00s Real=0.01s
[2021-08-22T15:05:39.180+0000][gc,heap,exit ] Heap
[2021-08-22T15:05:39.180+0000][gc,heap,exit ]  garbage-first heap   total 1048576K, used 8336K [0x00000007c0000000, 0x0000000800000000)
[2021-08-22T15:05:39.180+0000][gc,heap,exit ]   region size 1024K, 9 young (9216K), 7 survivors (7168K)
[2021-08-22T15:05:39.181+0000][gc,heap,exit ]  Metaspace       used 14773K, capacity 15229K, committed 15488K, reserved 1062912K
[2021-08-22T15:05:39.181+0000][gc,heap,exit ]   class space    used 1881K, capacity 2077K, committed 2176K, reserved 1048576K
