[2021-08-22T19:51:52.090+0000][gc,heap] Heap region size: 1M
[2021-08-22T19:51:52.090+0000][gc,heap,coops] Heap address: 0x00000007c0000000, size: 1024 MB, Compressed Oops mode: Zero based, Oop shift amount: 3
[2021-08-22T19:51:52.099+0000][gc           ] Using G1
[2021-08-22T19:51:52.100+0000][gc,cds       ] Mark closed archive regions in map: [0x00000007fff00000, 0x00000007fff7aff8]
[2021-08-22T19:51:52.100+0000][gc,cds       ] Mark open archive regions in map: [0x00000007ffe00000, 0x00000007ffe50ff8]
[2021-08-22T19:51:52.117+0000][gc           ] Periodic GC disabled
[2021-08-22T19:51:53.366+0000][gc,start     ] GC(0) Pause Young (Normal) (G1 Evacuation Pause)
[2021-08-22T19:51:53.367+0000][gc,task      ] GC(0) Using 4 workers of 4 for evacuation
[2021-08-22T19:51:53.379+0000][gc,phases    ] GC(0)   Pre Evacuate Collection Set: 0.3ms
[2021-08-22T19:51:53.380+0000][gc,phases    ] GC(0)   Merge Heap Roots: 0.1ms
[2021-08-22T19:51:53.380+0000][gc,phases    ] GC(0)   Evacuate Collection Set: 10.1ms
[2021-08-22T19:51:53.380+0000][gc,phases    ] GC(0)   Post Evacuate Collection Set: 0.8ms
[2021-08-22T19:51:53.380+0000][gc,phases    ] GC(0)   Other: 1.7ms
[2021-08-22T19:51:53.380+0000][gc,heap      ] GC(0) Eden regions: 51->0(44)
[2021-08-22T19:51:53.380+0000][gc,heap      ] GC(0) Survivor regions: 0->7(7)
[2021-08-22T19:51:53.380+0000][gc,heap      ] GC(0) Old regions: 0->0
[2021-08-22T19:51:53.380+0000][gc,heap      ] GC(0) Archive regions: 2->2
[2021-08-22T19:51:53.380+0000][gc,heap      ] GC(0) Humongous regions: 0->0
[2021-08-22T19:51:53.380+0000][gc,metaspace ] GC(0) Metaspace: 14396K(15104K)->14396K(15104K) NonClass: 12563K(13056K)->12563K(13056K) Class: 1833K(2048K)->1833K(2048K)
[2021-08-22T19:51:53.380+0000][gc           ] GC(0) Pause Young (Normal) (G1 Evacuation Pause) 51M->7M(1024M) 13.634ms
[2021-08-22T19:51:53.380+0000][gc,cpu       ] GC(0) User=0.02s Sys=0.01s Real=0.02s
[2021-08-22T19:51:54.041+0000][gc,start     ] GC(1) Pause Young (Concurrent Start) (Metadata GC Threshold)
[2021-08-22T19:51:54.041+0000][gc,task      ] GC(1) Using 4 workers of 4 for evacuation
[2021-08-22T19:51:54.053+0000][gc,phases    ] GC(1)   Pre Evacuate Collection Set: 0.2ms
[2021-08-22T19:51:54.053+0000][gc,phases    ] GC(1)   Merge Heap Roots: 0.0ms
[2021-08-22T19:51:54.053+0000][gc,phases    ] GC(1)   Evacuate Collection Set: 10.8ms
[2021-08-22T19:51:54.053+0000][gc,phases    ] GC(1)   Post Evacuate Collection Set: 0.4ms
[2021-08-22T19:51:54.053+0000][gc,phases    ] GC(1)   Other: 0.5ms
[2021-08-22T19:51:54.053+0000][gc,heap      ] GC(1) Eden regions: 27->0(49)
[2021-08-22T19:51:54.053+0000][gc,heap      ] GC(1) Survivor regions: 7->2(7)
[2021-08-22T19:51:54.053+0000][gc,heap      ] GC(1) Old regions: 0->7
[2021-08-22T19:51:54.053+0000][gc,heap      ] GC(1) Archive regions: 2->2
[2021-08-22T19:51:54.053+0000][gc,heap      ] GC(1) Humongous regions: 0->0
[2021-08-22T19:51:54.053+0000][gc,metaspace ] GC(1) Metaspace: 20406K(21248K)->20406K(21248K) NonClass: 17843K(18432K)->17843K(18432K) Class: 2562K(2816K)->2562K(2816K)
[2021-08-22T19:51:54.053+0000][gc           ] GC(1) Pause Young (Concurrent Start) (Metadata GC Threshold) 33M->8M(1024M) 12.098ms
[2021-08-22T19:51:54.053+0000][gc,cpu       ] GC(1) User=0.02s Sys=0.00s Real=0.01s
[2021-08-22T19:51:54.053+0000][gc           ] GC(2) Concurrent Cycle
[2021-08-22T19:51:54.053+0000][gc,marking   ] GC(2) Concurrent Clear Claimed Marks
[2021-08-22T19:51:54.053+0000][gc,marking   ] GC(2) Concurrent Clear Claimed Marks 0.083ms
[2021-08-22T19:51:54.054+0000][gc,marking   ] GC(2) Concurrent Scan Root Regions
[2021-08-22T19:51:54.059+0000][gc,marking   ] GC(2) Concurrent Scan Root Regions 5.248ms
[2021-08-22T19:51:54.059+0000][gc,marking   ] GC(2) Concurrent Mark (2.006s)
[2021-08-22T19:51:54.059+0000][gc,marking   ] GC(2) Concurrent Mark From Roots
[2021-08-22T19:51:54.059+0000][gc,task      ] GC(2) Using 1 workers of 1 for marking
[2021-08-22T19:51:54.060+0000][gc,marking   ] GC(2) Concurrent Mark From Roots 1.283ms
[2021-08-22T19:51:54.060+0000][gc,marking   ] GC(2) Concurrent Preclean
[2021-08-22T19:51:54.060+0000][gc,marking   ] GC(2) Concurrent Preclean 0.038ms
[2021-08-22T19:51:54.060+0000][gc,marking   ] GC(2) Concurrent Mark (2.006s, 2.007s) 1.387ms
[2021-08-22T19:51:54.063+0000][gc,start     ] GC(2) Pause Remark
[2021-08-22T19:51:54.064+0000][gc           ] GC(2) Pause Remark 8M->8M(1024M) 1.175ms
[2021-08-22T19:51:54.064+0000][gc,cpu       ] GC(2) User=0.00s Sys=0.00s Real=0.00s
[2021-08-22T19:51:54.064+0000][gc,marking   ] GC(2) Concurrent Rebuild Remembered Sets
[2021-08-22T19:51:54.068+0000][gc,marking   ] GC(2) Concurrent Rebuild Remembered Sets 4.060ms
[2021-08-22T19:51:54.069+0000][gc,start     ] GC(2) Pause Cleanup
[2021-08-22T19:51:54.069+0000][gc           ] GC(2) Pause Cleanup 8M->8M(1024M) 0.116ms
[2021-08-22T19:51:54.069+0000][gc,cpu       ] GC(2) User=0.00s Sys=0.00s Real=0.00s
[2021-08-22T19:51:54.069+0000][gc,marking   ] GC(2) Concurrent Cleanup for Next Mark
[2021-08-22T19:51:54.080+0000][gc,marking   ] GC(2) Concurrent Cleanup for Next Mark 11.357ms
[2021-08-22T19:51:54.080+0000][gc           ] GC(2) Concurrent Cycle 26.883ms
[2021-08-22T19:51:55.418+0000][gc,start     ] GC(3) Pause Young (Normal) (G1 Evacuation Pause)
[2021-08-22T19:51:55.418+0000][gc,task      ] GC(3) Using 4 workers of 4 for evacuation
[2021-08-22T19:51:55.422+0000][gc,phases    ] GC(3)   Pre Evacuate Collection Set: 0.1ms
[2021-08-22T19:51:55.422+0000][gc,phases    ] GC(3)   Merge Heap Roots: 0.0ms
[2021-08-22T19:51:55.422+0000][gc,phases    ] GC(3)   Evacuate Collection Set: 3.8ms
[2021-08-22T19:51:55.422+0000][gc,phases    ] GC(3)   Post Evacuate Collection Set: 0.4ms
[2021-08-22T19:51:55.422+0000][gc,phases    ] GC(3)   Other: 0.1ms
[2021-08-22T19:51:55.422+0000][gc,heap      ] GC(3) Eden regions: 49->0(47)
[2021-08-22T19:51:55.422+0000][gc,heap      ] GC(3) Survivor regions: 2->4(7)
[2021-08-22T19:51:55.422+0000][gc,heap      ] GC(3) Old regions: 7->7
[2021-08-22T19:51:55.422+0000][gc,heap      ] GC(3) Archive regions: 2->2
[2021-08-22T19:51:55.422+0000][gc,heap      ] GC(3) Humongous regions: 129->129
[2021-08-22T19:51:55.422+0000][gc,metaspace ] GC(3) Metaspace: 28264K(29568K)->28264K(29568K) NonClass: 24844K(25600K)->24844K(25600K) Class: 3419K(3968K)->3419K(3968K)
[2021-08-22T19:51:55.422+0000][gc           ] GC(3) Pause Young (Normal) (G1 Evacuation Pause) 186M->140M(1024M) 4.551ms
[2021-08-22T19:51:55.422+0000][gc,cpu       ] GC(3) User=0.02s Sys=0.00s Real=0.01s
[2021-08-22T19:51:55.979+0000][gc,start     ] GC(4) Pause Young (Concurrent Start) (Metadata GC Threshold)
[2021-08-22T19:51:55.979+0000][gc,task      ] GC(4) Using 4 workers of 4 for evacuation
[2021-08-22T19:51:55.988+0000][gc,phases    ] GC(4)   Pre Evacuate Collection Set: 0.2ms
[2021-08-22T19:51:55.988+0000][gc,phases    ] GC(4)   Merge Heap Roots: 0.1ms
[2021-08-22T19:51:55.988+0000][gc,phases    ] GC(4)   Evacuate Collection Set: 7.7ms
[2021-08-22T19:51:55.988+0000][gc,phases    ] GC(4)   Post Evacuate Collection Set: 0.5ms
[2021-08-22T19:51:55.988+0000][gc,phases    ] GC(4)   Other: 0.3ms
[2021-08-22T19:51:55.988+0000][gc,heap      ] GC(4) Eden regions: 33->0(45)
[2021-08-22T19:51:55.988+0000][gc,heap      ] GC(4) Survivor regions: 4->6(7)
[2021-08-22T19:51:55.988+0000][gc,heap      ] GC(4) Old regions: 7->8
[2021-08-22T19:51:55.988+0000][gc,heap      ] GC(4) Archive regions: 2->2
[2021-08-22T19:51:55.988+0000][gc,heap      ] GC(4) Humongous regions: 129->129
[2021-08-22T19:51:55.988+0000][gc,metaspace ] GC(4) Metaspace: 34175K(35584K)->34175K(35584K) NonClass: 30008K(30720K)->30008K(30720K) Class: 4167K(4864K)->4167K(4864K)
[2021-08-22T19:51:55.989+0000][gc           ] GC(4) Pause Young (Concurrent Start) (Metadata GC Threshold) 172M->142M(1024M) 9.130ms
[2021-08-22T19:51:55.989+0000][gc,cpu       ] GC(4) User=0.03s Sys=0.00s Real=0.01s
[2021-08-22T19:51:55.989+0000][gc           ] GC(5) Concurrent Cycle
[2021-08-22T19:51:55.989+0000][gc,marking   ] GC(5) Concurrent Clear Claimed Marks
[2021-08-22T19:51:55.989+0000][gc,marking   ] GC(5) Concurrent Clear Claimed Marks 0.270ms
[2021-08-22T19:51:55.989+0000][gc,marking   ] GC(5) Concurrent Scan Root Regions
[2021-08-22T19:51:55.998+0000][gc,marking   ] GC(5) Concurrent Scan Root Regions 8.439ms
[2021-08-22T19:51:55.998+0000][gc,marking   ] GC(5) Concurrent Mark (3.945s)
[2021-08-22T19:51:55.998+0000][gc,marking   ] GC(5) Concurrent Mark From Roots
[2021-08-22T19:51:55.998+0000][gc,task      ] GC(5) Using 1 workers of 1 for marking
[2021-08-22T19:51:56.018+0000][gc,marking   ] GC(5) Concurrent Mark From Roots 19.883ms
[2021-08-22T19:51:56.018+0000][gc,marking   ] GC(5) Concurrent Preclean
[2021-08-22T19:51:56.018+0000][gc,marking   ] GC(5) Concurrent Preclean 0.078ms
[2021-08-22T19:51:56.018+0000][gc,marking   ] GC(5) Concurrent Mark (3.945s, 3.965s) 20.046ms
[2021-08-22T19:51:56.022+0000][gc,start     ] GC(5) Pause Remark
[2021-08-22T19:51:56.025+0000][gc           ] GC(5) Pause Remark 145M->145M(1024M) 2.675ms
[2021-08-22T19:51:56.025+0000][gc,cpu       ] GC(5) User=0.01s Sys=0.00s Real=0.00s
[2021-08-22T19:51:56.025+0000][gc,marking   ] GC(5) Concurrent Rebuild Remembered Sets
[2021-08-22T19:51:56.035+0000][gc,marking   ] GC(5) Concurrent Rebuild Remembered Sets 9.082ms
[2021-08-22T19:51:56.035+0000][gc,start     ] GC(5) Pause Cleanup
[2021-08-22T19:51:56.035+0000][gc           ] GC(5) Pause Cleanup 145M->145M(1024M) 0.157ms
[2021-08-22T19:51:56.035+0000][gc,cpu       ] GC(5) User=0.00s Sys=0.00s Real=0.00s
[2021-08-22T19:51:56.041+0000][gc,marking   ] GC(5) Concurrent Cleanup for Next Mark
[2021-08-22T19:51:56.052+0000][gc,marking   ] GC(5) Concurrent Cleanup for Next Mark 10.745ms
[2021-08-22T19:51:56.052+0000][gc           ] GC(5) Concurrent Cycle 63.013ms
[2021-08-22T19:51:56.641+0000][gc,start     ] GC(6) Pause Young (Concurrent Start) (G1 Humongous Allocation)
[2021-08-22T19:51:56.641+0000][gc,task      ] GC(6) Using 4 workers of 4 for evacuation
[2021-08-22T19:51:56.652+0000][gc,phases    ] GC(6)   Pre Evacuate Collection Set: 0.3ms
[2021-08-22T19:51:56.652+0000][gc,phases    ] GC(6)   Merge Heap Roots: 0.1ms
[2021-08-22T19:51:56.652+0000][gc,phases    ] GC(6)   Evacuate Collection Set: 10.3ms
[2021-08-22T19:51:56.652+0000][gc,phases    ] GC(6)   Post Evacuate Collection Set: 0.6ms
[2021-08-22T19:51:56.652+0000][gc,phases    ] GC(6)   Other: 0.2ms
[2021-08-22T19:51:56.652+0000][gc,heap      ] GC(6) Eden regions: 32->0(47)
[2021-08-22T19:51:56.652+0000][gc,heap      ] GC(6) Survivor regions: 6->4(7)
[2021-08-22T19:51:56.652+0000][gc,heap      ] GC(6) Old regions: 8->11
[2021-08-22T19:51:56.652+0000][gc,heap      ] GC(6) Archive regions: 2->2
[2021-08-22T19:51:56.652+0000][gc,heap      ] GC(6) Humongous regions: 345->129
[2021-08-22T19:51:56.652+0000][gc,metaspace ] GC(6) Metaspace: 38078K(40056K)->38078K(40056K) NonClass: 33228K(34304K)->33228K(34304K) Class: 4849K(5752K)->4849K(5752K)
[2021-08-22T19:51:56.652+0000][gc           ] GC(6) Pause Young (Concurrent Start) (G1 Humongous Allocation) 390M->143M(1024M) 11.640ms
[2021-08-22T19:51:56.652+0000][gc,cpu       ] GC(6) User=0.02s Sys=0.01s Real=0.01s
[2021-08-22T19:51:56.653+0000][gc           ] GC(7) Concurrent Cycle
[2021-08-22T19:51:56.653+0000][gc,marking   ] GC(7) Concurrent Clear Claimed Marks
[2021-08-22T19:51:56.653+0000][gc,marking   ] GC(7) Concurrent Clear Claimed Marks 0.117ms
[2021-08-22T19:51:56.653+0000][gc,marking   ] GC(7) Concurrent Scan Root Regions
[2021-08-22T19:51:56.662+0000][gc,marking   ] GC(7) Concurrent Scan Root Regions 9.810ms
[2021-08-22T19:51:56.663+0000][gc,marking   ] GC(7) Concurrent Mark (4.610s)
[2021-08-22T19:51:56.663+0000][gc,marking   ] GC(7) Concurrent Mark From Roots
[2021-08-22T19:51:56.663+0000][gc,task      ] GC(7) Using 1 workers of 1 for marking
[2021-08-22T19:51:56.677+0000][gc,marking   ] GC(7) Concurrent Mark From Roots 14.926ms
[2021-08-22T19:51:56.678+0000][gc,marking   ] GC(7) Concurrent Preclean
[2021-08-22T19:51:56.678+0000][gc,marking   ] GC(7) Concurrent Preclean 0.069ms
[2021-08-22T19:51:56.678+0000][gc,marking   ] GC(7) Concurrent Mark (4.610s, 4.625s) 15.079ms
[2021-08-22T19:51:56.678+0000][gc,start     ] GC(7) Pause Remark
[2021-08-22T19:51:56.682+0000][gc           ] GC(7) Pause Remark 168M->168M(1024M) 4.347ms
[2021-08-22T19:51:56.682+0000][gc,cpu       ] GC(7) User=0.01s Sys=0.00s Real=0.01s
[2021-08-22T19:51:56.682+0000][gc,marking   ] GC(7) Concurrent Rebuild Remembered Sets
[2021-08-22T19:51:56.694+0000][gc,marking   ] GC(7) Concurrent Rebuild Remembered Sets 11.708ms
[2021-08-22T19:51:56.695+0000][gc,start     ] GC(7) Pause Cleanup
[2021-08-22T19:51:56.695+0000][gc           ] GC(7) Pause Cleanup 168M->168M(1024M) 0.354ms
[2021-08-22T19:51:56.695+0000][gc,cpu       ] GC(7) User=0.00s Sys=0.00s Real=0.00s
[2021-08-22T19:51:56.695+0000][gc,marking   ] GC(7) Concurrent Cleanup for Next Mark
[2021-08-22T19:51:56.699+0000][gc,marking   ] GC(7) Concurrent Cleanup for Next Mark 3.826ms
[2021-08-22T19:51:56.699+0000][gc           ] GC(7) Concurrent Cycle 46.453ms
[2021-08-22T19:55:14.019+0000][gc,start     ] GC(8) Pause Young (Normal) (G1 Evacuation Pause)
[2021-08-22T19:55:14.021+0000][gc,task      ] GC(8) Using 4 workers of 4 for evacuation
[2021-08-22T19:55:14.054+0000][gc,mmu       ] GC(8) MMU target violated: 21.0ms (20.0ms/21.0ms)
[2021-08-22T19:55:14.054+0000][gc,phases    ] GC(8)   Pre Evacuate Collection Set: 2.2ms
[2021-08-22T19:55:14.054+0000][gc,phases    ] GC(8)   Merge Heap Roots: 0.2ms
[2021-08-22T19:55:14.054+0000][gc,phases    ] GC(8)   Evacuate Collection Set: 29.1ms
[2021-08-22T19:55:14.054+0000][gc,phases    ] GC(8)   Post Evacuate Collection Set: 1.1ms
[2021-08-22T19:55:14.054+0000][gc,phases    ] GC(8)   Other: 2.0ms
[2021-08-22T19:55:14.054+0000][gc,heap      ] GC(8) Eden regions: 47->0(46)
[2021-08-22T19:55:14.054+0000][gc,heap      ] GC(8) Survivor regions: 4->5(7)
[2021-08-22T19:55:14.054+0000][gc,heap      ] GC(8) Old regions: 11->13
[2021-08-22T19:55:14.054+0000][gc,heap      ] GC(8) Archive regions: 2->2
[2021-08-22T19:55:14.054+0000][gc,heap      ] GC(8) Humongous regions: 153->129
[2021-08-22T19:55:14.054+0000][gc,metaspace ] GC(8) Metaspace: 42374K(45176K)->42374K(45176K) NonClass: 36685K(38144K)->36685K(38144K) Class: 5688K(7032K)->5688K(7032K)
[2021-08-22T19:55:14.054+0000][gc           ] GC(8) Pause Young (Normal) (G1 Evacuation Pause) 214M->146M(1024M) 34.668ms
[2021-08-22T19:55:14.054+0000][gc,cpu       ] GC(8) User=0.04s Sys=0.06s Real=0.04s
[2021-08-22T19:59:56.271+0000][gc,start     ] GC(9) Pause Young (Normal) (G1 Evacuation Pause)
[2021-08-22T19:59:56.272+0000][gc,task      ] GC(9) Using 4 workers of 4 for evacuation
[2021-08-22T19:59:56.296+0000][gc,mmu       ] GC(9) MMU target violated: 21.0ms (20.0ms/21.0ms)
[2021-08-22T19:59:56.296+0000][gc,phases    ] GC(9)   Pre Evacuate Collection Set: 2.5ms
[2021-08-22T19:59:56.296+0000][gc,phases    ] GC(9)   Merge Heap Roots: 0.2ms
[2021-08-22T19:59:56.296+0000][gc,phases    ] GC(9)   Evacuate Collection Set: 20.3ms
[2021-08-22T19:59:56.296+0000][gc,phases    ] GC(9)   Post Evacuate Collection Set: 0.8ms
[2021-08-22T19:59:56.296+0000][gc,phases    ] GC(9)   Other: 1.5ms
[2021-08-22T19:59:56.296+0000][gc,heap      ] GC(9) Eden regions: 46->0(47)
[2021-08-22T19:59:56.296+0000][gc,heap      ] GC(9) Survivor regions: 5->4(7)
[2021-08-22T19:59:56.296+0000][gc,heap      ] GC(9) Old regions: 13->15
[2021-08-22T19:59:56.296+0000][gc,heap      ] GC(9) Archive regions: 2->2
[2021-08-22T19:59:56.296+0000][gc,heap      ] GC(9) Humongous regions: 129->129
[2021-08-22T19:59:56.296+0000][gc,metaspace ] GC(9) Metaspace: 42619K(45432K)->42619K(45432K) NonClass: 36930K(38400K)->36930K(38400K) Class: 5688K(7032K)->5688K(7032K)
[2021-08-22T19:59:56.296+0000][gc           ] GC(9) Pause Young (Normal) (G1 Evacuation Pause) 192M->147M(1024M) 25.361ms
[2021-08-22T19:59:56.296+0000][gc,cpu       ] GC(9) User=0.03s Sys=0.05s Real=0.02s
[2021-08-22T20:05:04.996+0000][gc,start     ] GC(10) Pause Young (Normal) (G1 Evacuation Pause)
[2021-08-22T20:05:04.996+0000][gc,task      ] GC(10) Using 4 workers of 4 for evacuation
[2021-08-22T20:05:05.023+0000][gc,mmu       ] GC(10) MMU target violated: 21.0ms (20.0ms/21.0ms)
[2021-08-22T20:05:05.023+0000][gc,phases    ] GC(10)   Pre Evacuate Collection Set: 2.6ms
[2021-08-22T20:05:05.023+0000][gc,phases    ] GC(10)   Merge Heap Roots: 0.2ms
[2021-08-22T20:05:05.023+0000][gc,phases    ] GC(10)   Evacuate Collection Set: 22.3ms
[2021-08-22T20:05:05.023+0000][gc,phases    ] GC(10)   Post Evacuate Collection Set: 1.3ms
[2021-08-22T20:05:05.023+0000][gc,phases    ] GC(10)   Other: 3.2ms
[2021-08-22T20:05:05.023+0000][gc,heap      ] GC(10) Eden regions: 47->0(47)
[2021-08-22T20:05:05.023+0000][gc,heap      ] GC(10) Survivor regions: 4->4(7)
[2021-08-22T20:05:05.023+0000][gc,heap      ] GC(10) Old regions: 15->15
[2021-08-22T20:05:05.023+0000][gc,heap      ] GC(10) Archive regions: 2->2
[2021-08-22T20:05:05.023+0000][gc,heap      ] GC(10) Humongous regions: 129->129
[2021-08-22T20:05:05.023+0000][gc,metaspace ] GC(10) Metaspace: 42999K(46072K)->42999K(46072K) NonClass: 37267K(38912K)->37267K(38912K) Class: 5732K(7160K)->5732K(7160K)
[2021-08-22T20:05:05.023+0000][gc           ] GC(10) Pause Young (Normal) (G1 Evacuation Pause) 194M->147M(1024M) 27.593ms
[2021-08-22T20:05:05.023+0000][gc,cpu       ] GC(10) User=0.02s Sys=0.06s Real=0.03s
[2021-08-22T20:16:55.577+0000][gc,start     ] GC(11) Pause Young (Normal) (G1 Evacuation Pause)
[2021-08-22T20:16:55.580+0000][gc,task      ] GC(11) Using 4 workers of 4 for evacuation
[2021-08-22T20:16:55.606+0000][gc,mmu       ] GC(11) MMU target violated: 21.0ms (20.0ms/21.0ms)
[2021-08-22T20:16:55.607+0000][gc,phases    ] GC(11)   Pre Evacuate Collection Set: 2.4ms
[2021-08-22T20:16:55.607+0000][gc,phases    ] GC(11)   Merge Heap Roots: 0.2ms
[2021-08-22T20:16:55.607+0000][gc,phases    ] GC(11)   Evacuate Collection Set: 21.8ms
[2021-08-22T20:16:55.607+0000][gc,phases    ] GC(11)   Post Evacuate Collection Set: 2.0ms
[2021-08-22T20:16:55.607+0000][gc,phases    ] GC(11)   Other: 2.7ms
[2021-08-22T20:16:55.607+0000][gc,heap      ] GC(11) Eden regions: 47->0(46)
[2021-08-22T20:16:55.607+0000][gc,heap      ] GC(11) Survivor regions: 4->5(7)
[2021-08-22T20:16:55.607+0000][gc,heap      ] GC(11) Old regions: 15->15
[2021-08-22T20:16:55.607+0000][gc,heap      ] GC(11) Archive regions: 2->2
[2021-08-22T20:16:55.607+0000][gc,heap      ] GC(11) Humongous regions: 129->129
[2021-08-22T20:16:55.607+0000][gc,metaspace ] GC(11) Metaspace: 43068K(46072K)->43068K(46072K) NonClass: 37336K(38912K)->37336K(38912K) Class: 5732K(7160K)->5732K(7160K)
[2021-08-22T20:16:55.607+0000][gc           ] GC(11) Pause Young (Normal) (G1 Evacuation Pause) 194M->148M(1024M) 29.959ms
[2021-08-22T20:16:55.608+0000][gc,cpu       ] GC(11) User=0.03s Sys=0.05s Real=0.03s
[2021-08-22T20:22:14.906+0000][gc,start     ] GC(12) Pause Young (Normal) (G1 Evacuation Pause)
[2021-08-22T20:22:14.908+0000][gc,task      ] GC(12) Using 4 workers of 4 for evacuation
[2021-08-22T20:22:14.919+0000][gc,phases    ] GC(12)   Pre Evacuate Collection Set: 0.2ms
[2021-08-22T20:22:14.920+0000][gc,phases    ] GC(12)   Merge Heap Roots: 0.2ms
[2021-08-22T20:22:14.920+0000][gc,phases    ] GC(12)   Evacuate Collection Set: 10.2ms
[2021-08-22T20:22:14.920+0000][gc,phases    ] GC(12)   Post Evacuate Collection Set: 0.6ms
[2021-08-22T20:22:14.920+0000][gc,phases    ] GC(12)   Other: 1.9ms
[2021-08-22T20:22:14.920+0000][gc,heap      ] GC(12) Eden regions: 46->0(48)
[2021-08-22T20:22:14.920+0000][gc,heap      ] GC(12) Survivor regions: 5->3(7)
[2021-08-22T20:22:14.920+0000][gc,heap      ] GC(12) Old regions: 15->16
[2021-08-22T20:22:14.920+0000][gc,heap      ] GC(12) Archive regions: 2->2
[2021-08-22T20:22:14.920+0000][gc,heap      ] GC(12) Humongous regions: 129->129
[2021-08-22T20:22:14.920+0000][gc,metaspace ] GC(12) Metaspace: 43117K(46072K)->43117K(46072K) NonClass: 37385K(38912K)->37385K(38912K) Class: 5732K(7160K)->5732K(7160K)
[2021-08-22T20:22:14.920+0000][gc           ] GC(12) Pause Young (Normal) (G1 Evacuation Pause) 194M->147M(1024M) 13.513ms
[2021-08-22T20:22:14.920+0000][gc,cpu       ] GC(12) User=0.03s Sys=0.01s Real=0.02s
[2021-08-22T20:27:51.689+0000][gc,start     ] GC(13) Pause Young (Normal) (G1 Evacuation Pause)
[2021-08-22T20:27:51.691+0000][gc,task      ] GC(13) Using 4 workers of 4 for evacuation
[2021-08-22T20:27:51.707+0000][gc,phases    ] GC(13)   Pre Evacuate Collection Set: 0.2ms
[2021-08-22T20:27:51.707+0000][gc,phases    ] GC(13)   Merge Heap Roots: 0.1ms
[2021-08-22T20:27:51.707+0000][gc,phases    ] GC(13)   Evacuate Collection Set: 15.3ms
[2021-08-22T20:27:51.707+0000][gc,phases    ] GC(13)   Post Evacuate Collection Set: 0.6ms
[2021-08-22T20:27:51.707+0000][gc,phases    ] GC(13)   Other: 2.0ms
[2021-08-22T20:27:51.707+0000][gc,heap      ] GC(13) Eden regions: 48->0(47)
[2021-08-22T20:27:51.707+0000][gc,heap      ] GC(13) Survivor regions: 3->4(7)
[2021-08-22T20:27:51.707+0000][gc,heap      ] GC(13) Old regions: 16->16
[2021-08-22T20:27:51.707+0000][gc,heap      ] GC(13) Archive regions: 2->2
[2021-08-22T20:27:51.707+0000][gc,heap      ] GC(13) Humongous regions: 129->129
[2021-08-22T20:27:51.707+0000][gc,metaspace ] GC(13) Metaspace: 43153K(46328K)->43153K(46328K) NonClass: 37420K(39168K)->37420K(39168K) Class: 5732K(7160K)->5732K(7160K)
[2021-08-22T20:27:51.707+0000][gc           ] GC(13) Pause Young (Normal) (G1 Evacuation Pause) 195M->148M(1024M) 18.330ms
[2021-08-22T20:27:51.707+0000][gc,cpu       ] GC(13) User=0.02s Sys=0.02s Real=0.02s
[2021-08-22T21:01:43.021+0000][gc,start     ] GC(14) Pause Young (Normal) (G1 Evacuation Pause)
[2021-08-22T21:01:43.022+0000][gc,task      ] GC(14) Using 4 workers of 4 for evacuation
[2021-08-22T21:01:43.040+0000][gc,phases    ] GC(14)   Pre Evacuate Collection Set: 2.3ms
[2021-08-22T21:01:43.040+0000][gc,phases    ] GC(14)   Merge Heap Roots: 0.2ms
[2021-08-22T21:01:43.040+0000][gc,phases    ] GC(14)   Evacuate Collection Set: 15.1ms
[2021-08-22T21:01:43.040+0000][gc,phases    ] GC(14)   Post Evacuate Collection Set: 0.7ms
[2021-08-22T21:01:43.040+0000][gc,phases    ] GC(14)   Other: 2.7ms
[2021-08-22T21:01:43.040+0000][gc,heap      ] GC(14) Eden regions: 47->0(47)
[2021-08-22T21:01:43.040+0000][gc,heap      ] GC(14) Survivor regions: 4->4(7)
[2021-08-22T21:01:43.040+0000][gc,heap      ] GC(14) Old regions: 16->16
[2021-08-22T21:01:43.040+0000][gc,heap      ] GC(14) Archive regions: 2->2
[2021-08-22T21:01:43.040+0000][gc,heap      ] GC(14) Humongous regions: 129->129
[2021-08-22T21:01:43.040+0000][gc,metaspace ] GC(14) Metaspace: 43176K(46328K)->43176K(46328K) NonClass: 37443K(39168K)->37443K(39168K) Class: 5733K(7160K)->5733K(7160K)
[2021-08-22T21:01:43.040+0000][gc           ] GC(14) Pause Young (Normal) (G1 Evacuation Pause) 195M->148M(1024M) 19.329ms
[2021-08-22T21:01:43.040+0000][gc,cpu       ] GC(14) User=0.01s Sys=0.04s Real=0.02s
[2021-08-22T21:07:07.271+0000][gc,start     ] GC(15) Pause Young (Normal) (G1 Evacuation Pause)
[2021-08-22T21:07:07.273+0000][gc,task      ] GC(15) Using 4 workers of 4 for evacuation
[2021-08-22T21:07:07.294+0000][gc,mmu       ] GC(15) MMU target violated: 21.0ms (20.0ms/21.0ms)
[2021-08-22T21:07:07.294+0000][gc,phases    ] GC(15)   Pre Evacuate Collection Set: 2.6ms
[2021-08-22T21:07:07.294+0000][gc,phases    ] GC(15)   Merge Heap Roots: 0.4ms
[2021-08-22T21:07:07.294+0000][gc,phases    ] GC(15)   Evacuate Collection Set: 17.6ms
[2021-08-22T21:07:07.294+0000][gc,phases    ] GC(15)   Post Evacuate Collection Set: 0.7ms
[2021-08-22T21:07:07.295+0000][gc,phases    ] GC(15)   Other: 2.5ms
[2021-08-22T21:07:07.295+0000][gc,heap      ] GC(15) Eden regions: 47->0(46)
[2021-08-22T21:07:07.295+0000][gc,heap      ] GC(15) Survivor regions: 4->5(7)
[2021-08-22T21:07:07.295+0000][gc,heap      ] GC(15) Old regions: 16->16
[2021-08-22T21:07:07.295+0000][gc,heap      ] GC(15) Archive regions: 2->2
[2021-08-22T21:07:07.295+0000][gc,heap      ] GC(15) Humongous regions: 129->129
[2021-08-22T21:07:07.295+0000][gc,metaspace ] GC(15) Metaspace: 43207K(46328K)->43207K(46328K) NonClass: 37474K(39168K)->37474K(39168K) Class: 5733K(7160K)->5733K(7160K)
[2021-08-22T21:07:07.295+0000][gc           ] GC(15) Pause Young (Normal) (G1 Evacuation Pause) 195M->149M(1024M) 23.922ms
[2021-08-22T21:07:07.295+0000][gc,cpu       ] GC(15) User=0.02s Sys=0.03s Real=0.02s
[2021-08-22T21:12:26.551+0000][gc,start     ] GC(16) Pause Young (Normal) (G1 Evacuation Pause)
[2021-08-22T21:12:26.554+0000][gc,task      ] GC(16) Using 4 workers of 4 for evacuation
[2021-08-22T21:12:26.579+0000][gc,mmu       ] GC(16) MMU target violated: 21.0ms (20.0ms/21.0ms)
[2021-08-22T21:12:26.579+0000][gc,phases    ] GC(16)   Pre Evacuate Collection Set: 2.6ms
[2021-08-22T21:12:26.579+0000][gc,phases    ] GC(16)   Merge Heap Roots: 0.4ms
[2021-08-22T21:12:26.579+0000][gc,phases    ] GC(16)   Evacuate Collection Set: 20.1ms
[2021-08-22T21:12:26.579+0000][gc,phases    ] GC(16)   Post Evacuate Collection Set: 1.6ms
[2021-08-22T21:12:26.579+0000][gc,phases    ] GC(16)   Other: 3.3ms
[2021-08-22T21:12:26.579+0000][gc,heap      ] GC(16) Eden regions: 46->0(47)
[2021-08-22T21:12:26.579+0000][gc,heap      ] GC(16) Survivor regions: 5->4(7)
[2021-08-22T21:12:26.579+0000][gc,heap      ] GC(16) Old regions: 16->17
[2021-08-22T21:12:26.579+0000][gc,heap      ] GC(16) Archive regions: 2->2
[2021-08-22T21:12:26.579+0000][gc,heap      ] GC(16) Humongous regions: 129->129
[2021-08-22T21:12:26.579+0000][gc,metaspace ] GC(16) Metaspace: 43228K(46328K)->43228K(46328K) NonClass: 37495K(39168K)->37495K(39168K) Class: 5733K(7160K)->5733K(7160K)
[2021-08-22T21:12:26.579+0000][gc           ] GC(16) Pause Young (Normal) (G1 Evacuation Pause) 195M->149M(1024M) 28.074ms
[2021-08-22T21:12:26.579+0000][gc,cpu       ] GC(16) User=0.02s Sys=0.03s Real=0.02s
[2021-08-22T21:17:50.935+0000][gc,start     ] GC(17) Pause Young (Normal) (G1 Evacuation Pause)
[2021-08-22T21:17:50.936+0000][gc,task      ] GC(17) Using 4 workers of 4 for evacuation
[2021-08-22T21:17:50.950+0000][gc,phases    ] GC(17)   Pre Evacuate Collection Set: 2.5ms
[2021-08-22T21:17:50.950+0000][gc,phases    ] GC(17)   Merge Heap Roots: 0.2ms
[2021-08-22T21:17:50.950+0000][gc,phases    ] GC(17)   Evacuate Collection Set: 10.4ms
[2021-08-22T21:17:50.950+0000][gc,phases    ] GC(17)   Post Evacuate Collection Set: 0.8ms
[2021-08-22T21:17:50.950+0000][gc,phases    ] GC(17)   Other: 1.1ms
[2021-08-22T21:17:50.950+0000][gc,heap      ] GC(17) Eden regions: 47->0(63)
[2021-08-22T21:17:50.950+0000][gc,heap      ] GC(17) Survivor regions: 4->4(7)
[2021-08-22T21:17:50.950+0000][gc,heap      ] GC(17) Old regions: 17->17
[2021-08-22T21:17:50.950+0000][gc,heap      ] GC(17) Archive regions: 2->2
[2021-08-22T21:17:50.950+0000][gc,heap      ] GC(17) Humongous regions: 129->129
[2021-08-22T21:17:50.950+0000][gc,metaspace ] GC(17) Metaspace: 43259K(46328K)->43259K(46328K) NonClass: 37526K(39168K)->37526K(39168K) Class: 5733K(7160K)->5733K(7160K)
[2021-08-22T21:17:50.950+0000][gc           ] GC(17) Pause Young (Normal) (G1 Evacuation Pause) 196M->149M(1024M) 15.137ms
[2021-08-22T21:17:50.950+0000][gc,cpu       ] GC(17) User=0.02s Sys=0.03s Real=0.02s
[2021-08-22T21:46:04.969+0000][gc,start     ] GC(18) Pause Young (Normal) (G1 Evacuation Pause)
[2021-08-22T21:46:04.970+0000][gc,task      ] GC(18) Using 4 workers of 4 for evacuation
[2021-08-22T21:46:04.990+0000][gc,mmu       ] GC(18) MMU target violated: 20.3ms (20.0ms/21.0ms)
[2021-08-22T21:46:04.990+0000][gc,phases    ] GC(18)   Pre Evacuate Collection Set: 1.5ms
[2021-08-22T21:46:04.990+0000][gc,phases    ] GC(18)   Merge Heap Roots: 0.2ms
[2021-08-22T21:46:04.990+0000][gc,phases    ] GC(18)   Evacuate Collection Set: 17.7ms
[2021-08-22T21:46:04.990+0000][gc,phases    ] GC(18)   Post Evacuate Collection Set: 0.9ms
[2021-08-22T21:46:04.990+0000][gc,phases    ] GC(18)   Other: 0.8ms
[2021-08-22T21:46:04.990+0000][gc,heap      ] GC(18) Eden regions: 63->0(46)
[2021-08-22T21:46:04.990+0000][gc,heap      ] GC(18) Survivor regions: 4->5(9)
[2021-08-22T21:46:04.990+0000][gc,heap      ] GC(18) Old regions: 17->17
[2021-08-22T21:46:04.990+0000][gc,heap      ] GC(18) Archive regions: 2->2
[2021-08-22T21:46:04.990+0000][gc,heap      ] GC(18) Humongous regions: 129->129
[2021-08-22T21:46:04.990+0000][gc,metaspace ] GC(18) Metaspace: 43274K(46328K)->43274K(46328K) NonClass: 37540K(39168K)->37540K(39168K) Class: 5733K(7160K)->5733K(7160K)
[2021-08-22T21:46:04.990+0000][gc           ] GC(18) Pause Young (Normal) (G1 Evacuation Pause) 212M->150M(1024M) 21.110ms
[2021-08-22T21:46:04.990+0000][gc,cpu       ] GC(18) User=0.03s Sys=0.03s Real=0.03s
[2021-08-22T21:52:34.886+0000][gc,start     ] GC(19) Pause Young (Normal) (G1 Evacuation Pause)
[2021-08-22T21:52:34.887+0000][gc,task      ] GC(19) Using 4 workers of 4 for evacuation
[2021-08-22T21:52:34.915+0000][gc,mmu       ] GC(19) MMU target violated: 21.0ms (20.0ms/21.0ms)
[2021-08-22T21:52:34.915+0000][gc,phases    ] GC(19)   Pre Evacuate Collection Set: 2.3ms
[2021-08-22T21:52:34.915+0000][gc,phases    ] GC(19)   Merge Heap Roots: 0.3ms
[2021-08-22T21:52:34.915+0000][gc,phases    ] GC(19)   Evacuate Collection Set: 24.9ms
[2021-08-22T21:52:34.915+0000][gc,phases    ] GC(19)   Post Evacuate Collection Set: 0.6ms
[2021-08-22T21:52:34.916+0000][gc,phases    ] GC(19)   Other: 0.9ms
[2021-08-22T21:52:34.916+0000][gc,heap      ] GC(19) Eden regions: 46->0(46)
[2021-08-22T21:52:34.916+0000][gc,heap      ] GC(19) Survivor regions: 5->5(7)
[2021-08-22T21:52:34.916+0000][gc,heap      ] GC(19) Old regions: 17->17
[2021-08-22T21:52:34.916+0000][gc,heap      ] GC(19) Archive regions: 2->2
[2021-08-22T21:52:34.916+0000][gc,heap      ] GC(19) Humongous regions: 129->129
[2021-08-22T21:52:34.916+0000][gc,metaspace ] GC(19) Metaspace: 43473K(46584K)->43473K(46584K) NonClass: 37701K(39424K)->37701K(39424K) Class: 5771K(7160K)->5771K(7160K)
[2021-08-22T21:52:34.916+0000][gc           ] GC(19) Pause Young (Normal) (G1 Evacuation Pause) 196M->151M(1024M) 29.119ms
[2021-08-22T21:52:34.916+0000][gc,cpu       ] GC(19) User=0.03s Sys=0.05s Real=0.03s
[2021-08-22T21:52:40.651+0000][gc,heap,exit ] Heap
[2021-08-22T21:52:40.651+0000][gc,heap,exit ]  garbage-first heap   total 1048576K, used 164346K [0x00000007c0000000, 0x0000000800000000)
[2021-08-22T21:52:40.651+0000][gc,heap,exit ]   region size 1024K, 16 young (16384K), 5 survivors (5120K)
[2021-08-22T21:52:40.651+0000][gc,heap,exit ]  Metaspace       used 44274K, capacity 47375K, committed 47480K, reserved 1089536K
[2021-08-22T21:52:40.651+0000][gc,heap,exit ]   class space    used 5985K, capacity 7446K, committed 7544K, reserved 1048576K
