[2021-08-22T19:48:46.003+0000][gc,heap] Heap region size: 1M
[2021-08-22T19:48:46.003+0000][gc,heap,coops] Heap address: 0x00000007c0000000, size: 1024 MB, Compressed Oops mode: Zero based, Oop shift amount: 3
[2021-08-22T19:48:46.012+0000][gc           ] Using G1
[2021-08-22T19:48:46.013+0000][gc,cds       ] Mark closed archive regions in map: [0x00000007fff00000, 0x00000007fff7aff8]
[2021-08-22T19:48:46.013+0000][gc,cds       ] Mark open archive regions in map: [0x00000007ffe00000, 0x00000007ffe50ff8]
[2021-08-22T19:48:46.028+0000][gc           ] Periodic GC disabled
[2021-08-22T19:48:47.250+0000][gc,start     ] GC(0) Pause Young (Normal) (G1 Evacuation Pause)
[2021-08-22T19:48:47.250+0000][gc,task      ] GC(0) Using 4 workers of 4 for evacuation
[2021-08-22T19:48:47.259+0000][gc,phases    ] GC(0)   Pre Evacuate Collection Set: 0.1ms
[2021-08-22T19:48:47.259+0000][gc,phases    ] GC(0)   Merge Heap Roots: 0.0ms
[2021-08-22T19:48:47.259+0000][gc,phases    ] GC(0)   Evacuate Collection Set: 7.7ms
[2021-08-22T19:48:47.259+0000][gc,phases    ] GC(0)   Post Evacuate Collection Set: 0.4ms
[2021-08-22T19:48:47.259+0000][gc,phases    ] GC(0)   Other: 0.4ms
[2021-08-22T19:48:47.259+0000][gc,heap      ] GC(0) Eden regions: 51->0(44)
[2021-08-22T19:48:47.259+0000][gc,heap      ] GC(0) Survivor regions: 0->7(7)
[2021-08-22T19:48:47.259+0000][gc,heap      ] GC(0) Old regions: 0->0
[2021-08-22T19:48:47.259+0000][gc,heap      ] GC(0) Archive regions: 2->2
[2021-08-22T19:48:47.259+0000][gc,heap      ] GC(0) Humongous regions: 0->0
[2021-08-22T19:48:47.259+0000][gc,metaspace ] GC(0) Metaspace: 14471K(15104K)->14471K(15104K) NonClass: 12628K(13056K)->12628K(13056K) Class: 1842K(2048K)->1842K(2048K)
[2021-08-22T19:48:47.259+0000][gc           ] GC(0) Pause Young (Normal) (G1 Evacuation Pause) 51M->7M(1024M) 8.740ms
[2021-08-22T19:48:47.259+0000][gc,cpu       ] GC(0) User=0.02s Sys=0.00s Real=0.00s
[2021-08-22T19:48:47.868+0000][gc,start     ] GC(1) Pause Young (Concurrent Start) (Metadata GC Threshold)
[2021-08-22T19:48:47.868+0000][gc,task      ] GC(1) Using 4 workers of 4 for evacuation
[2021-08-22T19:48:47.880+0000][gc,phases    ] GC(1)   Pre Evacuate Collection Set: 0.2ms
[2021-08-22T19:48:47.880+0000][gc,phases    ] GC(1)   Merge Heap Roots: 0.1ms
[2021-08-22T19:48:47.880+0000][gc,phases    ] GC(1)   Evacuate Collection Set: 10.4ms
[2021-08-22T19:48:47.880+0000][gc,phases    ] GC(1)   Post Evacuate Collection Set: 0.5ms
[2021-08-22T19:48:47.880+0000][gc,phases    ] GC(1)   Other: 0.6ms
[2021-08-22T19:48:47.880+0000][gc,heap      ] GC(1) Eden regions: 26->0(49)
[2021-08-22T19:48:47.880+0000][gc,heap      ] GC(1) Survivor regions: 7->2(7)
[2021-08-22T19:48:47.880+0000][gc,heap      ] GC(1) Old regions: 0->7
[2021-08-22T19:48:47.880+0000][gc,heap      ] GC(1) Archive regions: 2->2
[2021-08-22T19:48:47.880+0000][gc,heap      ] GC(1) Humongous regions: 0->0
[2021-08-22T19:48:47.880+0000][gc,metaspace ] GC(1) Metaspace: 20416K(21248K)->20416K(21248K) NonClass: 17853K(18432K)->17853K(18432K) Class: 2562K(2816K)->2562K(2816K)
[2021-08-22T19:48:47.880+0000][gc           ] GC(1) Pause Young (Concurrent Start) (Metadata GC Threshold) 32M->8M(1024M) 11.934ms
[2021-08-22T19:48:47.880+0000][gc,cpu       ] GC(1) User=0.03s Sys=0.01s Real=0.02s
[2021-08-22T19:48:47.880+0000][gc           ] GC(2) Concurrent Cycle
[2021-08-22T19:48:47.880+0000][gc,marking   ] GC(2) Concurrent Clear Claimed Marks
[2021-08-22T19:48:47.880+0000][gc,marking   ] GC(2) Concurrent Clear Claimed Marks 0.050ms
[2021-08-22T19:48:47.880+0000][gc,marking   ] GC(2) Concurrent Scan Root Regions
[2021-08-22T19:48:47.887+0000][gc,marking   ] GC(2) Concurrent Scan Root Regions 6.787ms
[2021-08-22T19:48:47.887+0000][gc,marking   ] GC(2) Concurrent Mark (1.912s)
[2021-08-22T19:48:47.887+0000][gc,marking   ] GC(2) Concurrent Mark From Roots
[2021-08-22T19:48:47.887+0000][gc,task      ] GC(2) Using 1 workers of 1 for marking
[2021-08-22T19:48:47.888+0000][gc,marking   ] GC(2) Concurrent Mark From Roots 1.158ms
[2021-08-22T19:48:47.888+0000][gc,marking   ] GC(2) Concurrent Preclean
[2021-08-22T19:48:47.888+0000][gc,marking   ] GC(2) Concurrent Preclean 0.020ms
[2021-08-22T19:48:47.888+0000][gc,marking   ] GC(2) Concurrent Mark (1.912s, 1.913s) 1.246ms
[2021-08-22T19:48:47.888+0000][gc,start     ] GC(2) Pause Remark
[2021-08-22T19:48:47.889+0000][gc           ] GC(2) Pause Remark 8M->8M(1024M) 1.170ms
[2021-08-22T19:48:47.889+0000][gc,cpu       ] GC(2) User=0.01s Sys=0.00s Real=0.00s
[2021-08-22T19:48:47.889+0000][gc,marking   ] GC(2) Concurrent Rebuild Remembered Sets
[2021-08-22T19:48:47.893+0000][gc,marking   ] GC(2) Concurrent Rebuild Remembered Sets 4.039ms
[2021-08-22T19:48:47.894+0000][gc,start     ] GC(2) Pause Cleanup
[2021-08-22T19:48:47.894+0000][gc           ] GC(2) Pause Cleanup 8M->8M(1024M) 0.098ms
[2021-08-22T19:48:47.894+0000][gc,cpu       ] GC(2) User=0.00s Sys=0.00s Real=0.00s
[2021-08-22T19:48:47.894+0000][gc,marking   ] GC(2) Concurrent Cleanup for Next Mark
[2021-08-22T19:48:47.904+0000][gc,marking   ] GC(2) Concurrent Cleanup for Next Mark 10.485ms
[2021-08-22T19:48:47.905+0000][gc           ] GC(2) Concurrent Cycle 24.691ms
[2021-08-22T19:48:48.881+0000][gc,start     ] GC(3) Pause Young (Normal) (G1 Evacuation Pause)
[2021-08-22T19:48:48.881+0000][gc,task      ] GC(3) Using 4 workers of 4 for evacuation
[2021-08-22T19:48:48.885+0000][gc,phases    ] GC(3)   Pre Evacuate Collection Set: 0.1ms
[2021-08-22T19:48:48.885+0000][gc,phases    ] GC(3)   Merge Heap Roots: 0.0ms
[2021-08-22T19:48:48.885+0000][gc,phases    ] GC(3)   Evacuate Collection Set: 3.5ms
[2021-08-22T19:48:48.885+0000][gc,phases    ] GC(3)   Post Evacuate Collection Set: 0.3ms
[2021-08-22T19:48:48.885+0000][gc,phases    ] GC(3)   Other: 0.1ms
[2021-08-22T19:48:48.885+0000][gc,heap      ] GC(3) Eden regions: 49->0(47)
[2021-08-22T19:48:48.885+0000][gc,heap      ] GC(3) Survivor regions: 2->4(7)
[2021-08-22T19:48:48.885+0000][gc,heap      ] GC(3) Old regions: 7->7
[2021-08-22T19:48:48.885+0000][gc,heap      ] GC(3) Archive regions: 2->2
[2021-08-22T19:48:48.885+0000][gc,heap      ] GC(3) Humongous regions: 129->129
[2021-08-22T19:48:48.885+0000][gc,metaspace ] GC(3) Metaspace: 28262K(29568K)->28262K(29568K) NonClass: 24843K(25600K)->24843K(25600K) Class: 3419K(3968K)->3419K(3968K)
[2021-08-22T19:48:48.885+0000][gc           ] GC(3) Pause Young (Normal) (G1 Evacuation Pause) 186M->139M(1024M) 4.213ms
[2021-08-22T19:48:48.885+0000][gc,cpu       ] GC(3) User=0.01s Sys=0.00s Real=0.00s
[2021-08-22T19:48:49.339+0000][gc,start     ] GC(4) Pause Young (Concurrent Start) (Metadata GC Threshold)
[2021-08-22T19:48:49.339+0000][gc,task      ] GC(4) Using 4 workers of 4 for evacuation
[2021-08-22T19:48:49.346+0000][gc,phases    ] GC(4)   Pre Evacuate Collection Set: 0.1ms
[2021-08-22T19:48:49.346+0000][gc,phases    ] GC(4)   Merge Heap Roots: 0.0ms
[2021-08-22T19:48:49.346+0000][gc,phases    ] GC(4)   Evacuate Collection Set: 6.2ms
[2021-08-22T19:48:49.346+0000][gc,phases    ] GC(4)   Post Evacuate Collection Set: 0.3ms
[2021-08-22T19:48:49.346+0000][gc,phases    ] GC(4)   Other: 0.2ms
[2021-08-22T19:48:49.346+0000][gc,heap      ] GC(4) Eden regions: 32->0(45)
[2021-08-22T19:48:49.346+0000][gc,heap      ] GC(4) Survivor regions: 4->6(7)
[2021-08-22T19:48:49.346+0000][gc,heap      ] GC(4) Old regions: 7->7
[2021-08-22T19:48:49.346+0000][gc,heap      ] GC(4) Archive regions: 2->2
[2021-08-22T19:48:49.346+0000][gc,heap      ] GC(4) Humongous regions: 129->129
[2021-08-22T19:48:49.346+0000][gc,metaspace ] GC(4) Metaspace: 34241K(35628K)->34241K(35628K) NonClass: 30116K(30892K)->30116K(30892K) Class: 4125K(4736K)->4125K(4736K)
[2021-08-22T19:48:49.346+0000][gc           ] GC(4) Pause Young (Concurrent Start) (Metadata GC Threshold) 171M->142M(1024M) 7.002ms
[2021-08-22T19:48:49.346+0000][gc,cpu       ] GC(4) User=0.03s Sys=0.00s Real=0.01s
[2021-08-22T19:48:49.346+0000][gc           ] GC(5) Concurrent Cycle
[2021-08-22T19:48:49.346+0000][gc,marking   ] GC(5) Concurrent Clear Claimed Marks
[2021-08-22T19:48:49.346+0000][gc,marking   ] GC(5) Concurrent Clear Claimed Marks 0.078ms
[2021-08-22T19:48:49.346+0000][gc,marking   ] GC(5) Concurrent Scan Root Regions
[2021-08-22T19:48:49.354+0000][gc,marking   ] GC(5) Concurrent Scan Root Regions 7.291ms
[2021-08-22T19:48:49.354+0000][gc,marking   ] GC(5) Concurrent Mark (3.379s)
[2021-08-22T19:48:49.354+0000][gc,marking   ] GC(5) Concurrent Mark From Roots
[2021-08-22T19:48:49.354+0000][gc,task      ] GC(5) Using 1 workers of 1 for marking
[2021-08-22T19:48:49.368+0000][gc,marking   ] GC(5) Concurrent Mark From Roots 13.976ms
[2021-08-22T19:48:49.368+0000][gc,marking   ] GC(5) Concurrent Preclean
[2021-08-22T19:48:49.368+0000][gc,marking   ] GC(5) Concurrent Preclean 0.086ms
[2021-08-22T19:48:49.368+0000][gc,marking   ] GC(5) Concurrent Mark (3.379s, 3.393s) 14.129ms
[2021-08-22T19:48:49.368+0000][gc,start     ] GC(5) Pause Remark
[2021-08-22T19:48:49.370+0000][gc           ] GC(5) Pause Remark 144M->144M(1024M) 1.803ms
[2021-08-22T19:48:49.370+0000][gc,cpu       ] GC(5) User=0.00s Sys=0.00s Real=0.01s
[2021-08-22T19:48:49.370+0000][gc,marking   ] GC(5) Concurrent Rebuild Remembered Sets
[2021-08-22T19:48:49.377+0000][gc,marking   ] GC(5) Concurrent Rebuild Remembered Sets 7.099ms
[2021-08-22T19:48:49.377+0000][gc,start     ] GC(5) Pause Cleanup
[2021-08-22T19:48:49.377+0000][gc           ] GC(5) Pause Cleanup 145M->145M(1024M) 0.131ms
[2021-08-22T19:48:49.377+0000][gc,cpu       ] GC(5) User=0.00s Sys=0.00s Real=0.00s
[2021-08-22T19:48:49.377+0000][gc,marking   ] GC(5) Concurrent Cleanup for Next Mark
[2021-08-22T19:48:49.387+0000][gc,marking   ] GC(5) Concurrent Cleanup for Next Mark 9.531ms
[2021-08-22T19:48:49.387+0000][gc           ] GC(5) Concurrent Cycle 40.784ms
[2021-08-22T19:48:49.958+0000][gc,start     ] GC(6) Pause Young (Concurrent Start) (G1 Humongous Allocation)
[2021-08-22T19:48:49.958+0000][gc,task      ] GC(6) Using 4 workers of 4 for evacuation
[2021-08-22T19:48:49.969+0000][gc,phases    ] GC(6)   Pre Evacuate Collection Set: 0.2ms
[2021-08-22T19:48:49.969+0000][gc,phases    ] GC(6)   Merge Heap Roots: 0.0ms
[2021-08-22T19:48:49.969+0000][gc,phases    ] GC(6)   Evacuate Collection Set: 10.1ms
[2021-08-22T19:48:49.969+0000][gc,phases    ] GC(6)   Post Evacuate Collection Set: 0.5ms
[2021-08-22T19:48:49.970+0000][gc,phases    ] GC(6)   Other: 0.3ms
[2021-08-22T19:48:49.970+0000][gc,heap      ] GC(6) Eden regions: 32->0(47)
[2021-08-22T19:48:49.970+0000][gc,heap      ] GC(6) Survivor regions: 6->4(7)
[2021-08-22T19:48:49.970+0000][gc,heap      ] GC(6) Old regions: 7->10
[2021-08-22T19:48:49.970+0000][gc,heap      ] GC(6) Archive regions: 2->2
[2021-08-22T19:48:49.970+0000][gc,heap      ] GC(6) Humongous regions: 345->129
[2021-08-22T19:48:49.970+0000][gc,metaspace ] GC(6) Metaspace: 38081K(40064K)->38081K(40064K) NonClass: 33231K(34304K)->33231K(34304K) Class: 4849K(5760K)->4849K(5760K)
[2021-08-22T19:48:49.970+0000][gc           ] GC(6) Pause Young (Concurrent Start) (G1 Humongous Allocation) 390M->143M(1024M) 11.264ms
[2021-08-22T19:48:49.970+0000][gc,cpu       ] GC(6) User=0.03s Sys=0.00s Real=0.02s
[2021-08-22T19:48:49.970+0000][gc           ] GC(7) Concurrent Cycle
[2021-08-22T19:48:49.970+0000][gc,marking   ] GC(7) Concurrent Clear Claimed Marks
[2021-08-22T19:48:49.970+0000][gc,marking   ] GC(7) Concurrent Clear Claimed Marks 0.119ms
[2021-08-22T19:48:49.970+0000][gc,marking   ] GC(7) Concurrent Scan Root Regions
[2021-08-22T19:48:49.978+0000][gc,marking   ] GC(7) Concurrent Scan Root Regions 8.090ms
[2021-08-22T19:48:49.978+0000][gc,marking   ] GC(7) Concurrent Mark (4.003s)
[2021-08-22T19:48:49.978+0000][gc,marking   ] GC(7) Concurrent Mark From Roots
[2021-08-22T19:48:49.978+0000][gc,task      ] GC(7) Using 1 workers of 1 for marking
[2021-08-22T19:48:49.988+0000][gc,marking   ] GC(7) Concurrent Mark From Roots 10.509ms
[2021-08-22T19:48:49.988+0000][gc,marking   ] GC(7) Concurrent Preclean
[2021-08-22T19:48:49.989+0000][gc,marking   ] GC(7) Concurrent Preclean 0.057ms
[2021-08-22T19:48:49.989+0000][gc,marking   ] GC(7) Concurrent Mark (4.003s, 4.014s) 10.630ms
[2021-08-22T19:48:49.989+0000][gc,start     ] GC(7) Pause Remark
[2021-08-22T19:48:49.991+0000][gc           ] GC(7) Pause Remark 162M->162M(1024M) 2.514ms
[2021-08-22T19:48:49.991+0000][gc,cpu       ] GC(7) User=0.01s Sys=0.00s Real=0.01s
[2021-08-22T19:48:49.991+0000][gc,marking   ] GC(7) Concurrent Rebuild Remembered Sets
[2021-08-22T19:48:50.000+0000][gc,marking   ] GC(7) Concurrent Rebuild Remembered Sets 8.435ms
[2021-08-22T19:48:50.000+0000][gc,start     ] GC(7) Pause Cleanup
[2021-08-22T19:48:50.000+0000][gc           ] GC(7) Pause Cleanup 162M->162M(1024M) 0.158ms
[2021-08-22T19:48:50.000+0000][gc,cpu       ] GC(7) User=0.00s Sys=0.00s Real=0.00s
[2021-08-22T19:48:50.000+0000][gc,marking   ] GC(7) Concurrent Cleanup for Next Mark
[2021-08-22T19:48:50.002+0000][gc,marking   ] GC(7) Concurrent Cleanup for Next Mark 1.904ms
[2021-08-22T19:48:50.002+0000][gc           ] GC(7) Concurrent Cycle 32.456ms
[2021-08-22T19:51:29.316+0000][gc,heap,exit ] Heap
[2021-08-22T19:51:29.317+0000][gc,heap,exit ]  garbage-first heap   total 1048576K, used 211760K [0x00000007c0000000, 0x0000000800000000)
[2021-08-22T19:51:29.317+0000][gc,heap,exit ]   region size 1024K, 51 young (52224K), 4 survivors (4096K)
[2021-08-22T19:51:29.317+0000][gc,heap,exit ]  Metaspace       used 43101K, capacity 45967K, committed 46208K, reserved 1087488K
[2021-08-22T19:51:29.317+0000][gc,heap,exit ]   class space    used 5875K, capacity 7280K, committed 7296K, reserved 1048576K
