[2021-08-22T19:39:17.185+0000][gc,heap] Heap region size: 1M
[2021-08-22T19:39:17.185+0000][gc,heap,coops] Heap address: 0x00000007c0000000, size: 1024 MB, Compressed Oops mode: Zero based, Oop shift amount: 3
[2021-08-22T19:39:17.198+0000][gc           ] Using G1
[2021-08-22T19:39:17.198+0000][gc,cds       ] Mark closed archive regions in map: [0x00000007fff00000, 0x00000007fff7aff8]
[2021-08-22T19:39:17.198+0000][gc,cds       ] Mark open archive regions in map: [0x00000007ffe00000, 0x00000007ffe50ff8]
[2021-08-22T19:39:17.219+0000][gc           ] Periodic GC disabled
[2021-08-22T19:39:18.465+0000][gc,start     ] GC(0) Pause Young (Normal) (G1 Evacuation Pause)
[2021-08-22T19:39:18.466+0000][gc,task      ] GC(0) Using 4 workers of 4 for evacuation
[2021-08-22T19:39:18.476+0000][gc,phases    ] GC(0)   Pre Evacuate Collection Set: 0.1ms
[2021-08-22T19:39:18.476+0000][gc,phases    ] GC(0)   Merge Heap Roots: 0.1ms
[2021-08-22T19:39:18.476+0000][gc,phases    ] GC(0)   Evacuate Collection Set: 7.9ms
[2021-08-22T19:39:18.476+0000][gc,phases    ] GC(0)   Post Evacuate Collection Set: 1.2ms
[2021-08-22T19:39:18.476+0000][gc,phases    ] GC(0)   Other: 0.4ms
[2021-08-22T19:39:18.476+0000][gc,heap      ] GC(0) Eden regions: 51->0(44)
[2021-08-22T19:39:18.476+0000][gc,heap      ] GC(0) Survivor regions: 0->7(7)
[2021-08-22T19:39:18.476+0000][gc,heap      ] GC(0) Old regions: 0->0
[2021-08-22T19:39:18.476+0000][gc,heap      ] GC(0) Archive regions: 2->2
[2021-08-22T19:39:18.476+0000][gc,heap      ] GC(0) Humongous regions: 0->0
[2021-08-22T19:39:18.476+0000][gc,metaspace ] GC(0) Metaspace: 14417K(15104K)->14417K(15104K) NonClass: 12582K(13056K)->12582K(13056K) Class: 1834K(2048K)->1834K(2048K)
[2021-08-22T19:39:18.476+0000][gc           ] GC(0) Pause Young (Normal) (G1 Evacuation Pause) 51M->7M(1024M) 10.749ms
[2021-08-22T19:39:18.476+0000][gc,cpu       ] GC(0) User=0.02s Sys=0.01s Real=0.01s
[2021-08-22T19:39:19.148+0000][gc,start     ] GC(1) Pause Young (Concurrent Start) (Metadata GC Threshold)
[2021-08-22T19:39:19.148+0000][gc,task      ] GC(1) Using 4 workers of 4 for evacuation
[2021-08-22T19:39:19.156+0000][gc,phases    ] GC(1)   Pre Evacuate Collection Set: 0.1ms
[2021-08-22T19:39:19.156+0000][gc,phases    ] GC(1)   Merge Heap Roots: 0.1ms
[2021-08-22T19:39:19.157+0000][gc,phases    ] GC(1)   Evacuate Collection Set: 7.8ms
[2021-08-22T19:39:19.157+0000][gc,phases    ] GC(1)   Post Evacuate Collection Set: 0.3ms
[2021-08-22T19:39:19.157+0000][gc,phases    ] GC(1)   Other: 0.2ms
[2021-08-22T19:39:19.157+0000][gc,heap      ] GC(1) Eden regions: 26->0(49)
[2021-08-22T19:39:19.157+0000][gc,heap      ] GC(1) Survivor regions: 7->2(7)
[2021-08-22T19:39:19.157+0000][gc,heap      ] GC(1) Old regions: 0->7
[2021-08-22T19:39:19.157+0000][gc,heap      ] GC(1) Archive regions: 2->2
[2021-08-22T19:39:19.157+0000][gc,heap      ] GC(1) Humongous regions: 0->0
[2021-08-22T19:39:19.157+0000][gc,metaspace ] GC(1) Metaspace: 20428K(21248K)->20428K(21248K) NonClass: 17865K(18432K)->17865K(18432K) Class: 2562K(2816K)->2562K(2816K)
[2021-08-22T19:39:19.157+0000][gc           ] GC(1) Pause Young (Concurrent Start) (Metadata GC Threshold) 32M->8M(1024M) 8.592ms
[2021-08-22T19:39:19.157+0000][gc,cpu       ] GC(1) User=0.02s Sys=0.00s Real=0.01s
[2021-08-22T19:39:19.157+0000][gc           ] GC(2) Concurrent Cycle
[2021-08-22T19:39:19.157+0000][gc,marking   ] GC(2) Concurrent Clear Claimed Marks
[2021-08-22T19:39:19.157+0000][gc,marking   ] GC(2) Concurrent Clear Claimed Marks 0.042ms
[2021-08-22T19:39:19.157+0000][gc,marking   ] GC(2) Concurrent Scan Root Regions
[2021-08-22T19:39:19.161+0000][gc,marking   ] GC(2) Concurrent Scan Root Regions 4.192ms
[2021-08-22T19:39:19.161+0000][gc,marking   ] GC(2) Concurrent Mark (2.012s)
[2021-08-22T19:39:19.161+0000][gc,marking   ] GC(2) Concurrent Mark From Roots
[2021-08-22T19:39:19.161+0000][gc,task      ] GC(2) Using 1 workers of 1 for marking
[2021-08-22T19:39:19.163+0000][gc,marking   ] GC(2) Concurrent Mark From Roots 2.341ms
[2021-08-22T19:39:19.163+0000][gc,marking   ] GC(2) Concurrent Preclean
[2021-08-22T19:39:19.163+0000][gc,marking   ] GC(2) Concurrent Preclean 0.035ms
[2021-08-22T19:39:19.164+0000][gc,marking   ] GC(2) Concurrent Mark (2.012s, 2.015s) 2.518ms
[2021-08-22T19:39:19.164+0000][gc,start     ] GC(2) Pause Remark
[2021-08-22T19:39:19.165+0000][gc           ] GC(2) Pause Remark 8M->8M(1024M) 1.319ms
[2021-08-22T19:39:19.165+0000][gc,cpu       ] GC(2) User=0.00s Sys=0.00s Real=0.00s
[2021-08-22T19:39:19.165+0000][gc,marking   ] GC(2) Concurrent Rebuild Remembered Sets
[2021-08-22T19:39:19.169+0000][gc,marking   ] GC(2) Concurrent Rebuild Remembered Sets 3.818ms
[2021-08-22T19:39:19.169+0000][gc,start     ] GC(2) Pause Cleanup
[2021-08-22T19:39:19.170+0000][gc           ] GC(2) Pause Cleanup 8M->8M(1024M) 0.113ms
[2021-08-22T19:39:19.170+0000][gc,cpu       ] GC(2) User=0.00s Sys=0.00s Real=0.01s
[2021-08-22T19:39:19.170+0000][gc,marking   ] GC(2) Concurrent Cleanup for Next Mark
[2021-08-22T19:39:19.180+0000][gc,marking   ] GC(2) Concurrent Cleanup for Next Mark 10.801ms
[2021-08-22T19:39:19.181+0000][gc           ] GC(2) Concurrent Cycle 23.925ms
[2021-08-22T19:39:20.272+0000][gc,start     ] GC(3) Pause Young (Normal) (G1 Evacuation Pause)
[2021-08-22T19:39:20.272+0000][gc,task      ] GC(3) Using 4 workers of 4 for evacuation
[2021-08-22T19:39:20.276+0000][gc,phases    ] GC(3)   Pre Evacuate Collection Set: 0.1ms
[2021-08-22T19:39:20.276+0000][gc,phases    ] GC(3)   Merge Heap Roots: 0.0ms
[2021-08-22T19:39:20.276+0000][gc,phases    ] GC(3)   Evacuate Collection Set: 3.6ms
[2021-08-22T19:39:20.276+0000][gc,phases    ] GC(3)   Post Evacuate Collection Set: 0.3ms
[2021-08-22T19:39:20.276+0000][gc,phases    ] GC(3)   Other: 0.1ms
[2021-08-22T19:39:20.276+0000][gc,heap      ] GC(3) Eden regions: 49->0(47)
[2021-08-22T19:39:20.276+0000][gc,heap      ] GC(3) Survivor regions: 2->4(7)
[2021-08-22T19:39:20.276+0000][gc,heap      ] GC(3) Old regions: 7->7
[2021-08-22T19:39:20.276+0000][gc,heap      ] GC(3) Archive regions: 2->2
[2021-08-22T19:39:20.276+0000][gc,heap      ] GC(3) Humongous regions: 129->129
[2021-08-22T19:39:20.276+0000][gc,metaspace ] GC(3) Metaspace: 28261K(29568K)->28261K(29568K) NonClass: 24842K(25600K)->24842K(25600K) Class: 3418K(3968K)->3418K(3968K)
[2021-08-22T19:39:20.276+0000][gc           ] GC(3) Pause Young (Normal) (G1 Evacuation Pause) 186M->139M(1024M) 4.282ms
[2021-08-22T19:39:20.276+0000][gc,cpu       ] GC(3) User=0.02s Sys=0.00s Real=0.00s
[2021-08-22T19:39:20.772+0000][gc,start     ] GC(4) Pause Young (Concurrent Start) (Metadata GC Threshold)
[2021-08-22T19:39:20.772+0000][gc,task      ] GC(4) Using 4 workers of 4 for evacuation
[2021-08-22T19:39:20.781+0000][gc,phases    ] GC(4)   Pre Evacuate Collection Set: 0.3ms
[2021-08-22T19:39:20.781+0000][gc,phases    ] GC(4)   Merge Heap Roots: 0.1ms
[2021-08-22T19:39:20.781+0000][gc,phases    ] GC(4)   Evacuate Collection Set: 7.6ms
[2021-08-22T19:39:20.781+0000][gc,phases    ] GC(4)   Post Evacuate Collection Set: 0.5ms
[2021-08-22T19:39:20.781+0000][gc,phases    ] GC(4)   Other: 0.2ms
[2021-08-22T19:39:20.781+0000][gc,heap      ] GC(4) Eden regions: 32->0(44)
[2021-08-22T19:39:20.781+0000][gc,heap      ] GC(4) Survivor regions: 4->7(7)
[2021-08-22T19:39:20.781+0000][gc,heap      ] GC(4) Old regions: 7->7
[2021-08-22T19:39:20.781+0000][gc,heap      ] GC(4) Archive regions: 2->2
[2021-08-22T19:39:20.781+0000][gc,heap      ] GC(4) Humongous regions: 129->129
[2021-08-22T19:39:20.781+0000][gc,metaspace ] GC(4) Metaspace: 34208K(35628K)->34208K(35628K) NonClass: 30096K(30892K)->30096K(30892K) Class: 4112K(4736K)->4112K(4736K)
[2021-08-22T19:39:20.781+0000][gc           ] GC(4) Pause Young (Concurrent Start) (Metadata GC Threshold) 171M->142M(1024M) 8.940ms
[2021-08-22T19:39:20.781+0000][gc,cpu       ] GC(4) User=0.03s Sys=0.00s Real=0.01s
[2021-08-22T19:39:20.781+0000][gc           ] GC(5) Concurrent Cycle
[2021-08-22T19:39:20.781+0000][gc,marking   ] GC(5) Concurrent Clear Claimed Marks
[2021-08-22T19:39:20.781+0000][gc,marking   ] GC(5) Concurrent Clear Claimed Marks 0.143ms
[2021-08-22T19:39:20.781+0000][gc,marking   ] GC(5) Concurrent Scan Root Regions
[2021-08-22T19:39:20.791+0000][gc,marking   ] GC(5) Concurrent Scan Root Regions 10.075ms
[2021-08-22T19:39:20.791+0000][gc,marking   ] GC(5) Concurrent Mark (3.643s)
[2021-08-22T19:39:20.791+0000][gc,marking   ] GC(5) Concurrent Mark From Roots
[2021-08-22T19:39:20.791+0000][gc,task      ] GC(5) Using 1 workers of 1 for marking
[2021-08-22T19:39:20.808+0000][gc,marking   ] GC(5) Concurrent Mark From Roots 16.430ms
[2021-08-22T19:39:20.808+0000][gc,marking   ] GC(5) Concurrent Preclean
[2021-08-22T19:39:20.808+0000][gc,marking   ] GC(5) Concurrent Preclean 0.071ms
[2021-08-22T19:39:20.808+0000][gc,marking   ] GC(5) Concurrent Mark (3.643s, 3.659s) 16.571ms
[2021-08-22T19:39:20.809+0000][gc,start     ] GC(5) Pause Remark
[2021-08-22T19:39:20.812+0000][gc           ] GC(5) Pause Remark 143M->143M(1024M) 2.887ms
[2021-08-22T19:39:20.812+0000][gc,cpu       ] GC(5) User=0.01s Sys=0.00s Real=0.01s
[2021-08-22T19:39:20.816+0000][gc,marking   ] GC(5) Concurrent Rebuild Remembered Sets
[2021-08-22T19:39:20.824+0000][gc,marking   ] GC(5) Concurrent Rebuild Remembered Sets 8.373ms
[2021-08-22T19:39:20.825+0000][gc,start     ] GC(5) Pause Cleanup
[2021-08-22T19:39:20.825+0000][gc           ] GC(5) Pause Cleanup 144M->144M(1024M) 0.128ms
[2021-08-22T19:39:20.825+0000][gc,cpu       ] GC(5) User=0.00s Sys=0.00s Real=0.00s
[2021-08-22T19:39:20.825+0000][gc,marking   ] GC(5) Concurrent Cleanup for Next Mark
[2021-08-22T19:39:20.845+0000][gc,marking   ] GC(5) Concurrent Cleanup for Next Mark 20.333ms
[2021-08-22T19:39:20.845+0000][gc           ] GC(5) Concurrent Cycle 64.368ms
[2021-08-22T19:39:21.458+0000][gc,start     ] GC(6) Pause Young (Concurrent Start) (G1 Humongous Allocation)
[2021-08-22T19:39:21.458+0000][gc,task      ] GC(6) Using 4 workers of 4 for evacuation
[2021-08-22T19:39:21.467+0000][gc,phases    ] GC(6)   Pre Evacuate Collection Set: 0.3ms
[2021-08-22T19:39:21.467+0000][gc,phases    ] GC(6)   Merge Heap Roots: 0.1ms
[2021-08-22T19:39:21.467+0000][gc,phases    ] GC(6)   Evacuate Collection Set: 8.1ms
[2021-08-22T19:39:21.467+0000][gc,phases    ] GC(6)   Post Evacuate Collection Set: 0.7ms
[2021-08-22T19:39:21.467+0000][gc,phases    ] GC(6)   Other: 0.3ms
[2021-08-22T19:39:21.467+0000][gc,heap      ] GC(6) Eden regions: 33->0(47)
[2021-08-22T19:39:21.467+0000][gc,heap      ] GC(6) Survivor regions: 7->4(7)
[2021-08-22T19:39:21.467+0000][gc,heap      ] GC(6) Old regions: 7->10
[2021-08-22T19:39:21.467+0000][gc,heap      ] GC(6) Archive regions: 2->2
[2021-08-22T19:39:21.467+0000][gc,heap      ] GC(6) Humongous regions: 345->129
[2021-08-22T19:39:21.467+0000][gc,metaspace ] GC(6) Metaspace: 38086K(39980K)->38086K(39980K) NonClass: 33237K(34220K)->33237K(34220K) Class: 4848K(5760K)->4848K(5760K)
[2021-08-22T19:39:21.467+0000][gc           ] GC(6) Pause Young (Concurrent Start) (G1 Humongous Allocation) 391M->143M(1024M) 9.696ms
[2021-08-22T19:39:21.468+0000][gc,cpu       ] GC(6) User=0.03s Sys=0.00s Real=0.01s
[2021-08-22T19:39:21.468+0000][gc           ] GC(7) Concurrent Cycle
[2021-08-22T19:39:21.468+0000][gc,marking   ] GC(7) Concurrent Clear Claimed Marks
[2021-08-22T19:39:21.468+0000][gc,marking   ] GC(7) Concurrent Clear Claimed Marks 0.446ms
[2021-08-22T19:39:21.468+0000][gc,marking   ] GC(7) Concurrent Scan Root Regions
[2021-08-22T19:39:21.477+0000][gc,marking   ] GC(7) Concurrent Scan Root Regions 8.981ms
[2021-08-22T19:39:21.477+0000][gc,marking   ] GC(7) Concurrent Mark (4.329s)
[2021-08-22T19:39:21.477+0000][gc,marking   ] GC(7) Concurrent Mark From Roots
[2021-08-22T19:39:21.477+0000][gc,task      ] GC(7) Using 1 workers of 1 for marking
[2021-08-22T19:39:21.488+0000][gc,marking   ] GC(7) Concurrent Mark From Roots 10.864ms
[2021-08-22T19:39:21.488+0000][gc,marking   ] GC(7) Concurrent Preclean
[2021-08-22T19:39:21.488+0000][gc,marking   ] GC(7) Concurrent Preclean 0.126ms
[2021-08-22T19:39:21.488+0000][gc,marking   ] GC(7) Concurrent Mark (4.329s, 4.340s) 11.135ms
[2021-08-22T19:39:21.489+0000][gc,start     ] GC(7) Pause Remark
[2021-08-22T19:39:21.491+0000][gc           ] GC(7) Pause Remark 150M->150M(1024M) 2.183ms
[2021-08-22T19:39:21.491+0000][gc,cpu       ] GC(7) User=0.01s Sys=0.00s Real=0.01s
[2021-08-22T19:39:21.491+0000][gc,marking   ] GC(7) Concurrent Rebuild Remembered Sets
[2021-08-22T19:39:21.500+0000][gc,marking   ] GC(7) Concurrent Rebuild Remembered Sets 8.981ms
[2021-08-22T19:39:21.500+0000][gc,start     ] GC(7) Pause Cleanup
[2021-08-22T19:39:21.500+0000][gc           ] GC(7) Pause Cleanup 150M->150M(1024M) 0.115ms
[2021-08-22T19:39:21.500+0000][gc,cpu       ] GC(7) User=0.00s Sys=0.01s Real=0.00s
[2021-08-22T19:39:21.500+0000][gc,marking   ] GC(7) Concurrent Cleanup for Next Mark
[2021-08-22T19:39:21.503+0000][gc,marking   ] GC(7) Concurrent Cleanup for Next Mark 2.300ms
[2021-08-22T19:39:21.503+0000][gc           ] GC(7) Concurrent Cycle 35.136ms
[2021-08-22T19:42:41.087+0000][gc,start     ] GC(8) Pause Young (Normal) (G1 Evacuation Pause)
[2021-08-22T19:42:41.088+0000][gc,task      ] GC(8) Using 4 workers of 4 for evacuation
[2021-08-22T19:42:41.123+0000][gc,mmu       ] GC(8) MMU target violated: 21.0ms (20.0ms/21.0ms)
[2021-08-22T19:42:41.123+0000][gc,phases    ] GC(8)   Pre Evacuate Collection Set: 1.4ms
[2021-08-22T19:42:41.123+0000][gc,phases    ] GC(8)   Merge Heap Roots: 0.2ms
[2021-08-22T19:42:41.123+0000][gc,phases    ] GC(8)   Evacuate Collection Set: 32.2ms
[2021-08-22T19:42:41.123+0000][gc,phases    ] GC(8)   Post Evacuate Collection Set: 0.9ms
[2021-08-22T19:42:41.123+0000][gc,phases    ] GC(8)   Other: 1.3ms
[2021-08-22T19:42:41.123+0000][gc,heap      ] GC(8) Eden regions: 47->0(46)
[2021-08-22T19:42:41.123+0000][gc,heap      ] GC(8) Survivor regions: 4->5(7)
[2021-08-22T19:42:41.123+0000][gc,heap      ] GC(8) Old regions: 10->13
[2021-08-22T19:42:41.123+0000][gc,heap      ] GC(8) Archive regions: 2->2
[2021-08-22T19:42:41.123+0000][gc,heap      ] GC(8) Humongous regions: 135->129
[2021-08-22T19:42:41.123+0000][gc,metaspace ] GC(8) Metaspace: 42479K(45356K)->42479K(45356K) NonClass: 36765K(38316K)->36765K(38316K) Class: 5714K(7040K)->5714K(7040K)
[2021-08-22T19:42:41.123+0000][gc           ] GC(8) Pause Young (Normal) (G1 Evacuation Pause) 196M->146M(1024M) 36.087ms
[2021-08-22T19:42:41.123+0000][gc,cpu       ] GC(8) User=0.04s Sys=0.06s Real=0.04s
[2021-08-22T19:42:48.769+0000][gc,heap,exit ] Heap
[2021-08-22T19:42:48.769+0000][gc,heap,exit ]  garbage-first heap   total 1048576K, used 160046K [0x00000007c0000000, 0x0000000800000000)
[2021-08-22T19:42:48.769+0000][gc,heap,exit ]   region size 1024K, 16 young (16384K), 5 survivors (5120K)
[2021-08-22T19:42:48.769+0000][gc,heap,exit ]  Metaspace       used 43289K, capacity 46253K, committed 46508K, reserved 1089536K
[2021-08-22T19:42:48.769+0000][gc,heap,exit ]   class space    used 5933K, capacity 7366K, committed 7424K, reserved 1048576K
