[2021-08-22T15:33:09.540+0000][gc,heap] Heap region size: 1M
[2021-08-22T15:33:09.540+0000][gc,heap,coops] Heap address: 0x00000007c0000000, size: 1024 MB, Compressed Oops mode: Zero based, Oop shift amount: 3
[2021-08-22T15:33:09.548+0000][gc           ] Using G1
[2021-08-22T15:33:09.549+0000][gc,cds       ] Mark closed archive regions in map: [0x00000007fff00000, 0x00000007fff7aff8]
[2021-08-22T15:33:09.549+0000][gc,cds       ] Mark open archive regions in map: [0x00000007ffe00000, 0x00000007ffe50ff8]
[2021-08-22T15:33:09.564+0000][gc           ] Periodic GC disabled
[2021-08-22T15:33:10.690+0000][gc,start     ] GC(0) Pause Young (Normal) (G1 Evacuation Pause)
[2021-08-22T15:33:10.690+0000][gc,task      ] GC(0) Using 4 workers of 4 for evacuation
[2021-08-22T15:33:10.697+0000][gc,phases    ] GC(0)   Pre Evacuate Collection Set: 0.1ms
[2021-08-22T15:33:10.697+0000][gc,phases    ] GC(0)   Merge Heap Roots: 0.1ms
[2021-08-22T15:33:10.697+0000][gc,phases    ] GC(0)   Evacuate Collection Set: 6.0ms
[2021-08-22T15:33:10.697+0000][gc,phases    ] GC(0)   Post Evacuate Collection Set: 0.5ms
[2021-08-22T15:33:10.697+0000][gc,phases    ] GC(0)   Other: 0.7ms
[2021-08-22T15:33:10.697+0000][gc,heap      ] GC(0) Eden regions: 51->0(44)
[2021-08-22T15:33:10.697+0000][gc,heap      ] GC(0) Survivor regions: 0->7(7)
[2021-08-22T15:33:10.697+0000][gc,heap      ] GC(0) Old regions: 0->0
[2021-08-22T15:33:10.697+0000][gc,heap      ] GC(0) Archive regions: 2->2
[2021-08-22T15:33:10.697+0000][gc,heap      ] GC(0) Humongous regions: 0->0
[2021-08-22T15:33:10.697+0000][gc,metaspace ] GC(0) Metaspace: 14490K(15104K)->14490K(15104K) NonClass: 12644K(13056K)->12644K(13056K) Class: 1846K(2048K)->1846K(2048K)
[2021-08-22T15:33:10.697+0000][gc           ] GC(0) Pause Young (Normal) (G1 Evacuation Pause) 51M->7M(1024M) 7.412ms
[2021-08-22T15:33:10.697+0000][gc,cpu       ] GC(0) User=0.02s Sys=0.00s Real=0.00s
[2021-08-22T15:33:11.321+0000][gc,start     ] GC(1) Pause Young (Concurrent Start) (Metadata GC Threshold)
[2021-08-22T15:33:11.321+0000][gc,task      ] GC(1) Using 4 workers of 4 for evacuation
[2021-08-22T15:33:11.327+0000][gc,phases    ] GC(1)   Pre Evacuate Collection Set: 0.1ms
[2021-08-22T15:33:11.327+0000][gc,phases    ] GC(1)   Merge Heap Roots: 0.0ms
[2021-08-22T15:33:11.327+0000][gc,phases    ] GC(1)   Evacuate Collection Set: 5.5ms
[2021-08-22T15:33:11.327+0000][gc,phases    ] GC(1)   Post Evacuate Collection Set: 0.3ms
[2021-08-22T15:33:11.327+0000][gc,phases    ] GC(1)   Other: 0.2ms
[2021-08-22T15:33:11.327+0000][gc,heap      ] GC(1) Eden regions: 26->0(49)
[2021-08-22T15:33:11.327+0000][gc,heap      ] GC(1) Survivor regions: 7->2(7)
[2021-08-22T15:33:11.327+0000][gc,heap      ] GC(1) Old regions: 0->7
[2021-08-22T15:33:11.327+0000][gc,heap      ] GC(1) Archive regions: 2->2
[2021-08-22T15:33:11.327+0000][gc,heap      ] GC(1) Humongous regions: 0->0
[2021-08-22T15:33:11.327+0000][gc,metaspace ] GC(1) Metaspace: 20417K(21248K)->20417K(21248K) NonClass: 17854K(18432K)->17854K(18432K) Class: 2562K(2816K)->2562K(2816K)
[2021-08-22T15:33:11.327+0000][gc           ] GC(1) Pause Young (Concurrent Start) (Metadata GC Threshold) 32M->8M(1024M) 6.270ms
[2021-08-22T15:33:11.327+0000][gc,cpu       ] GC(1) User=0.02s Sys=0.01s Real=0.00s
[2021-08-22T15:33:11.327+0000][gc           ] GC(2) Concurrent Cycle
[2021-08-22T15:33:11.327+0000][gc,marking   ] GC(2) Concurrent Clear Claimed Marks
[2021-08-22T15:33:11.327+0000][gc,marking   ] GC(2) Concurrent Clear Claimed Marks 0.035ms
[2021-08-22T15:33:11.327+0000][gc,marking   ] GC(2) Concurrent Scan Root Regions
[2021-08-22T15:33:11.331+0000][gc,marking   ] GC(2) Concurrent Scan Root Regions 4.161ms
[2021-08-22T15:33:11.331+0000][gc,marking   ] GC(2) Concurrent Mark (1.817s)
[2021-08-22T15:33:11.331+0000][gc,marking   ] GC(2) Concurrent Mark From Roots
[2021-08-22T15:33:11.331+0000][gc,task      ] GC(2) Using 1 workers of 1 for marking
[2021-08-22T15:33:11.332+0000][gc,marking   ] GC(2) Concurrent Mark From Roots 1.195ms
[2021-08-22T15:33:11.333+0000][gc,marking   ] GC(2) Concurrent Preclean
[2021-08-22T15:33:11.333+0000][gc,marking   ] GC(2) Concurrent Preclean 0.022ms
[2021-08-22T15:33:11.333+0000][gc,marking   ] GC(2) Concurrent Mark (1.817s, 1.818s) 1.296ms
[2021-08-22T15:33:11.337+0000][gc,start     ] GC(2) Pause Remark
[2021-08-22T15:33:11.338+0000][gc           ] GC(2) Pause Remark 8M->8M(1024M) 1.697ms
[2021-08-22T15:33:11.338+0000][gc,cpu       ] GC(2) User=0.01s Sys=0.00s Real=0.00s
[2021-08-22T15:33:11.338+0000][gc,marking   ] GC(2) Concurrent Rebuild Remembered Sets
[2021-08-22T15:33:11.343+0000][gc,marking   ] GC(2) Concurrent Rebuild Remembered Sets 4.592ms
[2021-08-22T15:33:11.343+0000][gc,start     ] GC(2) Pause Cleanup
[2021-08-22T15:33:11.344+0000][gc           ] GC(2) Pause Cleanup 8M->8M(1024M) 0.149ms
[2021-08-22T15:33:11.344+0000][gc,cpu       ] GC(2) User=0.00s Sys=0.00s Real=0.00s
[2021-08-22T15:33:11.344+0000][gc,marking   ] GC(2) Concurrent Cleanup for Next Mark
[2021-08-22T15:33:11.352+0000][gc,marking   ] GC(2) Concurrent Cleanup for Next Mark 8.344ms
[2021-08-22T15:33:11.352+0000][gc           ] GC(2) Concurrent Cycle 25.133ms
[2021-08-22T15:33:12.265+0000][gc,start     ] GC(3) Pause Young (Normal) (G1 Evacuation Pause)
[2021-08-22T15:33:12.265+0000][gc,task      ] GC(3) Using 4 workers of 4 for evacuation
[2021-08-22T15:33:12.269+0000][gc,phases    ] GC(3)   Pre Evacuate Collection Set: 0.1ms
[2021-08-22T15:33:12.269+0000][gc,phases    ] GC(3)   Merge Heap Roots: 0.0ms
[2021-08-22T15:33:12.269+0000][gc,phases    ] GC(3)   Evacuate Collection Set: 3.6ms
[2021-08-22T15:33:12.269+0000][gc,phases    ] GC(3)   Post Evacuate Collection Set: 0.3ms
[2021-08-22T15:33:12.269+0000][gc,phases    ] GC(3)   Other: 0.1ms
[2021-08-22T15:33:12.269+0000][gc,heap      ] GC(3) Eden regions: 49->0(46)
[2021-08-22T15:33:12.269+0000][gc,heap      ] GC(3) Survivor regions: 2->5(7)
[2021-08-22T15:33:12.269+0000][gc,heap      ] GC(3) Old regions: 7->7
[2021-08-22T15:33:12.269+0000][gc,heap      ] GC(3) Archive regions: 2->2
[2021-08-22T15:33:12.269+0000][gc,heap      ] GC(3) Humongous regions: 129->129
[2021-08-22T15:33:12.269+0000][gc,metaspace ] GC(3) Metaspace: 28202K(29568K)->28202K(29568K) NonClass: 24783K(25600K)->24783K(25600K) Class: 3419K(3968K)->3419K(3968K)
[2021-08-22T15:33:12.269+0000][gc           ] GC(3) Pause Young (Normal) (G1 Evacuation Pause) 186M->140M(1024M) 4.260ms
[2021-08-22T15:33:12.269+0000][gc,cpu       ] GC(3) User=0.01s Sys=0.00s Real=0.00s
[2021-08-22T15:33:12.742+0000][gc,start     ] GC(4) Pause Young (Concurrent Start) (Metadata GC Threshold)
[2021-08-22T15:33:12.742+0000][gc,task      ] GC(4) Using 4 workers of 4 for evacuation
[2021-08-22T15:33:12.749+0000][gc,phases    ] GC(4)   Pre Evacuate Collection Set: 0.2ms
[2021-08-22T15:33:12.749+0000][gc,phases    ] GC(4)   Merge Heap Roots: 0.0ms
[2021-08-22T15:33:12.749+0000][gc,phases    ] GC(4)   Evacuate Collection Set: 5.7ms
[2021-08-22T15:33:12.749+0000][gc,phases    ] GC(4)   Post Evacuate Collection Set: 0.4ms
[2021-08-22T15:33:12.749+0000][gc,phases    ] GC(4)   Other: 0.2ms
[2021-08-22T15:33:12.749+0000][gc,heap      ] GC(4) Eden regions: 32->0(45)
[2021-08-22T15:33:12.749+0000][gc,heap      ] GC(4) Survivor regions: 5->6(7)
[2021-08-22T15:33:12.749+0000][gc,heap      ] GC(4) Old regions: 7->7
[2021-08-22T15:33:12.749+0000][gc,heap      ] GC(4) Archive regions: 2->2
[2021-08-22T15:33:12.749+0000][gc,heap      ] GC(4) Humongous regions: 129->129
[2021-08-22T15:33:12.749+0000][gc,metaspace ] GC(4) Metaspace: 34160K(35628K)->34160K(35628K) NonClass: 30037K(30892K)->30037K(30892K) Class: 4123K(4736K)->4123K(4736K)
[2021-08-22T15:33:12.749+0000][gc           ] GC(4) Pause Young (Concurrent Start) (Metadata GC Threshold) 171M->142M(1024M) 6.726ms
[2021-08-22T15:33:12.749+0000][gc,cpu       ] GC(4) User=0.02s Sys=0.00s Real=0.00s
[2021-08-22T15:33:12.749+0000][gc           ] GC(5) Concurrent Cycle
[2021-08-22T15:33:12.749+0000][gc,marking   ] GC(5) Concurrent Clear Claimed Marks
[2021-08-22T15:33:12.749+0000][gc,marking   ] GC(5) Concurrent Clear Claimed Marks 0.087ms
[2021-08-22T15:33:12.749+0000][gc,marking   ] GC(5) Concurrent Scan Root Regions
[2021-08-22T15:33:12.756+0000][gc,marking   ] GC(5) Concurrent Scan Root Regions 6.711ms
[2021-08-22T15:33:12.756+0000][gc,marking   ] GC(5) Concurrent Mark (3.241s)
[2021-08-22T15:33:12.756+0000][gc,marking   ] GC(5) Concurrent Mark From Roots
[2021-08-22T15:33:12.756+0000][gc,task      ] GC(5) Using 1 workers of 1 for marking
[2021-08-22T15:33:12.768+0000][gc,marking   ] GC(5) Concurrent Mark From Roots 12.588ms
[2021-08-22T15:33:12.768+0000][gc,marking   ] GC(5) Concurrent Preclean
[2021-08-22T15:33:12.769+0000][gc,marking   ] GC(5) Concurrent Preclean 0.065ms
[2021-08-22T15:33:12.769+0000][gc,marking   ] GC(5) Concurrent Mark (3.241s, 3.254s) 12.727ms
[2021-08-22T15:33:12.769+0000][gc,start     ] GC(5) Pause Remark
[2021-08-22T15:33:12.770+0000][gc           ] GC(5) Pause Remark 144M->144M(1024M) 1.623ms
[2021-08-22T15:33:12.770+0000][gc,cpu       ] GC(5) User=0.01s Sys=0.00s Real=0.01s
[2021-08-22T15:33:12.771+0000][gc,marking   ] GC(5) Concurrent Rebuild Remembered Sets
[2021-08-22T15:33:12.778+0000][gc,marking   ] GC(5) Concurrent Rebuild Remembered Sets 6.974ms
[2021-08-22T15:33:12.778+0000][gc,start     ] GC(5) Pause Cleanup
[2021-08-22T15:33:12.779+0000][gc           ] GC(5) Pause Cleanup 145M->145M(1024M) 0.110ms
[2021-08-22T15:33:12.779+0000][gc,cpu       ] GC(5) User=0.00s Sys=0.00s Real=0.00s
[2021-08-22T15:33:12.779+0000][gc,marking   ] GC(5) Concurrent Cleanup for Next Mark
[2021-08-22T15:33:12.787+0000][gc,marking   ] GC(5) Concurrent Cleanup for Next Mark 8.136ms
[2021-08-22T15:33:12.787+0000][gc           ] GC(5) Concurrent Cycle 37.853ms
[2021-08-22T15:35:47.225+0000][gc,start     ] GC(6) Pause Young (Concurrent Start) (G1 Evacuation Pause)
[2021-08-22T15:35:47.227+0000][gc,task      ] GC(6) Using 4 workers of 4 for evacuation
[2021-08-22T15:35:47.255+0000][gc,mmu       ] GC(6) MMU target violated: 21.0ms (20.0ms/21.0ms)
[2021-08-22T15:35:47.255+0000][gc,phases    ] GC(6)   Pre Evacuate Collection Set: 1.2ms
[2021-08-22T15:35:47.255+0000][gc,phases    ] GC(6)   Merge Heap Roots: 0.1ms
[2021-08-22T15:35:47.255+0000][gc,phases    ] GC(6)   Evacuate Collection Set: 26.0ms
[2021-08-22T15:35:47.255+0000][gc,phases    ] GC(6)   Post Evacuate Collection Set: 0.7ms
[2021-08-22T15:35:47.255+0000][gc,phases    ] GC(6)   Other: 2.0ms
[2021-08-22T15:35:47.255+0000][gc,heap      ] GC(6) Eden regions: 45->0(46)
[2021-08-22T15:35:47.255+0000][gc,heap      ] GC(6) Survivor regions: 6->5(7)
[2021-08-22T15:35:47.255+0000][gc,heap      ] GC(6) Old regions: 7->11
[2021-08-22T15:35:47.255+0000][gc,heap      ] GC(6) Archive regions: 2->2
[2021-08-22T15:35:47.255+0000][gc,heap      ] GC(6) Humongous regions: 135->129
[2021-08-22T15:35:47.255+0000][gc,metaspace ] GC(6) Metaspace: 40877K(43520K)->40877K(43520K) NonClass: 35490K(36864K)->35490K(36864K) Class: 5386K(6656K)->5386K(6656K)
[2021-08-22T15:35:47.255+0000][gc           ] GC(6) Pause Young (Concurrent Start) (G1 Evacuation Pause) 193M->145M(1024M) 30.083ms
[2021-08-22T15:35:47.255+0000][gc,cpu       ] GC(6) User=0.03s Sys=0.05s Real=0.03s
[2021-08-22T15:35:47.255+0000][gc           ] GC(7) Concurrent Cycle
[2021-08-22T15:35:47.255+0000][gc,marking   ] GC(7) Concurrent Clear Claimed Marks
[2021-08-22T15:35:47.255+0000][gc,marking   ] GC(7) Concurrent Clear Claimed Marks 0.148ms
[2021-08-22T15:35:47.255+0000][gc,marking   ] GC(7) Concurrent Scan Root Regions
[2021-08-22T15:35:47.266+0000][gc,marking   ] GC(7) Concurrent Scan Root Regions 10.613ms
[2021-08-22T15:35:47.266+0000][gc,marking   ] GC(7) Concurrent Mark (157.747s)
[2021-08-22T15:35:47.266+0000][gc,marking   ] GC(7) Concurrent Mark From Roots
[2021-08-22T15:35:47.266+0000][gc,task      ] GC(7) Using 1 workers of 1 for marking
[2021-08-22T15:35:47.277+0000][gc,marking   ] GC(7) Concurrent Mark From Roots 10.585ms
[2021-08-22T15:35:47.277+0000][gc,marking   ] GC(7) Concurrent Preclean
[2021-08-22T15:35:47.277+0000][gc,marking   ] GC(7) Concurrent Preclean 0.050ms
[2021-08-22T15:35:47.277+0000][gc,marking   ] GC(7) Concurrent Mark (157.747s, 157.757s) 10.694ms
[2021-08-22T15:35:47.277+0000][gc,start     ] GC(7) Pause Remark
[2021-08-22T15:35:47.281+0000][gc           ] GC(7) Pause Remark 145M->145M(1024M) 3.973ms
[2021-08-22T15:35:47.281+0000][gc,cpu       ] GC(7) User=0.01s Sys=0.01s Real=0.01s
[2021-08-22T15:35:47.281+0000][gc,marking   ] GC(7) Concurrent Rebuild Remembered Sets
[2021-08-22T15:35:47.288+0000][gc,marking   ] GC(7) Concurrent Rebuild Remembered Sets 7.343ms
[2021-08-22T15:35:47.288+0000][gc,start     ] GC(7) Pause Cleanup
[2021-08-22T15:35:47.289+0000][gc           ] GC(7) Pause Cleanup 145M->145M(1024M) 0.085ms
[2021-08-22T15:35:47.289+0000][gc,cpu       ] GC(7) User=0.00s Sys=0.00s Real=0.00s
[2021-08-22T15:35:47.289+0000][gc,marking   ] GC(7) Concurrent Cleanup for Next Mark
[2021-08-22T15:35:47.302+0000][gc,marking   ] GC(7) Concurrent Cleanup for Next Mark 13.016ms
[2021-08-22T15:35:47.302+0000][gc           ] GC(7) Concurrent Cycle 46.520ms
[2021-08-22T15:41:39.595+0000][gc,heap,exit ] Heap
[2021-08-22T15:41:39.596+0000][gc,heap,exit ]  garbage-first heap   total 1048576K, used 179248K [0x00000007c0000000, 0x0000000800000000)
[2021-08-22T15:41:39.596+0000][gc,heap,exit ]   region size 1024K, 36 young (36864K), 5 survivors (5120K)
[2021-08-22T15:41:39.596+0000][gc,heap,exit ]  Metaspace       used 42219K, capacity 44814K, committed 45056K, reserved 1087488K
[2021-08-22T15:41:39.596+0000][gc,heap,exit ]   class space    used 5617K, capacity 6883K, committed 6912K, reserved 1048576K
