[2021-08-22T22:13:35.697+0000][gc,heap] Heap region size: 1M
[2021-08-22T22:13:35.697+0000][gc,heap,coops] Heap address: 0x00000007c0000000, size: 1024 MB, Compressed Oops mode: Zero based, Oop shift amount: 3
[2021-08-22T22:13:35.705+0000][gc           ] Using G1
[2021-08-22T22:13:35.705+0000][gc,cds       ] Mark closed archive regions in map: [0x00000007fff00000, 0x00000007fff7aff8]
[2021-08-22T22:13:35.705+0000][gc,cds       ] Mark open archive regions in map: [0x00000007ffe00000, 0x00000007ffe50ff8]
[2021-08-22T22:13:35.719+0000][gc           ] Periodic GC disabled
[2021-08-22T22:13:36.832+0000][gc,start     ] GC(0) Pause Young (Normal) (G1 Evacuation Pause)
[2021-08-22T22:13:36.833+0000][gc,task      ] GC(0) Using 4 workers of 4 for evacuation
[2021-08-22T22:13:36.840+0000][gc,phases    ] GC(0)   Pre Evacuate Collection Set: 0.1ms
[2021-08-22T22:13:36.840+0000][gc,phases    ] GC(0)   Merge Heap Roots: 0.1ms
[2021-08-22T22:13:36.840+0000][gc,phases    ] GC(0)   Evacuate Collection Set: 6.7ms
[2021-08-22T22:13:36.840+0000][gc,phases    ] GC(0)   Post Evacuate Collection Set: 0.4ms
[2021-08-22T22:13:36.840+0000][gc,phases    ] GC(0)   Other: 0.5ms
[2021-08-22T22:13:36.841+0000][gc,heap      ] GC(0) Eden regions: 51->0(44)
[2021-08-22T22:13:36.841+0000][gc,heap      ] GC(0) Survivor regions: 0->7(7)
[2021-08-22T22:13:36.841+0000][gc,heap      ] GC(0) Old regions: 0->0
[2021-08-22T22:13:36.841+0000][gc,heap      ] GC(0) Archive regions: 2->2
[2021-08-22T22:13:36.841+0000][gc,heap      ] GC(0) Humongous regions: 0->0
[2021-08-22T22:13:36.841+0000][gc,metaspace ] GC(0) Metaspace: 13955K(14592K)->13955K(14592K) NonClass: 12173K(12544K)->12173K(12544K) Class: 1782K(2048K)->1782K(2048K)
[2021-08-22T22:13:36.841+0000][gc           ] GC(0) Pause Young (Normal) (G1 Evacuation Pause) 51M->7M(1024M) 8.141ms
[2021-08-22T22:13:36.841+0000][gc,cpu       ] GC(0) User=0.02s Sys=0.01s Real=0.01s
[2021-08-22T22:13:37.581+0000][gc,start     ] GC(1) Pause Young (Concurrent Start) (Metadata GC Threshold)
[2021-08-22T22:13:37.581+0000][gc,task      ] GC(1) Using 4 workers of 4 for evacuation
[2021-08-22T22:13:37.587+0000][gc,phases    ] GC(1)   Pre Evacuate Collection Set: 0.1ms
[2021-08-22T22:13:37.587+0000][gc,phases    ] GC(1)   Merge Heap Roots: 0.0ms
[2021-08-22T22:13:37.587+0000][gc,phases    ] GC(1)   Evacuate Collection Set: 5.6ms
[2021-08-22T22:13:37.587+0000][gc,phases    ] GC(1)   Post Evacuate Collection Set: 0.3ms
[2021-08-22T22:13:37.587+0000][gc,phases    ] GC(1)   Other: 0.2ms
[2021-08-22T22:13:37.587+0000][gc,heap      ] GC(1) Eden regions: 28->0(49)
[2021-08-22T22:13:37.587+0000][gc,heap      ] GC(1) Survivor regions: 7->2(7)
[2021-08-22T22:13:37.587+0000][gc,heap      ] GC(1) Old regions: 0->7
[2021-08-22T22:13:37.587+0000][gc,heap      ] GC(1) Archive regions: 2->2
[2021-08-22T22:13:37.587+0000][gc,heap      ] GC(1) Humongous regions: 0->0
[2021-08-22T22:13:37.587+0000][gc,metaspace ] GC(1) Metaspace: 20405K(21248K)->20405K(21248K) NonClass: 17842K(18432K)->17842K(18432K) Class: 2562K(2816K)->2562K(2816K)
[2021-08-22T22:13:37.587+0000][gc           ] GC(1) Pause Young (Concurrent Start) (Metadata GC Threshold) 35M->8M(1024M) 6.396ms
[2021-08-22T22:13:37.587+0000][gc,cpu       ] GC(1) User=0.02s Sys=0.01s Real=0.00s
[2021-08-22T22:13:37.587+0000][gc           ] GC(2) Concurrent Cycle
[2021-08-22T22:13:37.587+0000][gc,marking   ] GC(2) Concurrent Clear Claimed Marks
[2021-08-22T22:13:37.587+0000][gc,marking   ] GC(2) Concurrent Clear Claimed Marks 0.053ms
[2021-08-22T22:13:37.587+0000][gc,marking   ] GC(2) Concurrent Scan Root Regions
[2021-08-22T22:13:37.592+0000][gc,marking   ] GC(2) Concurrent Scan Root Regions 4.306ms
[2021-08-22T22:13:37.592+0000][gc,marking   ] GC(2) Concurrent Mark (1.940s)
[2021-08-22T22:13:37.592+0000][gc,marking   ] GC(2) Concurrent Mark From Roots
[2021-08-22T22:13:37.592+0000][gc,task      ] GC(2) Using 1 workers of 1 for marking
[2021-08-22T22:13:37.593+0000][gc,marking   ] GC(2) Concurrent Mark From Roots 1.187ms
[2021-08-22T22:13:37.593+0000][gc,marking   ] GC(2) Concurrent Preclean
[2021-08-22T22:13:37.593+0000][gc,marking   ] GC(2) Concurrent Preclean 0.020ms
[2021-08-22T22:13:37.593+0000][gc,marking   ] GC(2) Concurrent Mark (1.940s, 1.941s) 1.271ms
[2021-08-22T22:13:37.593+0000][gc,start     ] GC(2) Pause Remark
[2021-08-22T22:13:37.594+0000][gc           ] GC(2) Pause Remark 8M->8M(1024M) 0.955ms
[2021-08-22T22:13:37.594+0000][gc,cpu       ] GC(2) User=0.01s Sys=0.00s Real=0.00s
[2021-08-22T22:13:37.594+0000][gc,marking   ] GC(2) Concurrent Rebuild Remembered Sets
[2021-08-22T22:13:37.598+0000][gc,marking   ] GC(2) Concurrent Rebuild Remembered Sets 3.494ms
[2021-08-22T22:13:37.598+0000][gc,start     ] GC(2) Pause Cleanup
[2021-08-22T22:13:37.598+0000][gc           ] GC(2) Pause Cleanup 8M->8M(1024M) 0.129ms
[2021-08-22T22:13:37.598+0000][gc,cpu       ] GC(2) User=0.00s Sys=0.00s Real=0.00s
[2021-08-22T22:13:37.598+0000][gc,marking   ] GC(2) Concurrent Cleanup for Next Mark
[2021-08-22T22:13:37.607+0000][gc,marking   ] GC(2) Concurrent Cleanup for Next Mark 8.658ms
[2021-08-22T22:13:37.607+0000][gc           ] GC(2) Concurrent Cycle 19.809ms
[2021-08-22T22:13:38.702+0000][gc,start     ] GC(3) Pause Young (Normal) (G1 Evacuation Pause)
[2021-08-22T22:13:38.702+0000][gc,task      ] GC(3) Using 4 workers of 4 for evacuation
[2021-08-22T22:13:38.707+0000][gc,phases    ] GC(3)   Pre Evacuate Collection Set: 0.1ms
[2021-08-22T22:13:38.707+0000][gc,phases    ] GC(3)   Merge Heap Roots: 0.0ms
[2021-08-22T22:13:38.707+0000][gc,phases    ] GC(3)   Evacuate Collection Set: 3.7ms
[2021-08-22T22:13:38.707+0000][gc,phases    ] GC(3)   Post Evacuate Collection Set: 0.3ms
[2021-08-22T22:13:38.707+0000][gc,phases    ] GC(3)   Other: 0.1ms
[2021-08-22T22:13:38.707+0000][gc,heap      ] GC(3) Eden regions: 49->0(47)
[2021-08-22T22:13:38.707+0000][gc,heap      ] GC(3) Survivor regions: 2->4(7)
[2021-08-22T22:13:38.707+0000][gc,heap      ] GC(3) Old regions: 7->7
[2021-08-22T22:13:38.707+0000][gc,heap      ] GC(3) Archive regions: 2->2
[2021-08-22T22:13:38.707+0000][gc,heap      ] GC(3) Humongous regions: 129->129
[2021-08-22T22:13:38.707+0000][gc,metaspace ] GC(3) Metaspace: 28260K(29568K)->28260K(29568K) NonClass: 24841K(25600K)->24841K(25600K) Class: 3419K(3968K)->3419K(3968K)
[2021-08-22T22:13:38.707+0000][gc           ] GC(3) Pause Young (Normal) (G1 Evacuation Pause) 186M->139M(1024M) 4.386ms
[2021-08-22T22:13:38.707+0000][gc,cpu       ] GC(3) User=0.01s Sys=0.00s Real=0.00s
[2021-08-22T22:13:39.219+0000][gc,start     ] GC(4) Pause Young (Concurrent Start) (Metadata GC Threshold)
[2021-08-22T22:13:39.219+0000][gc,task      ] GC(4) Using 4 workers of 4 for evacuation
[2021-08-22T22:13:39.227+0000][gc,phases    ] GC(4)   Pre Evacuate Collection Set: 0.1ms
[2021-08-22T22:13:39.227+0000][gc,phases    ] GC(4)   Merge Heap Roots: 0.0ms
[2021-08-22T22:13:39.227+0000][gc,phases    ] GC(4)   Evacuate Collection Set: 7.0ms
[2021-08-22T22:13:39.227+0000][gc,phases    ] GC(4)   Post Evacuate Collection Set: 0.4ms
[2021-08-22T22:13:39.227+0000][gc,phases    ] GC(4)   Other: 0.2ms
[2021-08-22T22:13:39.227+0000][gc,heap      ] GC(4) Eden regions: 33->0(45)
[2021-08-22T22:13:39.227+0000][gc,heap      ] GC(4) Survivor regions: 4->6(7)
[2021-08-22T22:13:39.227+0000][gc,heap      ] GC(4) Old regions: 7->7
[2021-08-22T22:13:39.227+0000][gc,heap      ] GC(4) Archive regions: 2->2
[2021-08-22T22:13:39.227+0000][gc,heap      ] GC(4) Humongous regions: 129->129
[2021-08-22T22:13:39.227+0000][gc,metaspace ] GC(4) Metaspace: 34257K(35628K)->34257K(35628K) NonClass: 30133K(30892K)->30133K(30892K) Class: 4124K(4736K)->4124K(4736K)
[2021-08-22T22:13:39.227+0000][gc           ] GC(4) Pause Young (Concurrent Start) (Metadata GC Threshold) 172M->142M(1024M) 7.935ms
[2021-08-22T22:13:39.227+0000][gc,cpu       ] GC(4) User=0.03s Sys=0.00s Real=0.01s
[2021-08-22T22:13:39.227+0000][gc           ] GC(5) Concurrent Cycle
[2021-08-22T22:13:39.227+0000][gc,marking   ] GC(5) Concurrent Clear Claimed Marks
[2021-08-22T22:13:39.227+0000][gc,marking   ] GC(5) Concurrent Clear Claimed Marks 0.079ms
[2021-08-22T22:13:39.227+0000][gc,marking   ] GC(5) Concurrent Scan Root Regions
[2021-08-22T22:13:39.234+0000][gc,marking   ] GC(5) Concurrent Scan Root Regions 7.198ms
[2021-08-22T22:13:39.234+0000][gc,marking   ] GC(5) Concurrent Mark (3.582s)
[2021-08-22T22:13:39.234+0000][gc,marking   ] GC(5) Concurrent Mark From Roots
[2021-08-22T22:13:39.234+0000][gc,task      ] GC(5) Using 1 workers of 1 for marking
[2021-08-22T22:13:39.246+0000][gc,marking   ] GC(5) Concurrent Mark From Roots 12.112ms
[2021-08-22T22:13:39.246+0000][gc,marking   ] GC(5) Concurrent Preclean
[2021-08-22T22:13:39.247+0000][gc,marking   ] GC(5) Concurrent Preclean 0.067ms
[2021-08-22T22:13:39.247+0000][gc,marking   ] GC(5) Concurrent Mark (3.582s, 3.594s) 12.250ms
[2021-08-22T22:13:39.247+0000][gc,start     ] GC(5) Pause Remark
[2021-08-22T22:13:39.249+0000][gc           ] GC(5) Pause Remark 143M->143M(1024M) 2.434ms
[2021-08-22T22:13:39.249+0000][gc,cpu       ] GC(5) User=0.01s Sys=0.00s Real=0.00s
[2021-08-22T22:13:39.249+0000][gc,marking   ] GC(5) Concurrent Rebuild Remembered Sets
[2021-08-22T22:13:39.257+0000][gc,marking   ] GC(5) Concurrent Rebuild Remembered Sets 7.788ms
[2021-08-22T22:13:39.257+0000][gc,start     ] GC(5) Pause Cleanup
[2021-08-22T22:13:39.258+0000][gc           ] GC(5) Pause Cleanup 145M->145M(1024M) 0.117ms
[2021-08-22T22:13:39.258+0000][gc,cpu       ] GC(5) User=0.00s Sys=0.00s Real=0.00s
[2021-08-22T22:13:39.261+0000][gc,marking   ] GC(5) Concurrent Cleanup for Next Mark
[2021-08-22T22:13:39.269+0000][gc,marking   ] GC(5) Concurrent Cleanup for Next Mark 8.603ms
[2021-08-22T22:13:39.269+0000][gc           ] GC(5) Concurrent Cycle 42.258ms
[2021-08-22T22:13:39.748+0000][gc,start     ] GC(6) Pause Young (Concurrent Start) (G1 Humongous Allocation)
[2021-08-22T22:13:39.748+0000][gc,task      ] GC(6) Using 4 workers of 4 for evacuation
[2021-08-22T22:13:39.755+0000][gc,phases    ] GC(6)   Pre Evacuate Collection Set: 0.2ms
[2021-08-22T22:13:39.755+0000][gc,phases    ] GC(6)   Merge Heap Roots: 0.0ms
[2021-08-22T22:13:39.755+0000][gc,phases    ] GC(6)   Evacuate Collection Set: 6.9ms
[2021-08-22T22:13:39.755+0000][gc,phases    ] GC(6)   Post Evacuate Collection Set: 0.5ms
[2021-08-22T22:13:39.755+0000][gc,phases    ] GC(6)   Other: 0.1ms
[2021-08-22T22:13:39.755+0000][gc,heap      ] GC(6) Eden regions: 35->0(47)
[2021-08-22T22:13:39.755+0000][gc,heap      ] GC(6) Survivor regions: 6->4(7)
[2021-08-22T22:13:39.755+0000][gc,heap      ] GC(6) Old regions: 7->10
[2021-08-22T22:13:39.755+0000][gc,heap      ] GC(6) Archive regions: 2->2
[2021-08-22T22:13:39.755+0000][gc,heap      ] GC(6) Humongous regions: 345->129
[2021-08-22T22:13:39.755+0000][gc,metaspace ] GC(6) Metaspace: 38089K(40064K)->38089K(40064K) NonClass: 33241K(34304K)->33241K(34304K) Class: 4848K(5760K)->4848K(5760K)
[2021-08-22T22:13:39.755+0000][gc           ] GC(6) Pause Young (Concurrent Start) (G1 Humongous Allocation) 393M->143M(1024M) 7.820ms
[2021-08-22T22:13:39.755+0000][gc,cpu       ] GC(6) User=0.02s Sys=0.00s Real=0.01s
[2021-08-22T22:13:39.755+0000][gc           ] GC(7) Concurrent Cycle
[2021-08-22T22:13:39.755+0000][gc,marking   ] GC(7) Concurrent Clear Claimed Marks
[2021-08-22T22:13:39.756+0000][gc,marking   ] GC(7) Concurrent Clear Claimed Marks 0.097ms
[2021-08-22T22:13:39.756+0000][gc,marking   ] GC(7) Concurrent Scan Root Regions
[2021-08-22T22:13:39.764+0000][gc,marking   ] GC(7) Concurrent Scan Root Regions 8.187ms
[2021-08-22T22:13:39.764+0000][gc,marking   ] GC(7) Concurrent Mark (4.112s)
[2021-08-22T22:13:39.764+0000][gc,marking   ] GC(7) Concurrent Mark From Roots
[2021-08-22T22:13:39.764+0000][gc,task      ] GC(7) Using 1 workers of 1 for marking
[2021-08-22T22:13:39.775+0000][gc,marking   ] GC(7) Concurrent Mark From Roots 11.545ms
[2021-08-22T22:13:39.775+0000][gc,marking   ] GC(7) Concurrent Preclean
[2021-08-22T22:13:39.776+0000][gc,marking   ] GC(7) Concurrent Preclean 0.080ms
[2021-08-22T22:13:39.776+0000][gc,marking   ] GC(7) Concurrent Mark (4.112s, 4.123s) 11.700ms
[2021-08-22T22:13:39.776+0000][gc,start     ] GC(7) Pause Remark
[2021-08-22T22:13:39.778+0000][gc           ] GC(7) Pause Remark 169M->169M(1024M) 2.458ms
[2021-08-22T22:13:39.778+0000][gc,cpu       ] GC(7) User=0.01s Sys=0.00s Real=0.00s
[2021-08-22T22:13:39.778+0000][gc,marking   ] GC(7) Concurrent Rebuild Remembered Sets
[2021-08-22T22:13:39.790+0000][gc,marking   ] GC(7) Concurrent Rebuild Remembered Sets 11.882ms
[2021-08-22T22:13:39.790+0000][gc,start     ] GC(7) Pause Cleanup
[2021-08-22T22:13:39.791+0000][gc           ] GC(7) Pause Cleanup 169M->169M(1024M) 0.149ms
[2021-08-22T22:13:39.791+0000][gc,cpu       ] GC(7) User=0.00s Sys=0.00s Real=0.00s
[2021-08-22T22:13:39.791+0000][gc,marking   ] GC(7) Concurrent Cleanup for Next Mark
[2021-08-22T22:13:39.792+0000][gc,marking   ] GC(7) Concurrent Cleanup for Next Mark 1.408ms
[2021-08-22T22:13:39.792+0000][gc           ] GC(7) Concurrent Cycle 36.667ms
[2021-08-22T22:15:43.893+0000][gc,heap,exit ] Heap
[2021-08-22T22:15:43.893+0000][gc,heap,exit ]  garbage-first heap   total 1048576K, used 214769K [0x00000007c0000000, 0x0000000800000000)
[2021-08-22T22:15:43.893+0000][gc,heap,exit ]   region size 1024K, 48 young (49152K), 4 survivors (4096K)
[2021-08-22T22:15:43.893+0000][gc,heap,exit ]  Metaspace       used 43194K, capacity 46188K, committed 46336K, reserved 1087488K
[2021-08-22T22:15:43.893+0000][gc,heap,exit ]   class space    used 5952K, capacity 7400K, committed 7424K, reserved 1048576K
