[2021-08-22T15:08:06.239+0000][gc,heap] Heap region size: 1M
[2021-08-22T15:08:06.239+0000][gc,heap,coops] Heap address: 0x00000007c0000000, size: 1024 MB, Compressed Oops mode: Zero based, Oop shift amount: 3
[2021-08-22T15:08:06.247+0000][gc           ] Using G1
[2021-08-22T15:08:06.247+0000][gc,cds       ] Mark closed archive regions in map: [0x00000007fff00000, 0x00000007fff7aff8]
[2021-08-22T15:08:06.247+0000][gc,cds       ] Mark open archive regions in map: [0x00000007ffe00000, 0x00000007ffe50ff8]
[2021-08-22T15:08:06.261+0000][gc           ] Periodic GC disabled
[2021-08-22T15:08:07.205+0000][gc,start     ] GC(0) Pause Young (Normal) (G1 Evacuation Pause)
[2021-08-22T15:08:07.206+0000][gc,task      ] GC(0) Using 4 workers of 4 for evacuation
[2021-08-22T15:08:07.213+0000][gc,phases    ] GC(0)   Pre Evacuate Collection Set: 0.1ms
[2021-08-22T15:08:07.213+0000][gc,phases    ] GC(0)   Merge Heap Roots: 0.0ms
[2021-08-22T15:08:07.213+0000][gc,phases    ] GC(0)   Evacuate Collection Set: 6.6ms
[2021-08-22T15:08:07.213+0000][gc,phases    ] GC(0)   Post Evacuate Collection Set: 0.4ms
[2021-08-22T15:08:07.213+0000][gc,phases    ] GC(0)   Other: 0.3ms
[2021-08-22T15:08:07.213+0000][gc,heap      ] GC(0) Eden regions: 51->0(44)
[2021-08-22T15:08:07.213+0000][gc,heap      ] GC(0) Survivor regions: 0->7(7)
[2021-08-22T15:08:07.213+0000][gc,heap      ] GC(0) Old regions: 0->0
[2021-08-22T15:08:07.213+0000][gc,heap      ] GC(0) Archive regions: 2->2
[2021-08-22T15:08:07.213+0000][gc,heap      ] GC(0) Humongous regions: 0->0
[2021-08-22T15:08:07.213+0000][gc,metaspace ] GC(0) Metaspace: 14623K(15360K)->14623K(15360K) NonClass: 12771K(13312K)->12771K(13312K) Class: 1852K(2048K)->1852K(2048K)
[2021-08-22T15:08:07.213+0000][gc           ] GC(0) Pause Young (Normal) (G1 Evacuation Pause) 51M->7M(1024M) 7.632ms
[2021-08-22T15:08:07.213+0000][gc,cpu       ] GC(0) User=0.02s Sys=0.00s Real=0.01s
[2021-08-22T15:08:07.958+0000][gc,start     ] GC(1) Pause Young (Concurrent Start) (Metadata GC Threshold)
[2021-08-22T15:08:07.958+0000][gc,task      ] GC(1) Using 4 workers of 4 for evacuation
[2021-08-22T15:08:07.966+0000][gc,phases    ] GC(1)   Pre Evacuate Collection Set: 0.1ms
[2021-08-22T15:08:07.966+0000][gc,phases    ] GC(1)   Merge Heap Roots: 0.0ms
[2021-08-22T15:08:07.966+0000][gc,phases    ] GC(1)   Evacuate Collection Set: 7.4ms
[2021-08-22T15:08:07.966+0000][gc,phases    ] GC(1)   Post Evacuate Collection Set: 0.4ms
[2021-08-22T15:08:07.966+0000][gc,phases    ] GC(1)   Other: 0.2ms
[2021-08-22T15:08:07.967+0000][gc,heap      ] GC(1) Eden regions: 27->0(49)
[2021-08-22T15:08:07.967+0000][gc,heap      ] GC(1) Survivor regions: 7->2(7)
[2021-08-22T15:08:07.967+0000][gc,heap      ] GC(1) Old regions: 0->7
[2021-08-22T15:08:07.967+0000][gc,heap      ] GC(1) Archive regions: 2->2
[2021-08-22T15:08:07.967+0000][gc,heap      ] GC(1) Humongous regions: 0->0
[2021-08-22T15:08:07.967+0000][gc,metaspace ] GC(1) Metaspace: 20614K(21296K)->20614K(21296K) NonClass: 18016K(18432K)->18016K(18432K) Class: 2597K(2864K)->2597K(2864K)
[2021-08-22T15:08:07.967+0000][gc           ] GC(1) Pause Young (Concurrent Start) (Metadata GC Threshold) 33M->8M(1024M) 8.208ms
[2021-08-22T15:08:07.967+0000][gc,cpu       ] GC(1) User=0.03s Sys=0.01s Real=0.01s
[2021-08-22T15:08:07.967+0000][gc           ] GC(2) Concurrent Cycle
[2021-08-22T15:08:07.967+0000][gc,marking   ] GC(2) Concurrent Clear Claimed Marks
[2021-08-22T15:08:07.967+0000][gc,marking   ] GC(2) Concurrent Clear Claimed Marks 0.052ms
[2021-08-22T15:08:07.967+0000][gc,marking   ] GC(2) Concurrent Scan Root Regions
[2021-08-22T15:08:07.972+0000][gc,marking   ] GC(2) Concurrent Scan Root Regions 5.553ms
[2021-08-22T15:08:07.972+0000][gc,marking   ] GC(2) Concurrent Mark (1.758s)
[2021-08-22T15:08:07.972+0000][gc,marking   ] GC(2) Concurrent Mark From Roots
[2021-08-22T15:08:07.972+0000][gc,task      ] GC(2) Using 1 workers of 1 for marking
[2021-08-22T15:08:07.974+0000][gc,marking   ] GC(2) Concurrent Mark From Roots 1.996ms
[2021-08-22T15:08:07.974+0000][gc,marking   ] GC(2) Concurrent Preclean
[2021-08-22T15:08:07.974+0000][gc,marking   ] GC(2) Concurrent Preclean 0.029ms
[2021-08-22T15:08:07.974+0000][gc,marking   ] GC(2) Concurrent Mark (1.758s, 1.760s) 2.127ms
[2021-08-22T15:08:07.975+0000][gc,start     ] GC(2) Pause Remark
[2021-08-22T15:08:07.976+0000][gc           ] GC(2) Pause Remark 8M->8M(1024M) 1.187ms
[2021-08-22T15:08:07.976+0000][gc,cpu       ] GC(2) User=0.00s Sys=0.00s Real=0.00s
[2021-08-22T15:08:07.976+0000][gc,marking   ] GC(2) Concurrent Rebuild Remembered Sets
[2021-08-22T15:08:07.980+0000][gc,marking   ] GC(2) Concurrent Rebuild Remembered Sets 4.065ms
[2021-08-22T15:08:07.980+0000][gc,start     ] GC(2) Pause Cleanup
[2021-08-22T15:08:07.981+0000][gc           ] GC(2) Pause Cleanup 9M->9M(1024M) 0.134ms
[2021-08-22T15:08:07.981+0000][gc,cpu       ] GC(2) User=0.01s Sys=0.00s Real=0.00s
[2021-08-22T15:08:07.981+0000][gc,marking   ] GC(2) Concurrent Cleanup for Next Mark
[2021-08-22T15:08:07.987+0000][gc,marking   ] GC(2) Concurrent Cleanup for Next Mark 6.203ms
[2021-08-22T15:08:07.987+0000][gc           ] GC(2) Concurrent Cycle 20.279ms
[2021-08-22T15:08:08.830+0000][gc,start     ] GC(3) Pause Young (Normal) (G1 Evacuation Pause)
[2021-08-22T15:08:08.830+0000][gc,task      ] GC(3) Using 4 workers of 4 for evacuation
[2021-08-22T15:08:08.837+0000][gc,phases    ] GC(3)   Pre Evacuate Collection Set: 0.1ms
[2021-08-22T15:08:08.837+0000][gc,phases    ] GC(3)   Merge Heap Roots: 0.1ms
[2021-08-22T15:08:08.837+0000][gc,phases    ] GC(3)   Evacuate Collection Set: 6.9ms
[2021-08-22T15:08:08.837+0000][gc,phases    ] GC(3)   Post Evacuate Collection Set: 0.4ms
[2021-08-22T15:08:08.837+0000][gc,phases    ] GC(3)   Other: 0.2ms
[2021-08-22T15:08:08.837+0000][gc,heap      ] GC(3) Eden regions: 49->0(46)
[2021-08-22T15:08:08.837+0000][gc,heap      ] GC(3) Survivor regions: 2->5(7)
[2021-08-22T15:08:08.837+0000][gc,heap      ] GC(3) Old regions: 7->7
[2021-08-22T15:08:08.837+0000][gc,heap      ] GC(3) Archive regions: 2->2
[2021-08-22T15:08:08.837+0000][gc,heap      ] GC(3) Humongous regions: 129->129
[2021-08-22T15:08:08.837+0000][gc,metaspace ] GC(3) Metaspace: 29187K(30384K)->29187K(30384K) NonClass: 25701K(26368K)->25701K(26368K) Class: 3486K(4016K)->3486K(4016K)
[2021-08-22T15:08:08.837+0000][gc           ] GC(3) Pause Young (Normal) (G1 Evacuation Pause) 186M->140M(1024M) 7.785ms
[2021-08-22T15:08:08.837+0000][gc,cpu       ] GC(3) User=0.02s Sys=0.00s Real=0.00s
[2021-08-22T15:08:09.168+0000][gc,start     ] GC(4) Pause Young (Concurrent Start) (Metadata GC Threshold)
[2021-08-22T15:08:09.168+0000][gc,task      ] GC(4) Using 4 workers of 4 for evacuation
[2021-08-22T15:08:09.178+0000][gc,phases    ] GC(4)   Pre Evacuate Collection Set: 0.2ms
[2021-08-22T15:08:09.178+0000][gc,phases    ] GC(4)   Merge Heap Roots: 0.0ms
[2021-08-22T15:08:09.178+0000][gc,phases    ] GC(4)   Evacuate Collection Set: 9.9ms
[2021-08-22T15:08:09.178+0000][gc,phases    ] GC(4)   Post Evacuate Collection Set: 0.3ms
[2021-08-22T15:08:09.178+0000][gc,phases    ] GC(4)   Other: 0.2ms
[2021-08-22T15:08:09.178+0000][gc,heap      ] GC(4) Eden regions: 27->0(49)
[2021-08-22T15:08:09.178+0000][gc,heap      ] GC(4) Survivor regions: 5->2(7)
[2021-08-22T15:08:09.178+0000][gc,heap      ] GC(4) Old regions: 7->11
[2021-08-22T15:08:09.178+0000][gc,heap      ] GC(4) Archive regions: 2->2
[2021-08-22T15:08:09.178+0000][gc,heap      ] GC(4) Humongous regions: 129->129
[2021-08-22T15:08:09.178+0000][gc,metaspace ] GC(4) Metaspace: 34415K(35888K)->34415K(35888K) NonClass: 30207K(30976K)->30207K(30976K) Class: 4208K(4912K)->4208K(4912K)
[2021-08-22T15:08:09.178+0000][gc           ] GC(4) Pause Young (Concurrent Start) (Metadata GC Threshold) 167M->141M(1024M) 10.777ms
[2021-08-22T15:08:09.178+0000][gc,cpu       ] GC(4) User=0.04s Sys=0.01s Real=0.01s
[2021-08-22T15:08:09.178+0000][gc           ] GC(5) Concurrent Cycle
[2021-08-22T15:08:09.178+0000][gc,marking   ] GC(5) Concurrent Clear Claimed Marks
[2021-08-22T15:08:09.179+0000][gc,marking   ] GC(5) Concurrent Clear Claimed Marks 0.079ms
[2021-08-22T15:08:09.179+0000][gc,marking   ] GC(5) Concurrent Scan Root Regions
[2021-08-22T15:08:09.186+0000][gc,marking   ] GC(5) Concurrent Scan Root Regions 7.060ms
[2021-08-22T15:08:09.186+0000][gc,marking   ] GC(5) Concurrent Mark (2.971s)
[2021-08-22T15:08:09.186+0000][gc,marking   ] GC(5) Concurrent Mark From Roots
[2021-08-22T15:08:09.186+0000][gc,task      ] GC(5) Using 1 workers of 1 for marking
[2021-08-22T15:08:09.198+0000][gc,marking   ] GC(5) Concurrent Mark From Roots 12.319ms
[2021-08-22T15:08:09.198+0000][gc,marking   ] GC(5) Concurrent Preclean
[2021-08-22T15:08:09.198+0000][gc,marking   ] GC(5) Concurrent Preclean 0.076ms
[2021-08-22T15:08:09.198+0000][gc,marking   ] GC(5) Concurrent Mark (2.971s, 2.984s) 12.463ms
[2021-08-22T15:08:09.198+0000][gc,start     ] GC(5) Pause Remark
[2021-08-22T15:08:09.200+0000][gc           ] GC(5) Pause Remark 142M->142M(1024M) 1.421ms
[2021-08-22T15:08:09.200+0000][gc,cpu       ] GC(5) User=0.01s Sys=0.00s Real=0.01s
[2021-08-22T15:08:09.200+0000][gc,marking   ] GC(5) Concurrent Rebuild Remembered Sets
[2021-08-22T15:08:09.211+0000][gc,marking   ] GC(5) Concurrent Rebuild Remembered Sets 10.973ms
[2021-08-22T15:08:09.211+0000][gc,start     ] GC(5) Pause Cleanup
[2021-08-22T15:08:09.211+0000][gc           ] GC(5) Pause Cleanup 142M->142M(1024M) 0.116ms
[2021-08-22T15:08:09.211+0000][gc,cpu       ] GC(5) User=0.00s Sys=0.00s Real=0.00s
[2021-08-22T15:08:09.211+0000][gc,marking   ] GC(5) Concurrent Cleanup for Next Mark
[2021-08-22T15:08:09.219+0000][gc,marking   ] GC(5) Concurrent Cleanup for Next Mark 8.159ms
[2021-08-22T15:08:09.219+0000][gc           ] GC(5) Concurrent Cycle 40.889ms
[2021-08-22T15:12:30.320+0000][gc,start     ] GC(6) Pause Young (Normal) (G1 Evacuation Pause)
[2021-08-22T15:12:30.322+0000][gc,task      ] GC(6) Using 4 workers of 4 for evacuation
[2021-08-22T15:12:30.332+0000][gc,phases    ] GC(6)   Pre Evacuate Collection Set: 0.7ms
[2021-08-22T15:12:30.332+0000][gc,phases    ] GC(6)   Merge Heap Roots: 0.2ms
[2021-08-22T15:12:30.332+0000][gc,phases    ] GC(6)   Evacuate Collection Set: 8.5ms
[2021-08-22T15:12:30.332+0000][gc,phases    ] GC(6)   Post Evacuate Collection Set: 0.6ms
[2021-08-22T15:12:30.332+0000][gc,phases    ] GC(6)   Other: 2.0ms
[2021-08-22T15:12:30.332+0000][gc,heap      ] GC(6) Eden regions: 49->0(46)
[2021-08-22T15:12:30.332+0000][gc,heap      ] GC(6) Survivor regions: 2->5(7)
[2021-08-22T15:12:30.332+0000][gc,heap      ] GC(6) Old regions: 11->11
[2021-08-22T15:12:30.332+0000][gc,heap      ] GC(6) Archive regions: 2->2
[2021-08-22T15:12:30.332+0000][gc,heap      ] GC(6) Humongous regions: 129->129
[2021-08-22T15:12:30.332+0000][gc,metaspace ] GC(6) Metaspace: 40865K(43568K)->40865K(43568K) NonClass: 35417K(36864K)->35417K(36864K) Class: 5448K(6704K)->5448K(6704K)
[2021-08-22T15:12:30.332+0000][gc           ] GC(6) Pause Young (Normal) (G1 Evacuation Pause) 190M->144M(1024M) 12.026ms
[2021-08-22T15:12:30.332+0000][gc,cpu       ] GC(6) User=0.03s Sys=0.00s Real=0.01s
[2021-08-22T15:14:23.116+0000][gc,heap,exit ] Heap
[2021-08-22T15:14:23.123+0000][gc,heap,exit ]  garbage-first heap   total 1048576K, used 169814K [0x00000007c0000000, 0x0000000800000000)
[2021-08-22T15:14:23.123+0000][gc,heap,exit ]   region size 1024K, 27 young (27648K), 5 survivors (5120K)
[2021-08-22T15:14:23.123+0000][gc,heap,exit ]  Metaspace       used 42517K, capacity 45180K, committed 45488K, reserved 1087488K
[2021-08-22T15:14:23.123+0000][gc,heap,exit ]   class space    used 5720K, capacity 7025K, committed 7088K, reserved 1048576K
