[2021-08-22T19:25:22.602+0000][gc,heap] Heap region size: 1M
[2021-08-22T19:25:22.603+0000][gc,heap,coops] Heap address: 0x00000007e0000000, size: 512 MB, Compressed Oops mode: Zero based, Oop shift amount: 3
[2021-08-22T19:25:22.608+0000][gc           ] Using G1
[2021-08-22T19:25:22.609+0000][gc,cds       ] Mark closed archive regions in map: [0x00000007fff00000, 0x00000007fff7aff8]
[2021-08-22T19:25:22.609+0000][gc,cds       ] Mark open archive regions in map: [0x00000007ffe00000, 0x00000007ffe50ff8]
[2021-08-22T19:25:22.629+0000][gc           ] Periodic GC disabled
[2021-08-22T19:25:28.822+0000][gc,start     ] GC(0) Pause Young (Normal) (G1 Evacuation Pause)
[2021-08-22T19:25:28.823+0000][gc,task      ] GC(0) Using 4 workers of 4 for evacuation
[2021-08-22T19:25:28.831+0000][gc,phases    ] GC(0)   Pre Evacuate Collection Set: 0.2ms
[2021-08-22T19:25:28.831+0000][gc,phases    ] GC(0)   Merge Heap Roots: 0.0ms
[2021-08-22T19:25:28.831+0000][gc,phases    ] GC(0)   Evacuate Collection Set: 6.1ms
[2021-08-22T19:25:28.831+0000][gc,phases    ] GC(0)   Post Evacuate Collection Set: 0.7ms
[2021-08-22T19:25:28.831+0000][gc,phases    ] GC(0)   Other: 1.8ms
[2021-08-22T19:25:28.831+0000][gc,heap      ] GC(0) Eden regions: 25->0(21)
[2021-08-22T19:25:28.831+0000][gc,heap      ] GC(0) Survivor regions: 0->4(4)
[2021-08-22T19:25:28.831+0000][gc,heap      ] GC(0) Old regions: 0->2
[2021-08-22T19:25:28.831+0000][gc,heap      ] GC(0) Archive regions: 2->2
[2021-08-22T19:25:28.831+0000][gc,heap      ] GC(0) Humongous regions: 0->0
[2021-08-22T19:25:28.831+0000][gc,metaspace ] GC(0) Metaspace: 7243K(7680K)->7243K(7680K) NonClass: 6407K(6656K)->6407K(6656K) Class: 835K(1024K)->835K(1024K)
[2021-08-22T19:25:28.831+0000][gc           ] GC(0) Pause Young (Normal) (G1 Evacuation Pause) 25M->6M(512M) 9.276ms
[2021-08-22T19:25:28.831+0000][gc,cpu       ] GC(0) User=0.02s Sys=0.01s Real=0.01s
[2021-08-22T19:35:05.570+0000][gc,heap,exit ] Heap
[2021-08-22T19:35:05.575+0000][gc,heap,exit ]  garbage-first heap   total 524288K, used 10314K [0x00000007e0000000, 0x0000000800000000)
[2021-08-22T19:35:05.575+0000][gc,heap,exit ]   region size 1024K, 9 young (9216K), 4 survivors (4096K)
[2021-08-22T19:35:05.575+0000][gc,heap,exit ]  Metaspace       used 7690K, capacity 7994K, committed 8192K, reserved 1056768K
[2021-08-22T19:35:05.575+0000][gc,heap,exit ]   class space    used 865K, capacity 964K, committed 1024K, reserved 1048576K
